replaying ErdosProblems.Erdos877.EnumerationFingerprints
replaying ErdosProblems.Erdos877.EnumerationArithmetic
replaying ErdosProblems.Erdos877.Enumeration
replaying ErdosProblems.Erdos877.SchurHypergraph
replaying ErdosProblems.Erdos877.Asymptotic
replaying ErdosProblems.Erdos877.Binomial
replaying ErdosProblems.Erdos877.DoubleCount
replaying ErdosProblems.Erdos877.EnumerationContainer
replaying ErdosProblems.Erdos877.Core
replaying ErdosProblems.Erdos877.Resolution
replaying ErdosProblems.Erdos877.Deletion
replaying ErdosProblems.Erdos877.EnumerationSupersaturationAlt
replaying ErdosProblems.Erdos877.EnumerationSupersaturation
replaying ErdosProblems.Erdos565.BinomialBounds
replaying ErdosProblems.Erdos565.BoundedDegree
replaying ErdosProblems.Erdos565.ContainerSelector
replaying ErdosProblems.Erdos565.ConditionalDecomposition
replaying ErdosProblems.Erdos565.SpecialLocalization
replaying ErdosProblems.Erdos565.ContainerWeight
replaying ErdosProblems.Erdos565.ProjectionFibers
replaying ErdosProblems.Erdos565.Hypergraph
replaying ErdosProblems.Erdos565.JansonContainer
replaying ErdosProblems.Erdos565.ContainerInvariants
replaying ErdosProblems.Erdos565.SpecialContainerTheorem
replaying ErdosProblems.Erdos565.JensenContradiction
replaying ErdosProblems.Erdos565.FiniteExpectation
replaying ErdosProblems.Erdos565.ContainerA
replaying ErdosProblems.Erdos565.Pullback
replaying ErdosProblems.Erdos565.RandomRestriction
replaying ErdosProblems.Erdos565.FiniteAnalysis
replaying ErdosProblems.Erdos565.ContainerConsistency
replaying ErdosProblems.Erdos565.SpecialContainer
replaying ErdosProblems.Erdos565.ContainerFuel
replaying ErdosProblems.Erdos565.SpecialContainerBridge
replaying ErdosProblems.Erdos565.Janson
replaying ErdosProblems.Erdos565.BernoulliSubsets
replaying ErdosProblems.Erdos76.Kahn
replaying ErdosProblems.Erdos76.FiniteBernoulliLocality
replaying ErdosProblems.Erdos76.Core
replaying ErdosProblems.Erdos76.WeightedHypergraph
replaying ErdosProblems.Erdos76.Fractional
replaying ErdosProblems.Erdos76.FiniteLocalLemma
replaying ErdosProblems.Erdos877
