'CatlinCertificates.eight_colours' does not depend on any axioms
'CatlinCertificates.proper_eight_colouring' does not depend on any axioms
'CatlinCertificates.no_independent_triple' does not depend on any axioms
'CatlinCertificates.finite_budget_certificate' does not depend on any axioms
'CatlinCertificates.budget_bound' does not depend on any axioms
'CatlinCertificates.no_feasible_resource_tuple' does not depend on any axioms
'CatlinComplete.mem_inside' depends on axioms: [propext, Classical.choice, Quot.sound]
'CatlinComplete.card_inside' depends on axioms: [propext, Classical.choice, Quot.sound]
'CatlinComplete.length_ge_two' depends on axioms: [propext, Classical.choice, Quot.sound]
'CatlinComplete.length_ge_three' depends on axioms: [propext, Classical.choice, Quot.sound]
'CatlinComplete.demand_le_inside' depends on axioms: [propext, Classical.choice, Quot.sound]
'CatlinComplete.profile_certificate' depends on axioms: [propext, Classical.choice, Quot.sound]
'CatlinComplete.separated_endpoints' depends on axioms: [propext, Quot.sound]
'CatlinComplete.common_in_middle' depends on axioms: [propext, Quot.sound]
'CatlinComplete.cluster_size' depends on axioms: [propext, Classical.choice, Quot.sound]
'CatlinComplete.count_le_three' depends on axioms: [propext, Classical.choice, Quot.sound]
'CatlinComplete.sum_counts' depends on axioms: [propext, Classical.choice, Quot.sound]
'CatlinComplete.full_cluster' depends on axioms: [propext, Classical.choice, Quot.sound]
'CatlinComplete.weight_le_demand' depends on axioms: [propext, Classical.choice, Quot.sound]
'CatlinComplete.regroup' depends on axioms: [propext, Classical.choice, Quot.sound]
'CatlinComplete.regroup_twice' depends on axioms: [propext, Classical.choice, Quot.sound]
'CatlinComplete.profileCost_le_budget' depends on axioms: [propext, Classical.choice, Quot.sound]
'CatlinComplete.budget_ge_eight' depends on axioms: [propext, Classical.choice, Quot.sound]
'CatlinComplete.sum_demand_edges' depends on axioms: [propext, Classical.choice, Quot.sound]
'CatlinComplete.total_inside_bound' depends on axioms: [propext, Classical.choice, Quot.sound]
'CatlinComplete.subdivision_budget_bound' depends on axioms: [propext, Classical.choice, Quot.sound]
'CatlinComplete.colour_fiber_card_le_two' depends on axioms: [propext, Classical.choice, Quot.sound]
'CatlinComplete.not_seven_colorable' depends on axioms: [propext, Classical.choice, Quot.sound]
'CatlinComplete.chromaticNumber_eq_eight' depends on axioms: [propext, Classical.choice, Quot.sound]
'CatlinComplete.no_K8_subdivision' depends on axioms: [propext, Classical.choice, Quot.sound]
'CatlinComplete.catlin_counterexample' depends on axioms: [propext, Classical.choice, Quot.sound]
'CatlinComplete.seven_exceptional' depends on axioms: [propext, Classical.choice, Quot.sound]
'CatlinComplete.seven_detour' depends on axioms: [propext]
'CatlinComplete.contains_K7_subdivision' depends on axioms: [propext, Classical.choice, Quot.sound]
'CatlinComplete.containsCliqueSubdivision_antitone' depends on axioms: [propext, Classical.choice, Quot.sound]
'CatlinComplete.containsCliqueSubdivision_iff' depends on axioms: [propext, Classical.choice, Quot.sound]
'CatlinComplete.sharp_catlin_counterexample' depends on axioms: [propext, Classical.choice, Quot.sound]
'JSP000585.edge_left_mem' depends on axioms: [propext, Classical.choice, Quot.sound]
'JSP000585.edge_right_mem' depends on axioms: [propext, Classical.choice, Quot.sound]
'JSP000585.edge_lt' depends on axioms: [propext, Classical.choice, Quot.sound]
'JSP000585.card_branchSet' depends on axioms: [propext, Classical.choice, Quot.sound]
'JSP000585.mem_branchSet' depends on axioms: [propext, Classical.choice, Quot.sound]
'JSP000585.branch_branchLabel' depends on axioms: [propext, Classical.choice, Quot.sound]
'JSP000585.labels_ne' depends on axioms: [propext, Classical.choice, Quot.sound]
'JSP000585.indexedEdge_injective' depends on axioms: [propext, Classical.choice, Quot.sound]
'JSP000585.convertedPath_isPath' depends on axioms: [propext, Classical.choice, Quot.sound]
'JSP000585.inside_convertedPath' depends on axioms: [propext, Classical.choice, Quot.sound]
'JSP000585.containsSubdivision_iff_indexed' depends on axioms: [propext, Classical.choice, Quot.sound]
'JSP000585.subdivisionModels_iff' depends on axioms: [propext, Classical.choice, Quot.sound]
'JSP000585.catlin_subdivision_iff' depends on axioms: [propext, Classical.choice, Quot.sound]
'JSP000585.catlin_sigma_eq_seven' depends on axioms: [propext, Classical.choice, Quot.sound]
'JSP000585.catlin_chi_eq_eight' depends on axioms: [propext, Classical.choice, Quot.sound]
'JSP000585.catlin_ratio_eq' depends on axioms: [propext, Classical.choice, Quot.sound]
'JSP000585.catlin_ratio_gt_one' depends on axioms: [propext, Classical.choice, Quot.sound]
'JSP000585.exists_universal_ratio_bound' depends on axioms: [propext, Classical.choice, Quot.sound]
'JSP000585.ratio_range_bddAbove' depends on axioms: [propext, Classical.choice, Quot.sound]
'JSP000585.extremal_upper_bound' depends on axioms: [propext, Classical.choice, Quot.sound]
'JSP000585.catlin_extremal_lower_bound' depends on axioms: [propext, Classical.choice, Quot.sound]
'JSP000585.catlin_constant_lower_bound' depends on axioms: [propext, Classical.choice, Quot.sound]
'JSP000585.jsp_000585' depends on axioms: [propext, Classical.choice, Quot.sound]
'Erdos717.erdos_717' depends on axioms: [propext, Classical.choice, Quot.sound]
