replaying ErdosProblems.Erdos717
replaying ErdosProblems.Erdos599.Countable
replaying ErdosProblems.Erdos717.ThomasWollanMassed
replaying ErdosProblems.Erdos717.ShortPathReservoir
replaying ErdosProblems.Erdos717.NestedTorso
replaying ErdosProblems.Erdos717.ReservoirSubdivision
replaying ErdosProblems.Erdos717.GreedySelection
replaying ErdosProblems.Erdos717.ClaimTwo
replaying ErdosProblems.Erdos717.ContractRigidity
replaying ErdosProblems.Erdos717.SparseDenseStep
replaying ErdosProblems.Erdos717.SparseHighStep
replaying ErdosProblems.Erdos717.OptimalReservoir
replaying ErdosProblems.Erdos717.NoSmallRigid
replaying ErdosProblems.Erdos717.GlobalArithmetic
replaying ErdosProblems.Erdos717.SparseParameters
replaying ErdosProblems.Erdos717.ReservoirArithmetic
replaying ErdosProblems.Erdos717.DenseNeighborhood
replaying ErdosProblems.Erdos717.DenseLogArithmetic
replaying ErdosProblems.Erdos717.RestrictLinkage
replaying ErdosProblems.Erdos717.RouteReservoir
replaying ErdosProblems.Erdos717.NeighborhoodPattern
replaying ErdosProblems.Erdos717.SparseHighDensity
replaying ErdosProblems.Erdos717.NoIsolated
replaying ErdosProblems.Erdos717.TerminalCompletion
replaying ErdosProblems.Erdos717.DensityTheorem
replaying ErdosProblems.Erdos717.LeftTorsoMass
replaying ErdosProblems.Erdos717.SubsetSampling
replaying ErdosProblems.Erdos717.LocalIndependence
replaying ErdosProblems.Erdos717.DenseMinor
replaying ErdosProblems.Erdos717.SparseInduction
replaying ErdosProblems.Erdos717.NearlyComplete
replaying ErdosProblems.Erdos717.MassedContraction
replaying ErdosProblems.Erdos717.NoRigid
replaying ErdosProblems.Erdos717.InduceLinkage
replaying ErdosProblems.Erdos717.DenseReservoir
replaying ErdosProblems.Erdos717.DependentRandomChoice
replaying ErdosProblems.Erdos717.RouteAssembly
replaying ErdosProblems.Erdos717.SparseInductionArithmetic
replaying ErdosProblems.Erdos717.ThomasWollan
replaying ErdosProblems.Erdos717.TorsoExpansion
replaying ErdosProblems.Erdos717.ContractLinkage
replaying ErdosProblems.Erdos717.MassedLinkage
replaying ErdosProblems.Erdos717.DensePotential
replaying ErdosProblems.Erdos717.EmbeddedLinkage
replaying ErdosProblems.Erdos717.MinimalMassed
replaying ErdosProblems.Erdos717.TorsoLinkage
replaying ErdosProblems.Erdos717.SparseDensity
replaying ErdosProblems.Erdos717.FullArms
replaying ErdosProblems.Erdos717.DenseStep
replaying ErdosProblems.Erdos717.GlueLinkage
replaying ErdosProblems.Erdos717.MaximumCut
replaying ErdosProblems.Erdos717.RigidSeparation
replaying ErdosProblems.Erdos717.SparseLogArithmetic
replaying ErdosProblems.Erdos717.ReservoirCleanup
replaying ErdosProblems.Erdos717.DegreePruning
replaying ErdosProblems.Erdos718.Erdos718Core
