2026-09-17T03:04:05.6784623Z Current runner version: '2.337.0'
2026-09-17T03:04:05.6809532Z ##[group]Runner Image Provisioner
2026-09-17T03:04:05.6810386Z Hosted Compute Agent
2026-09-17T03:04:05.6811067Z Version: 20260828.587
2026-09-17T03:04:05.6811759Z Commit: abac92662cab4cc7352de4f9f9d2e2419aad9c29
2026-09-17T03:04:05.6812605Z Build Date: 2026-08-28T16:44:25Z
2026-09-17T03:04:05.6813396Z Worker ID: {4b9fb0df-6119-416c-a3c3-634dcfbd1e6f}
2026-09-17T03:04:05.6814159Z Azure Region: northcentralus
2026-09-17T03:04:05.6814845Z ##[endgroup]
2026-09-17T03:04:05.6816188Z ##[group]Operating System
2026-09-17T03:04:05.6816867Z Ubuntu
2026-09-17T03:04:05.6817491Z 24.04.5
2026-09-17T03:04:05.6818039Z LTS
2026-09-17T03:04:05.6818804Z ##[endgroup]
2026-09-17T03:04:05.6819468Z ##[group]Runner Image
2026-09-17T03:04:05.6820176Z Image: ubuntu-24.04
2026-09-17T03:04:05.6820852Z Version: 20260907.300.1
2026-09-17T03:04:05.6822153Z Included Software: https://github.com/actions/runner-images/blob/ubuntu24/20260907.300/images/ubuntu/Ubuntu2404-Readme.md
2026-09-17T03:04:05.6824151Z Image Release: https://github.com/actions/runner-images/releases/tag/ubuntu24%2F20260907.300
2026-09-17T03:04:05.6825151Z ##[endgroup]
2026-09-17T03:04:05.6826367Z ##[group]GITHUB_TOKEN Permissions
2026-09-17T03:04:05.6828746Z Contents: read
2026-09-17T03:04:05.6829468Z Metadata: read
2026-09-17T03:04:05.6830096Z ##[endgroup]
2026-09-17T03:04:05.6832297Z Secret source: Actions
2026-09-17T03:04:05.6833317Z Cache mode: write
2026-09-17T03:04:05.6834329Z Prepare workflow directory
2026-09-17T03:04:05.7233670Z Prepare all required actions
2026-09-17T03:04:05.7281760Z Getting action download info
2026-09-17T03:04:05.9500852Z Download action repository 'actions/checkout@11d5960a326750d5838078e36cf38b85af677262' (SHA:11d5960a326750d5838078e36cf38b85af677262)
2026-09-17T03:04:06.0343595Z Download action repository 'actions/upload-artifact@ea165f8d65b6e75b540449e92b4886f43607fa02' (SHA:ea165f8d65b6e75b540449e92b4886f43607fa02)
2026-09-17T03:04:06.2456524Z Complete job name: upper-density
2026-09-17T03:04:06.3212548Z Node 20 is being deprecated. This workflow is running with Node 24 by default. If you need to temporarily use Node 20, you can set the ACTIONS_ALLOW_USE_UNSECURE_NODE_VERSION=true environment variable. For more information see: https://github.blog/changelog/2025-09-19-deprecation-of-node-20-on-github-actions-runners/
2026-09-17T03:04:06.3221771Z ##[group]Run actions/checkout@11d5960a326750d5838078e36cf38b85af677262
2026-09-17T03:04:06.3222654Z with:
2026-09-17T03:04:06.3223110Z   persist-credentials: false
2026-09-17T03:04:06.3223680Z   repository: ketianzhang1-lang/jsp-000301-lean
2026-09-17T03:04:06.3227575Z   token: ***
2026-09-17T03:04:06.3228018Z   ssh-strict: true
2026-09-17T03:04:06.3228634Z   ssh-user: git
2026-09-17T03:04:06.3229064Z   clean: true
2026-09-17T03:04:06.3229514Z   sparse-checkout-cone-mode: true
2026-09-17T03:04:06.3230044Z   fetch-depth: 1
2026-09-17T03:04:06.3230481Z   fetch-tags: false
2026-09-17T03:04:06.3230932Z   show-progress: true
2026-09-17T03:04:06.3231445Z   lfs: false
2026-09-17T03:04:06.3231872Z   submodules: false
2026-09-17T03:04:06.3232328Z   set-safe-directory: true
2026-09-17T03:04:06.3232829Z   allow-unsafe-pr-checkout: false
2026-09-17T03:04:06.3233514Z ##[endgroup]
2026-09-17T03:04:06.4244999Z Syncing repository: ketianzhang1-lang/jsp-000301-lean
2026-09-17T03:04:06.4247925Z ##[group]Getting Git version info
2026-09-17T03:04:06.4249360Z Working directory is '/home/runner/work/jsp-000301-lean/jsp-000301-lean'
2026-09-17T03:04:06.4251194Z [command]/usr/bin/git version
2026-09-17T03:04:06.4299086Z git version 2.55.0
2026-09-17T03:04:06.4318563Z ##[endgroup]
2026-09-17T03:04:06.4332223Z Temporarily overriding HOME='/home/runner/work/_temp/15adacaf-556a-44f4-a92e-2937a2cb5af1' before making global git config changes
2026-09-17T03:04:06.4334451Z Adding repository directory to the temporary git global config as a safe directory
2026-09-17T03:04:06.4337144Z [command]/usr/bin/git config --global --add safe.directory /home/runner/work/jsp-000301-lean/jsp-000301-lean
2026-09-17T03:04:06.4393545Z Deleting the contents of '/home/runner/work/jsp-000301-lean/jsp-000301-lean'
2026-09-17T03:04:06.4399844Z ##[group]Initializing the repository
2026-09-17T03:04:06.4402733Z [command]/usr/bin/git init /home/runner/work/jsp-000301-lean/jsp-000301-lean
2026-09-17T03:04:06.4486260Z hint: Using 'master' as the name for the initial branch. This default branch name
2026-09-17T03:04:06.4487518Z hint: will change to "main" in Git 3.0. To configure the initial branch name
2026-09-17T03:04:06.4488921Z hint: to use in all of your new repositories, which will suppress this warning,
2026-09-17T03:04:06.4489715Z hint: call:
2026-09-17T03:04:06.4490131Z hint:
2026-09-17T03:04:06.4490654Z hint: 	git config --global init.defaultBranch <name>
2026-09-17T03:04:06.4491281Z hint:
2026-09-17T03:04:06.4491861Z hint: Names commonly chosen instead of 'master' are 'main', 'trunk' and
2026-09-17T03:04:06.4492778Z hint: 'development'. The just-created branch can be renamed via this command:
2026-09-17T03:04:06.4493556Z hint:
2026-09-17T03:04:06.4493986Z hint: 	git branch -m <name>
2026-09-17T03:04:06.4494492Z hint:
2026-09-17T03:04:06.4495126Z hint: Disable this message with "git config set advice.defaultBranchName false"
2026-09-17T03:04:06.4501168Z Initialized empty Git repository in /home/runner/work/jsp-000301-lean/jsp-000301-lean/.git/
2026-09-17T03:04:06.4510137Z [command]/usr/bin/git remote add origin https://github.com/ketianzhang1-lang/jsp-000301-lean
2026-09-17T03:04:06.4554276Z ##[endgroup]
2026-09-17T03:04:06.4555480Z ##[group]Disabling automatic garbage collection
2026-09-17T03:04:06.4559777Z [command]/usr/bin/git config --local gc.auto 0
2026-09-17T03:04:06.4593377Z ##[endgroup]
2026-09-17T03:04:06.4594500Z ##[group]Setting up auth
2026-09-17T03:04:06.4600627Z [command]/usr/bin/git config --local --name-only --get-regexp core\.sshCommand
2026-09-17T03:04:06.4635774Z [command]/usr/bin/git submodule foreach --recursive sh -c "git config --local --name-only --get-regexp 'core\.sshCommand' && git config --local --unset-all 'core.sshCommand' || :"
2026-09-17T03:04:06.4988128Z [command]/usr/bin/git config --local --name-only --get-regexp http\.https\:\/\/github\.com\/\.extraheader
2026-09-17T03:04:06.5031006Z [command]/usr/bin/git submodule foreach --recursive sh -c "git config --local --name-only --get-regexp 'http\.https\:\/\/github\.com\/\.extraheader' && git config --local --unset-all 'http.https://github.com/.extraheader' || :"
2026-09-17T03:04:06.5279282Z [command]/usr/bin/git config --local --name-only --get-regexp ^includeIf\.gitdir:
2026-09-17T03:04:06.5326641Z [command]/usr/bin/git submodule foreach --recursive git config --local --show-origin --name-only --get-regexp remote.origin.url
2026-09-17T03:04:06.5603039Z [command]/usr/bin/git config --local http.https://github.com/.extraheader AUTHORIZATION: basic ***
2026-09-17T03:04:06.5656725Z ##[endgroup]
2026-09-17T03:04:06.5657515Z ##[group]Fetching the repository
2026-09-17T03:04:06.5669765Z [command]/usr/bin/git -c protocol.version=2 fetch --no-tags --prune --no-recurse-submodules --depth=1 origin +fa8d6aa86daec50064d92872d1b366ff9869b573:refs/remotes/origin/jsp-000617-complete-prep
2026-09-17T03:04:06.9483366Z From https://github.com/ketianzhang1-lang/jsp-000301-lean
2026-09-17T03:04:06.9485001Z  * [new ref]         fa8d6aa86daec50064d92872d1b366ff9869b573 -> origin/jsp-000617-complete-prep
2026-09-17T03:04:06.9488119Z ##[endgroup]
2026-09-17T03:04:06.9489528Z ##[group]Determining the checkout info
2026-09-17T03:04:06.9491834Z ##[endgroup]
2026-09-17T03:04:06.9498058Z [command]/usr/bin/git sparse-checkout disable
2026-09-17T03:04:06.9548447Z [command]/usr/bin/git config --local --unset-all extensions.worktreeConfig
2026-09-17T03:04:06.9582498Z ##[group]Checking out the ref
2026-09-17T03:04:06.9587410Z [command]/usr/bin/git checkout --progress --force -B jsp-000617-complete-prep refs/remotes/origin/jsp-000617-complete-prep
2026-09-17T03:04:06.9713244Z Switched to a new branch 'jsp-000617-complete-prep'
2026-09-17T03:04:06.9718825Z branch 'jsp-000617-complete-prep' set up to track 'origin/jsp-000617-complete-prep'.
2026-09-17T03:04:06.9723462Z ##[endgroup]
2026-09-17T03:04:06.9765725Z [command]/usr/bin/git log -1 --format=%H
2026-09-17T03:04:06.9794189Z fa8d6aa86daec50064d92872d1b366ff9869b573
2026-09-17T03:04:06.9803536Z ##[group]Removing auth
2026-09-17T03:04:06.9807189Z [command]/usr/bin/git config --local --name-only --get-regexp core\.sshCommand
2026-09-17T03:04:06.9841440Z [command]/usr/bin/git submodule foreach --recursive sh -c "git config --local --name-only --get-regexp 'core\.sshCommand' && git config --local --unset-all 'core.sshCommand' || :"
2026-09-17T03:04:07.0079576Z [command]/usr/bin/git config --local --name-only --get-regexp http\.https\:\/\/github\.com\/\.extraheader
2026-09-17T03:04:07.0109291Z http.https://github.com/.extraheader
2026-09-17T03:04:07.0115887Z [command]/usr/bin/git config --local --unset-all http.https://github.com/.extraheader
2026-09-17T03:04:07.0152544Z [command]/usr/bin/git submodule foreach --recursive sh -c "git config --local --name-only --get-regexp 'http\.https\:\/\/github\.com\/\.extraheader' && git config --local --unset-all 'http.https://github.com/.extraheader' || :"
2026-09-17T03:04:07.0387599Z [command]/usr/bin/git config --local --name-only --get-regexp ^includeIf\.gitdir:
2026-09-17T03:04:07.0422335Z [command]/usr/bin/git submodule foreach --recursive git config --local --show-origin --name-only --get-regexp remote.origin.url
2026-09-17T03:04:07.0670473Z ##[endgroup]
2026-09-17T03:04:07.0895454Z ##[group]Run set -euo pipefail
2026-09-17T03:04:07.0896226Z [36;1mset -euo pipefail[0m
2026-09-17T03:04:07.0897353Z [36;1mcurl -sSf https://elan.lean-lang.org/elan-init.sh | sh -s -- -y --default-toolchain none[0m
2026-09-17T03:04:07.0898933Z [36;1mecho "$HOME/.elan/bin" >> "$GITHUB_PATH"[0m
2026-09-17T03:04:07.0899913Z [36;1m"$HOME/.elan/bin/elan" toolchain install "$(cat lean-toolchain)"[0m
2026-09-17T03:04:07.0945510Z shell: /usr/bin/bash --noprofile --norc -e -o pipefail {0}
2026-09-17T03:04:07.0946402Z ##[endgroup]
2026-09-17T03:04:07.3744230Z info: downloading installer
2026-09-17T03:04:07.9877323Z info: downloading https://releases.lean-lang.org/lean4/v4.34.0/lean-4.34.0-linux.tar.zst
2026-09-17T03:04:11.2726145Z info: installing /home/runner/.elan/toolchains/leanprover--lean4---v4.34.0
2026-09-17T03:04:18.4764851Z 
2026-09-17T03:04:18.5161265Z leanprover/lean4:v4.34.0 installed - Lean (version 4.34.0, x86_64-unknown-linux-gnu, commit 293d5d0c0c3f3dded4688b3ccd6a33939ac5102b, Release)
2026-09-17T03:04:18.5162465Z 
2026-09-17T03:04:18.5220259Z ##[group]Run lake exe cache get
2026-09-17T03:04:18.5220639Z [36;1mlake exe cache get[0m
2026-09-17T03:04:18.5265417Z shell: /usr/bin/bash --noprofile --norc -e -o pipefail {0}
2026-09-17T03:04:18.5265855Z ##[endgroup]
2026-09-17T03:04:19.5097907Z info: mathlib: cloning https://github.com/leanprover-community/mathlib4
2026-09-17T03:04:50.7228985Z info: mathlib: checking out revision '5ed2965256430c3649e86755f9576b54eca72435'
2026-09-17T03:04:51.8821778Z info: plausible: cloning https://github.com/leanprover-community/plausible
2026-09-17T03:04:52.1967718Z info: plausible: checking out revision '118aa17ee84656b8bd727fef7c458ee8c833385c'
2026-09-17T03:04:52.2113057Z info: LeanSearchClient: cloning https://github.com/leanprover-community/LeanSearchClient
2026-09-17T03:04:52.5334082Z info: LeanSearchClient: checking out revision 'ddf04cf3949fa556442341e87d47f9f6e6074707'
2026-09-17T03:04:52.5468704Z info: importGraph: cloning https://github.com/leanprover-community/import-graph
2026-09-17T03:04:52.9388579Z info: importGraph: checking out revision 'e928b72544873815af278d38681b31c0293588e3'
2026-09-17T03:04:52.9548841Z info: proofwidgets: cloning https://github.com/leanprover-community/ProofWidgets4
2026-09-17T03:04:53.6371165Z info: proofwidgets: checking out revision '106ff4fafc74ef4ac99d81dbf3ab399118f497a5'
2026-09-17T03:04:54.2553744Z info: aesop: cloning https://github.com/leanprover-community/aesop
2026-09-17T03:04:55.1007305Z info: aesop: checking out revision '355695d523e41d0554926416cba2a2b3544fbbc9'
2026-09-17T03:04:55.1198733Z info: Qq: cloning https://github.com/leanprover-community/quote4
2026-09-17T03:04:55.5238768Z info: Qq: checking out revision '6a489d9af5d0c47e5b259e2e8bcdfc1811b5a259'
2026-09-17T03:04:55.5382790Z info: batteries: cloning https://github.com/leanprover-community/batteries
2026-09-17T03:05:03.3425282Z info: batteries: checking out revision 'f2effa3d803fda822b1f97b806c47cf2adfbcbc2'
2026-09-17T03:05:03.3654794Z info: Cli: cloning https://github.com/leanprover/lean4-cli
2026-09-17T03:05:03.7347549Z info: Cli: checking out revision 'e92c9f15fdfacc8536f31cfb3b7ad26c3c8cd204'
2026-09-17T03:05:04.1504554Z ✔ [1/5] Built Cache.Cli (365ms)
2026-09-17T03:05:04.2505247Z ✔ [2/5] Built Cache.Lean (437ms)
2026-09-17T03:05:07.8549547Z ✔ [7/42] Built Cache.Cli:c.o (223ms)
2026-09-17T03:05:07.8550651Z ✔ [8/42] Built Cache.Lean:c.o (251ms)
2026-09-17T03:05:07.9570516Z ✔ [10/42] Built Cache.Env (421ms)
2026-09-17T03:05:08.2563633Z ✔ [11/42] Built Cache.Env:c.o (218ms)
2026-09-17T03:05:08.5573521Z ✔ [12/42] Built Cache.Infra (560ms)
2026-09-17T03:05:08.7576243Z ✔ [13/42] Built Cache.Infra:c.o (251ms)
2026-09-17T03:05:09.1589865Z ✔ [14/42] Built Cache.IO (1.6s)
2026-09-17T03:05:10.0582969Z ✔ [15/42] Built Cache.Hashing (831ms)
2026-09-17T03:05:10.4588423Z ✔ [16/42] Built Cache.Hashing:c.o (435ms)
2026-09-17T03:05:10.9594625Z ✔ [17/42] Built Cache.IO:c.o (1.8s)
2026-09-17T03:05:11.9604575Z ✔ [18/42] Built Cache.Requests (1.9s)
2026-09-17T03:05:12.5633319Z ✔ [19/42] Built Cache.Marker (576ms)
2026-09-17T03:05:12.7659882Z ✔ [20/42] Built Cache.Marker:c.o (232ms)
2026-09-17T03:05:13.4692416Z ✔ [21/42] Built Cache.Upload.Dest (954ms)
2026-09-17T03:05:13.4708877Z ✔ [22/42] Built Cache.Query (903ms)
2026-09-17T03:05:13.6666879Z ✔ [23/42] Built Cache.Upload.Dest:c.o (212ms)
2026-09-17T03:05:13.8662075Z ✔ [24/42] Built Cache.Query:c.o (431ms)
2026-09-17T03:05:14.5709884Z ✔ [25/42] Built Cache.Warning (1.1s)
2026-09-17T03:05:14.6745147Z ✔ [26/42] Built Cache.Upload.Rclone (1.0s)
2026-09-17T03:05:14.8759788Z ✔ [27/42] Built Cache.Upload.Curl (1.0s)
2026-09-17T03:05:14.9743557Z ✔ [28/42] Built Cache.Upload.Rclone:c.o (270ms)
2026-09-17T03:05:14.9769165Z ✔ [29/42] Built Cache.Warning:c.o (390ms)
2026-09-17T03:05:15.1769897Z ✔ [30/42] Built Cache.Upload.Curl:c.o (272ms)
2026-09-17T03:05:15.4750741Z ✔ [31/42] Built Cache.Requests:c.o (3.5s)
2026-09-17T03:05:15.7756988Z ✔ [32/42] Built Cache.Upload.Azure (819ms)
2026-09-17T03:05:15.8771877Z ✔ [33/42] Built Cache.Upload.S3 (898ms)
2026-09-17T03:05:15.8805701Z ✔ [34/42] Built Cache.Upload.Azure:c.o (158ms)
2026-09-17T03:05:16.1764240Z ✔ [35/42] Built Cache.Upload.S3:c.o (327ms)
2026-09-17T03:05:16.4768152Z ✔ [36/42] Built Cache.Upload.Defs (606ms)
2026-09-17T03:05:16.6770640Z ✔ [37/42] Built Cache.Upload.Defs:c.o (156ms)
2026-09-17T03:05:17.0764849Z ✔ [38/42] Built Cache.Upload (561ms)
2026-09-17T03:05:17.1765905Z ✔ [39/42] Built Cache.Upload:c.o (122ms)
2026-09-17T03:05:18.1776655Z ✔ [40/42] Built Cache.Main (1.1s)
2026-09-17T03:05:19.0789550Z ✔ [41/42] Built Cache.Main:c.o (882ms)
2026-09-17T03:05:19.7796179Z ✔ [42/42] Built cache:exe (749ms)
2026-09-17T03:05:22.9785605Z Current branch: HEAD
2026-09-17T03:05:22.9786516Z Using cache from origin: (some leanprover-community/mathlib4)
2026-09-17T03:05:22.9787568Z Attempting to download 8908 file(s) from leanprover-community/mathlib4 cache at https://cache.mathlib.org/mathlib4-master
2026-09-17T03:05:23.2131836Z 
2026-09-17T03:05:23.3160943Z Downloaded: 1 file(s) [attempted 1/8908 = 0%, 83 KB/s], Decompressed: 0
2026-09-17T03:05:23.4149617Z Downloaded: 89 file(s) [attempted 89/8908 = 0%, 1248 KB/s], Decompressed: 5
2026-09-17T03:05:23.5175092Z Downloaded: 202 file(s) [attempted 202/8908 = 2%, 917 KB/s], Decompressed: 29
2026-09-17T03:05:23.6229281Z Downloaded: 315 file(s) [attempted 315/8908 = 3%, 501 KB/s], Decompressed: 29
2026-09-17T03:05:23.7233155Z Downloaded: 431 file(s) [attempted 431/8908 = 4%, 261 KB/s], Decompressed: 29
2026-09-17T03:05:23.8310604Z Downloaded: 534 file(s) [attempted 534/8908 = 5%, 451 KB/s], Decompressed: 125
2026-09-17T03:05:23.9301641Z Downloaded: 642 file(s) [attempted 642/8908 = 7%, 563 KB/s], Decompressed: 125
2026-09-17T03:05:24.0327565Z Downloaded: 761 file(s) [attempted 761/8908 = 8%, 1132 KB/s], Decompressed: 125
2026-09-17T03:05:24.1334254Z Downloaded: 844 file(s) [attempted 844/8908 = 9%, 68 KB/s], Decompressed: 125
2026-09-17T03:05:24.2371737Z Downloaded: 962 file(s) [attempted 962/8908 = 10%, 204 KB/s], Decompressed: 125
2026-09-17T03:05:24.3364626Z Downloaded: 1065 file(s) [attempted 1065/8908 = 11%, 2711 KB/s], Decompressed: 125
2026-09-17T03:05:24.4495966Z Downloaded: 1183 file(s) [attempted 1183/8908 = 13%, 274 KB/s], Decompressed: 125
2026-09-17T03:05:24.5555913Z Downloaded: 1284 file(s) [attempted 1284/8908 = 14%, 515 KB/s], Decompressed: 125
2026-09-17T03:05:24.6530674Z Downloaded: 1356 file(s) [attempted 1356/8908 = 15%, 529 KB/s], Decompressed: 125
2026-09-17T03:05:24.7549173Z Downloaded: 1471 file(s) [attempted 1471/8908 = 16%, 1780 KB/s], Decompressed: 125
2026-09-17T03:05:24.8524420Z Downloaded: 1582 file(s) [attempted 1582/8908 = 17%, 480 KB/s], Decompressed: 125
2026-09-17T03:05:24.9552144Z Downloaded: 1685 file(s) [attempted 1685/8908 = 18%, 342 KB/s], Decompressed: 481
2026-09-17T03:05:25.0689627Z Downloaded: 1769 file(s) [attempted 1769/8908 = 19%, 1616 KB/s], Decompressed: 481
2026-09-17T03:05:25.1680323Z Downloaded: 1876 file(s) [attempted 1877/8908 = 21%, 354 KB/s], Decompressed: 481
2026-09-17T03:05:25.2688025Z Downloaded: 1994 file(s) [attempted 1995/8908 = 22%, 164 KB/s], Decompressed: 481
2026-09-17T03:05:25.3699571Z Downloaded: 2104 file(s) [attempted 2105/8908 = 23%, 5592 KB/s], Decompressed: 481
2026-09-17T03:05:25.4769675Z Downloaded: 2244 file(s) [attempted 2245/8908 = 25%, 1712 KB/s], Decompressed: 481
2026-09-17T03:05:25.5769695Z Downloaded: 2385 file(s) [attempted 2386/8908 = 26%, 2423 KB/s], Decompressed: 481
2026-09-17T03:05:25.6763373Z Downloaded: 2513 file(s) [attempted 2514/8908 = 28%, 1944 KB/s], Decompressed: 481
2026-09-17T03:05:25.7783936Z Downloaded: 2654 file(s) [attempted 2655/8908 = 29%, 2163 KB/s], Decompressed: 481
2026-09-17T03:05:25.8829510Z Downloaded: 2760 file(s) [attempted 2761/8908 = 30%, 3099 KB/s], Decompressed: 481
2026-09-17T03:05:25.9856678Z Downloaded: 2885 file(s) [attempted 2886/8908 = 32%, 399 KB/s], Decompressed: 481
2026-09-17T03:05:26.1109627Z Downloaded: 2993 file(s) [attempted 2994/8908 = 33%, 1134 KB/s], Decompressed: 481
2026-09-17T03:05:26.2101992Z Downloaded: 3156 file(s) [attempted 3157/8908 = 35%, 1688 KB/s], Decompressed: 481
2026-09-17T03:05:26.3129071Z Downloaded: 3284 file(s) [attempted 3285/8908 = 36%, 2702 KB/s], Decompressed: 481
2026-09-17T03:05:26.4151107Z Downloaded: 3416 file(s) [attempted 3417/8908 = 38%, 738 KB/s], Decompressed: 481
2026-09-17T03:05:26.5149496Z Downloaded: 3555 file(s) [attempted 3556/8908 = 39%, 1870 KB/s], Decompressed: 481
2026-09-17T03:05:26.6177442Z Downloaded: 3697 file(s) [attempted 3698/8908 = 41%, 2295 KB/s], Decompressed: 481
2026-09-17T03:05:26.7183782Z Downloaded: 3802 file(s) [attempted 3803/8908 = 42%, 5249 KB/s], Decompressed: 481
2026-09-17T03:05:26.8269654Z Downloaded: 3942 file(s) [attempted 3943/8908 = 44%, 1614 KB/s], Decompressed: 481
2026-09-17T03:05:26.9236454Z Downloaded: 4069 file(s) [attempted 4070/8908 = 45%, 2306 KB/s], Decompressed: 481
2026-09-17T03:05:27.0258879Z Downloaded: 4153 file(s) [attempted 4154/8908 = 46%, 100 KB/s], Decompressed: 481
2026-09-17T03:05:27.1329747Z Downloaded: 4264 file(s) [attempted 4265/8908 = 47%, 609 KB/s], Decompressed: 481
2026-09-17T03:05:27.2396998Z Downloaded: 4367 file(s) [attempted 4368/8908 = 49%, 292 KB/s], Decompressed: 481
2026-09-17T03:05:27.3419691Z Downloaded: 4439 file(s) [attempted 4440/8908 = 49%, 1874 KB/s], Decompressed: 481
2026-09-17T03:05:27.4397044Z Downloaded: 4593 file(s) [attempted 4594/8908 = 51%, 1492 KB/s], Decompressed: 481
2026-09-17T03:05:27.5392958Z Downloaded: 4706 file(s) [attempted 4707/8908 = 52%, 418 KB/s], Decompressed: 481
2026-09-17T03:05:27.6461146Z Downloaded: 4821 file(s) [attempted 4822/8908 = 54%, 1887 KB/s], Decompressed: 481
2026-09-17T03:05:27.7529955Z Downloaded: 4943 file(s) [attempted 4944/8908 = 55%, 486 KB/s], Decompressed: 481
2026-09-17T03:05:27.8479027Z Downloaded: 5060 file(s) [attempted 5061/8908 = 56%, 393 KB/s], Decompressed: 481
2026-09-17T03:05:27.9890830Z Downloaded: 5137 file(s) [attempted 5138/8908 = 57%, 289 KB/s], Decompressed: 481
2026-09-17T03:05:28.0915843Z Downloaded: 5246 file(s) [attempted 5247/8908 = 58%, 377 KB/s], Decompressed: 481
2026-09-17T03:05:28.1931099Z Downloaded: 5376 file(s) [attempted 5377/8908 = 60%, 238 KB/s], Decompressed: 481
2026-09-17T03:05:28.2989574Z Downloaded: 5423 file(s) [attempted 5424/8908 = 60%, 47 KB/s], Decompressed: 481
2026-09-17T03:05:28.4013116Z Downloaded: 5550 file(s) [attempted 5552/8908 = 62%, 334 KB/s], Decompressed: 481
2026-09-17T03:05:28.5829664Z Downloaded: 5627 file(s) [attempted 5629/8908 = 63%, 1152 KB/s], Decompressed: 481
2026-09-17T03:05:28.7387814Z Downloaded: 5723 file(s) [attempted 5725/8908 = 64%, 94 KB/s], Decompressed: 481
2026-09-17T03:05:28.8414457Z Downloaded: 5821 file(s) [attempted 5823/8908 = 65%, 665 KB/s], Decompressed: 481
2026-09-17T03:05:28.9939798Z Downloaded: 5944 file(s) [attempted 5946/8908 = 66%, 161 KB/s], Decompressed: 481
2026-09-17T03:05:29.1325295Z Downloaded: 6040 file(s) [attempted 6042/8908 = 67%, 1753 KB/s], Decompressed: 481
2026-09-17T03:05:29.2329944Z Downloaded: 6139 file(s) [attempted 6141/8908 = 68%, 195 KB/s], Decompressed: 481
2026-09-17T03:05:29.3359539Z Downloaded: 6245 file(s) [attempted 6247/8908 = 70%, 646 KB/s], Decompressed: 481
2026-09-17T03:05:29.4910843Z Downloaded: 6379 file(s) [attempted 6381/8908 = 71%, 841 KB/s], Decompressed: 481
2026-09-17T03:05:29.5911019Z Downloaded: 6439 file(s) [attempted 6441/8908 = 72%, 1965 KB/s], Decompressed: 481
2026-09-17T03:05:29.6915417Z Downloaded: 6571 file(s) [attempted 6573/8908 = 73%, 584 KB/s], Decompressed: 481
2026-09-17T03:05:29.8092861Z Downloaded: 6638 file(s) [attempted 6640/8908 = 74%, 2239 KB/s], Decompressed: 1635
2026-09-17T03:05:29.9200217Z Downloaded: 6794 file(s) [attempted 6796/8908 = 76%, 1247 KB/s], Decompressed: 1635
2026-09-17T03:05:30.0253471Z Downloaded: 6857 file(s) [attempted 6859/8908 = 76%, 242 KB/s], Decompressed: 1635
2026-09-17T03:05:30.1256312Z Downloaded: 6958 file(s) [attempted 6960/8908 = 78%, 184 KB/s], Decompressed: 1635
2026-09-17T03:05:30.2253274Z Downloaded: 7078 file(s) [attempted 7080/8908 = 79%, 555 KB/s], Decompressed: 1635
2026-09-17T03:05:30.3269866Z Downloaded: 7200 file(s) [attempted 7202/8908 = 80%, 405 KB/s], Decompressed: 1635
2026-09-17T03:05:30.4279686Z Downloaded: 7320 file(s) [attempted 7322/8908 = 82%, 2534 KB/s], Decompressed: 1635
2026-09-17T03:05:30.5260807Z Downloaded: 7452 file(s) [attempted 7454/8908 = 83%, 1017 KB/s], Decompressed: 1635
2026-09-17T03:05:30.6353625Z Downloaded: 7571 file(s) [attempted 7573/8908 = 85%, 473 KB/s], Decompressed: 1635
2026-09-17T03:05:30.7389507Z Downloaded: 7690 file(s) [attempted 7692/8908 = 86%, 808 KB/s], Decompressed: 1635
2026-09-17T03:05:30.8397667Z Downloaded: 7774 file(s) [attempted 7776/8908 = 87%, 176 KB/s], Decompressed: 1635
2026-09-17T03:05:30.9472661Z Downloaded: 7892 file(s) [attempted 7894/8908 = 88%, 608 KB/s], Decompressed: 1635
2026-09-17T03:05:31.0509466Z Downloaded: 8038 file(s) [attempted 8040/8908 = 90%, 6197 KB/s], Decompressed: 1635
2026-09-17T03:05:31.1492325Z Downloaded: 8158 file(s) [attempted 8160/8908 = 91%, 500 KB/s], Decompressed: 1635
2026-09-17T03:05:31.2502849Z Downloaded: 8288 file(s) [attempted 8290/8908 = 93%, 1030 KB/s], Decompressed: 1635
2026-09-17T03:05:31.3653484Z Downloaded: 8403 file(s) [attempted 8405/8908 = 94%, 1872 KB/s], Decompressed: 1635
2026-09-17T03:05:31.4682066Z Downloaded: 8550 file(s) [attempted 8552/8908 = 96%, 2291 KB/s], Decompressed: 1635
2026-09-17T03:05:31.5690204Z Downloaded: 8694 file(s) [attempted 8696/8908 = 97%, 1153 KB/s], Decompressed: 1635
2026-09-17T03:05:31.6351087Z Downloaded: 8812 file(s) [attempted 8814/8908 = 98%, 137 KB/s], Decompressed: 1635
2026-09-17T03:05:31.6369469Z Downloaded: 8906 file(s) [attempted 8908/8908 = 100%, 137 KB/s], Decompressed: 1635
2026-09-17T03:05:31.6389869Z Attempting to download 2 file(s) from leanprover-community/mathlib4 cache at https://cache.mathlib.org/mathlib4
2026-09-17T03:05:31.9582662Z 
2026-09-17T03:05:31.9619489Z Downloaded: 0 file(s) [attempted 1/2 = 50%, 0 KB/s], Decompressed: 1635
2026-09-17T03:05:31.9620245Z Downloaded: 0 file(s) [attempted 2/2 = 100%, 0 KB/s], Decompressed: 1635
2026-09-17T03:05:31.9620971Z Warning: some files were not found in the cache.
2026-09-17T03:05:31.9621740Z This usually means that your local checkout of mathlib4 has diverged from upstream.
2026-09-17T03:05:31.9622195Z 
2026-09-17T03:05:31.9622628Z   * If you push your commits to a PR to the mathlib4 repository
2026-09-17T03:05:31.9623252Z     (use a draft PR if it is not ready for review),
2026-09-17T03:05:31.9623833Z     then CI will build the oleans and they will be available later.
2026-09-17T03:05:31.9624242Z   * If you have already opened a PR, this may mean
2026-09-17T03:05:31.9624677Z     the CI build has failed part-way through building.
2026-09-17T03:05:52.4492629Z Decompressed 8906 file(s)
2026-09-17T03:05:52.4492966Z Already decompressed 8906 file(s)
2026-09-17T03:05:52.5214293Z ##[group]Run bash scripts/verify.sh
2026-09-17T03:05:52.5214775Z [36;1mbash scripts/verify.sh[0m
2026-09-17T03:05:52.5266533Z shell: /usr/bin/bash --noprofile --norc -e -o pipefail {0}
2026-09-17T03:05:52.5267031Z ##[endgroup]
2026-09-17T03:05:57.3647284Z ✔ [3091/3101] Built JSP000617 (2.4s)
2026-09-17T03:05:59.9676664Z ✔ [3093/3103] Built JSP000617Cover (2.6s)
2026-09-17T03:06:02.2705412Z ✔ [3095/3105] Built JSP000617Sparse (2.4s)
2026-09-17T03:06:06.1750217Z ✔ [3097/3107] Built JSP000617Nat (3.8s)
2026-09-17T03:06:12.8830088Z ✔ [3100/3109] Built JSP000617Lift (6.7s)
2026-09-17T03:06:16.3860991Z ✔ [3102/3109] Built JSP000617Packet (3.6s)
2026-09-17T03:06:18.6886911Z ✔ [3104/3109] Built JSP000617Gluing (2.3s)
2026-09-17T03:06:22.7941943Z ✔ [3106/3109] Built JSP000617Stages (4.1s)
2026-09-17T03:06:25.2963418Z ℹ [3108/3109] Built JSP000617Upper (2.4s)
2026-09-17T03:06:25.2964443Z info: JSP000617Upper.lean:121:0: 'JSP000617.upper_density_variant' depends on axioms: [propext, Classical.choice, Quot.sound]
2026-09-17T03:06:25.3001697Z Build completed successfully (3109 jobs).
2026-09-17T03:07:57.7576811Z 'JSP000617.sum_sq_collision' depends on axioms: [propext, Classical.choice, Quot.sound]
2026-09-17T03:07:57.7579091Z 'JSP000617.pairSumFiber_card_le_two' depends on axioms: [propext, Classical.choice, Quot.sound]
2026-09-17T03:07:57.7579999Z 'JSP000617.parabolaSumset_large' depends on axioms: [propext, Classical.choice, Quot.sound]
2026-09-17T03:07:57.7580984Z 'JSP000617.translated_representations_le_two' depends on axioms: [propext, Classical.choice, Quot.sound]
2026-09-17T03:07:57.7582040Z 'JSP000617.curveUnion_representations_le' depends on axioms: [propext, Classical.choice, Quot.sound]
2026-09-17T03:07:57.7582977Z 'JSP000617.sum_misses' depends on axioms: [propext, Classical.choice, Quot.sound]
2026-09-17T03:07:57.7583914Z 'JSP000617.exists_halving_translate' depends on axioms: [propext, Classical.choice, Quot.sound]
2026-09-17T03:07:57.7584886Z 'JSP000617.exists_small_uncovered' depends on axioms: [propext, Classical.choice, Quot.sound]
2026-09-17T03:07:57.7585638Z 'JSP000617.finite_plane_construction' depends on axioms: [propext, Classical.choice, Quot.sound]
2026-09-17T03:07:57.7586242Z 'JSP000617.squareFiber_card_le_two' depends on axioms: [propext, Classical.choice, Quot.sound]
2026-09-17T03:07:57.7586825Z 'JSP000617.translated_row_card_le_two' depends on axioms: [propext, Classical.choice, Quot.sound]
2026-09-17T03:07:57.7587398Z 'JSP000617.curveUnion_row_card_le' depends on axioms: [propext, Classical.choice, Quot.sound]
2026-09-17T03:07:57.7587999Z 'JSP000617.finite_plane_construction_sparse' depends on axioms: [propext, Classical.choice, Quot.sound]
2026-09-17T03:07:57.7588808Z 'JSP000617.natural_base_block' depends on axioms: [propext, Classical.choice, Quot.sound]
2026-09-17T03:07:57.7589632Z 'JSP000617.natural_packet' depends on axioms: [propext, Classical.choice, Quot.sound]
2026-09-17T03:07:57.7590190Z 'JSP000617.cross_reps_le' depends on axioms: [propext, Classical.choice, Quot.sound]
2026-09-17T03:07:57.7590733Z 'JSP000617.separated_extension' depends on axioms: [propext, Classical.choice, Quot.sound]
2026-09-17T03:07:57.7591287Z 'JSP000617.dense_extension' depends on axioms: [propext, Classical.choice, Quot.sound]
2026-09-17T03:07:57.7591891Z 'JSP000617.infinite_representations' depends on axioms: [propext, Classical.choice, Quot.sound]
2026-09-17T03:07:57.7592494Z 'JSP000617.infinite_dense_prefixes' depends on axioms: [propext, Classical.choice, Quot.sound]
2026-09-17T03:07:57.7593064Z 'JSP000617.fixed_upper_density' depends on axioms: [propext, Classical.choice, Quot.sound]
2026-09-17T03:07:57.7593626Z 'JSP000617.upper_density_variant' depends on axioms: [propext, Classical.choice, Quot.sound]
2026-09-17T03:07:57.9566378Z All 22 actual target-axiom reports and locked dependency pins checked.
2026-09-17T03:08:00.7588046Z ##[group]Run set -euo pipefail
2026-09-17T03:08:00.7588635Z [36;1mset -euo pipefail[0m
2026-09-17T03:08:00.7588997Z [36;1mbash scripts/verify_nanoda.sh 2>&1 | tee evidence/nanoda-build.log[0m
2026-09-17T03:08:00.7631675Z shell: /usr/bin/bash --noprofile --norc -e -o pipefail {0}
2026-09-17T03:08:00.7632020Z ##[endgroup]
2026-09-17T03:08:01.1019390Z https://github.com/leanprover/lean4export.git 6cea97789dc088ea47fcea15692db85685aedac5
2026-09-17T03:08:01.4691051Z https://github.com/ammkrn/nanoda_lib.git 4c544ed4099c8227f07d5de77ad1e69fb0740a27
2026-09-17T03:08:03.6150465Z ✔ [2/6] Built Export (2.0s)
2026-09-17T03:08:05.9164939Z ✔ [3/6] Built Export:c.o (2.3s)
2026-09-17T03:08:06.8175195Z ✔ [4/6] Built Main (872ms)
2026-09-17T03:08:07.0178103Z ✔ [5/6] Built Main:c.o (192ms)
2026-09-17T03:08:07.9232679Z ✔ [6/6] Built lean4export:exe (962ms)
2026-09-17T03:08:07.9236616Z Build completed successfully (6 jobs).
2026-09-17T03:08:08.1083072Z     Updating crates.io index
2026-09-17T03:08:08.1976926Z  Downloading crates ...
2026-09-17T03:08:08.2211283Z   Downloaded autocfg v1.1.0
2026-09-17T03:08:08.2255730Z   Downloaded equivalent v1.0.1
2026-09-17T03:08:08.2283059Z   Downloaded cfg-if v1.0.0
2026-09-17T03:08:08.2300438Z   Downloaded rustc-hash v1.1.0
2026-09-17T03:08:08.2310777Z   Downloaded rand_chacha v0.3.1
2026-09-17T03:08:08.2322250Z   Downloaded serde_derive v1.0.228
2026-09-17T03:08:08.2360304Z   Downloaded itoa v1.0.15
2026-09-17T03:08:08.2375631Z   Downloaded num-integer v0.1.46
2026-09-17T03:08:08.2393821Z   Downloaded quote v1.0.35
2026-09-17T03:08:08.2425367Z   Downloaded rand_core v0.6.4
2026-09-17T03:08:08.2440016Z   Downloaded getrandom v0.2.11
2026-09-17T03:08:08.2473677Z   Downloaded hashbrown v0.16.1
2026-09-17T03:08:08.2526909Z   Downloaded unicode-ident v1.0.12
2026-09-17T03:08:08.2554958Z   Downloaded ppv-lite86 v0.2.17
2026-09-17T03:08:08.2568460Z   Downloaded semver v1.0.27
2026-09-17T03:08:08.2591892Z   Downloaded ryu v1.0.20
2026-09-17T03:08:08.2624562Z   Downloaded serde_core v1.0.228
2026-09-17T03:08:08.2652782Z   Downloaded proc-macro2 v1.0.103
2026-09-17T03:08:08.2683333Z   Downloaded num-traits v0.2.17
2026-09-17T03:08:08.2710375Z   Downloaded memchr v2.7.6
2026-09-17T03:08:08.2766134Z   Downloaded rand v0.8.5
2026-09-17T03:08:08.2801907Z   Downloaded serde v1.0.228
2026-09-17T03:08:08.2837541Z   Downloaded indexmap v2.13.0
2026-09-17T03:08:08.2882235Z   Downloaded num-bigint v0.4.4
2026-09-17T03:08:08.2931995Z   Downloaded serde_json v1.0.145
2026-09-17T03:08:08.3010147Z   Downloaded syn v2.0.111
2026-09-17T03:08:08.3122854Z   Downloaded libc v0.2.180
2026-09-17T03:08:08.3731203Z    Compiling autocfg v1.1.0
2026-09-17T03:08:08.3731711Z    Compiling proc-macro2 v1.0.103
2026-09-17T03:08:08.3732209Z    Compiling unicode-ident v1.0.12
2026-09-17T03:08:08.3732633Z    Compiling serde_core v1.0.228
2026-09-17T03:08:08.5629523Z    Compiling serde v1.0.228
2026-09-17T03:08:08.6765480Z    Compiling num-traits v0.2.17
2026-09-17T03:08:08.7569880Z    Compiling num-bigint v0.4.4
2026-09-17T03:08:08.8855496Z    Compiling serde_json v1.0.145
2026-09-17T03:08:09.1181644Z    Compiling ryu v1.0.20
2026-09-17T03:08:09.3341736Z    Compiling quote v1.0.35
2026-09-17T03:08:09.4201610Z    Compiling hashbrown v0.16.1
2026-09-17T03:08:09.5549463Z    Compiling syn v2.0.111
2026-09-17T03:08:09.8349760Z    Compiling num-integer v0.1.46
2026-09-17T03:08:10.0859458Z    Compiling equivalent v1.0.1
2026-09-17T03:08:10.1186641Z    Compiling memchr v2.7.6
2026-09-17T03:08:10.2209625Z    Compiling itoa v1.0.15
2026-09-17T03:08:10.3019453Z    Compiling indexmap v2.13.0
2026-09-17T03:08:11.0271062Z    Compiling rustc-hash v1.1.0
2026-09-17T03:08:11.1299379Z    Compiling semver v1.0.27
2026-09-17T03:08:11.4984295Z    Compiling serde_derive v1.0.228
2026-09-17T03:08:14.0782062Z    Compiling nanoda_lib v0.4.17 (/tmp/tmp.taUZzsftCw/checker)
2026-09-17T03:08:26.6993524Z     Finished `release` profile [optimized] target(s) in 18.72s
2026-09-17T03:08:35.2395938Z Checked 11534 declarations with no errors
2026-09-17T03:08:36.7055947Z ##[group]Run set -euo pipefail
2026-09-17T03:08:36.7056264Z [36;1mset -euo pipefail[0m
2026-09-17T03:08:36.7056500Z [36;1mmkdir -p evidence[0m
2026-09-17T03:08:36.7056763Z [36;1mgit rev-parse HEAD > evidence/SOURCE_COMMIT[0m
2026-09-17T03:08:36.7057109Z [36;1mgit diff --exit-code -- lake-manifest.json[0m
2026-09-17T03:08:36.7057686Z [36;1mtar --exclude=.lake --exclude=evidence --exclude='*.olean*' --exclude='*.ilean' --exclude='*.ir' -czf evidence/source.tar.gz .[0m
2026-09-17T03:08:36.7058632Z [36;1msha256sum evidence/source.tar.gz > evidence/SHA256SUMS[0m
2026-09-17T03:08:36.7099786Z shell: /usr/bin/bash --noprofile --norc -e -o pipefail {0}
2026-09-17T03:08:36.7100143Z ##[endgroup]
2026-09-17T03:08:36.7357221Z Node 20 is being deprecated. This workflow is running with Node 24 by default. If you need to temporarily use Node 20, you can set the ACTIONS_ALLOW_USE_UNSECURE_NODE_VERSION=true environment variable. For more information see: https://github.blog/changelog/2025-09-19-deprecation-of-node-20-on-github-actions-runners/
2026-09-17T03:08:36.7359628Z ##[group]Run actions/upload-artifact@ea165f8d65b6e75b540449e92b4886f43607fa02
2026-09-17T03:08:36.7360030Z with:
2026-09-17T03:08:36.7360260Z   name: jsp-000617-upper-density-evidence
2026-09-17T03:08:36.7360555Z   path: projects/jsp-000617/evidence
2026-09-17T03:08:36.7360818Z   if-no-files-found: error
2026-09-17T03:08:36.7361054Z   compression-level: 6
2026-09-17T03:08:36.7361273Z   overwrite: false
2026-09-17T03:08:36.7361495Z   include-hidden-files: false
2026-09-17T03:08:36.7361734Z ##[endgroup]
2026-09-17T03:08:36.9860386Z (node:4326) [DEP0040] DeprecationWarning: The `punycode` module is deprecated. Please use a userland alternative instead.
2026-09-17T03:08:36.9861272Z (Use `node --trace-deprecation ...` to show where the warning was created)
2026-09-17T03:08:36.9991731Z With the provided path, there will be 22 files uploaded
2026-09-17T03:08:36.9993099Z Artifact name is valid!
2026-09-17T03:08:36.9993741Z Root directory input is valid!
2026-09-17T03:08:37.2344394Z Beginning upload of artifact content to blob storage
2026-09-17T03:08:37.5455293Z (node:4326) [DEP0169] DeprecationWarning: `url.parse()` behavior is not standardized and prone to errors that have security implications. Use the WHATWG URL API instead. CVEs are not issued for `url.parse()` vulnerabilities.
2026-09-17T03:08:37.9480774Z Uploaded bytes 8141137
2026-09-17T03:08:37.9816239Z Finished uploading artifact content to blob storage!
2026-09-17T03:08:37.9817307Z SHA256 digest of uploaded artifact zip is 836d21e957b8a65c341c5b1261192df7ea4bcc90f379d8c4c20de4b96e8bd5b9
2026-09-17T03:08:37.9820319Z Finalizing artifact upload
2026-09-17T03:08:38.1970447Z Artifact jsp-000617-upper-density-evidence.zip successfully finalized. Artifact ID 10479590188
2026-09-17T03:08:38.1971953Z Artifact jsp-000617-upper-density-evidence has been successfully uploaded! Final size is 8141137 bytes. Artifact ID is 10479590188
2026-09-17T03:08:38.1978384Z Artifact download URL: https://github.com/ketianzhang1-lang/jsp-000301-lean/actions/runs/35176762703/artifacts/10479590188
2026-09-17T03:08:38.2213346Z Node 20 is being deprecated. This workflow is running with Node 24 by default. If you need to temporarily use Node 20, you can set the ACTIONS_ALLOW_USE_UNSECURE_NODE_VERSION=true environment variable. For more information see: https://github.blog/changelog/2025-09-19-deprecation-of-node-20-on-github-actions-runners/
2026-09-17T03:08:38.2214510Z Post job cleanup.
2026-09-17T03:08:38.3056345Z [command]/usr/bin/git version
2026-09-17T03:08:38.3101599Z git version 2.55.0
2026-09-17T03:08:38.3135901Z Temporarily overriding HOME='/home/runner/work/_temp/9d2a2cba-36bb-4bae-98eb-f577c9ece5c7' before making global git config changes
2026-09-17T03:08:38.3137248Z Adding repository directory to the temporary git global config as a safe directory
2026-09-17T03:08:38.3141622Z [command]/usr/bin/git config --global --add safe.directory /home/runner/work/jsp-000301-lean/jsp-000301-lean
2026-09-17T03:08:38.3179569Z [command]/usr/bin/git config --local --name-only --get-regexp core\.sshCommand
2026-09-17T03:08:38.3214845Z [command]/usr/bin/git submodule foreach --recursive sh -c "git config --local --name-only --get-regexp 'core\.sshCommand' && git config --local --unset-all 'core.sshCommand' || :"
2026-09-17T03:08:38.3481251Z [command]/usr/bin/git config --local --name-only --get-regexp http\.https\:\/\/github\.com\/\.extraheader
2026-09-17T03:08:38.3520368Z [command]/usr/bin/git submodule foreach --recursive sh -c "git config --local --name-only --get-regexp 'http\.https\:\/\/github\.com\/\.extraheader' && git config --local --unset-all 'http.https://github.com/.extraheader' || :"
2026-09-17T03:08:38.3784174Z [command]/usr/bin/git config --local --name-only --get-regexp ^includeIf\.gitdir:
2026-09-17T03:08:38.3820056Z [command]/usr/bin/git submodule foreach --recursive git config --local --show-origin --name-only --get-regexp remote.origin.url
2026-09-17T03:08:38.4261889Z Cleaning up orphan processes
2026-09-17T03:08:38.4566772Z ##[warning]Node.js 20 is deprecated. The following actions target Node.js 20 but are being forced to run on Node.js 24: actions/checkout@11d5960a326750d5838078e36cf38b85af677262, actions/upload-artifact@ea165f8d65b6e75b540449e92b4886f43607fa02. For more information see: https://github.blog/changelog/2025-09-19-deprecation-of-node-20-on-github-actions-runners/

