replaying ErdosProblems.Erdos874.AlignedBlockSum
replaying ErdosProblems.Erdos874.CentralExtractor
replaying ErdosProblems.Erdos874.LocalDensity
replaying ErdosProblems.Erdos874.Asymptotics
replaying ErdosProblems.Erdos874.FreimanThreeKInductive
replaying ErdosProblems.Erdos874.Thresholds
replaying ErdosProblems.Erdos874.RegularSpan
replaying ErdosProblems.Erdos874.ModularDecomposition
replaying ErdosProblems.Erdos874.ConvexTranslate
replaying ErdosProblems.Erdos874.EndpointOrientation
replaying ErdosProblems.Erdos874.FreimanDimension
replaying ErdosProblems.Erdos874.LayerSelection
replaying ErdosProblems.Erdos874.FreimanEngine
replaying ErdosProblems.Erdos874.RestrictedSums
replaying ErdosProblems.Erdos874.ResidueAlignment
replaying ErdosProblems.Erdos874.Tail
replaying ErdosProblems.Erdos874.ProgressionExtraction
replaying ErdosProblems.Erdos874.FreimanNormalization
replaying ErdosProblems.Erdos874.SubgroupGenerators
replaying ErdosProblems.Erdos874.FreimanThreeKMinusFour
replaying ErdosProblems.Erdos874.RoughUpper
replaying ErdosProblems.Erdos874.LevSmelianski
replaying ErdosProblems.Erdos874.NearIndexFiber
replaying ErdosProblems.Erdos874.MixedSumPath
replaying ErdosProblems.Erdos874.FreimanNormalizedCore
replaying ErdosProblems.Erdos874.Foundations
replaying ErdosProblems.Erdos874.LayerOrdering
replaying ErdosProblems.Erdos874.ExactUpper
replaying ErdosProblems.Erdos874.StrausUpper
replaying ErdosProblems.Erdos874.SmallFourLayer
replaying ErdosProblems.Erdos874.CentralSpan
replaying ErdosProblems.Erdos874.RestrictedGrowth
replaying ErdosProblems.Erdos874.Structure
replaying ErdosProblems.Erdos874.ModularStructure
replaying ErdosProblems.Erdos874.DensityEndgame
replaying ErdosProblems.Erdos874.ResidueSubgroup
replaying ErdosProblems.Erdos874.PopularPairs
replaying ErdosProblems.Erdos874.LongProgression
replaying ErdosProblems.Erdos874
replaying ErdosProblems.Erdos13.Erdos13MulStab
replaying ErdosProblems.Erdos13.Erdos13Additive
replaying ErdosProblems.Erdos13.Erdos13Kneser
