2026-09-18T04:47:00.3024955Z Current runner version: '2.337.0'
2026-09-18T04:47:00.3041575Z ##[group]Runner Image Provisioner
2026-09-18T04:47:00.3042183Z Hosted Compute Agent
2026-09-18T04:47:00.3042646Z Version: 20260828.587
2026-09-18T04:47:00.3043096Z Commit: abac92662cab4cc7352de4f9f9d2e2419aad9c29
2026-09-18T04:47:00.3043597Z Build Date: 2026-08-28T16:44:25Z
2026-09-18T04:47:00.3044069Z Worker ID: {636349f2-792f-4760-be3f-6e2a1c1e1217}
2026-09-18T04:47:00.3044579Z Azure Region: centralus
2026-09-18T04:47:00.3045059Z ##[endgroup]
2026-09-18T04:47:00.3045988Z ##[group]Operating System
2026-09-18T04:47:00.3046403Z Ubuntu
2026-09-18T04:47:00.3046757Z 24.04.5
2026-09-18T04:47:00.3047364Z LTS
2026-09-18T04:47:00.3047743Z ##[endgroup]
2026-09-18T04:47:00.3048167Z ##[group]Runner Image
2026-09-18T04:47:00.3048632Z Image: ubuntu-24.04
2026-09-18T04:47:00.3049044Z Version: 20260907.300.1
2026-09-18T04:47:00.3050208Z Included Software: https://github.com/actions/runner-images/blob/ubuntu24/20260907.300/images/ubuntu/Ubuntu2404-Readme.md
2026-09-18T04:47:00.3051294Z Image Release: https://github.com/actions/runner-images/releases/tag/ubuntu24%2F20260907.300
2026-09-18T04:47:00.3052007Z ##[endgroup]
2026-09-18T04:47:00.3052780Z ##[group]GITHUB_TOKEN Permissions
2026-09-18T04:47:00.3054535Z Contents: read
2026-09-18T04:47:00.3054964Z Metadata: read
2026-09-18T04:47:00.3055346Z ##[endgroup]
2026-09-18T04:47:00.3056823Z Secret source: Actions
2026-09-18T04:47:00.3057693Z Cache mode: write
2026-09-18T04:47:00.3058221Z Prepare workflow directory
2026-09-18T04:47:00.3329522Z Prepare all required actions
2026-09-18T04:47:00.3364111Z Getting action download info
2026-09-18T04:47:00.5617179Z Download action repository 'actions/checkout@11d5960a326750d5838078e36cf38b85af677262' (SHA:11d5960a326750d5838078e36cf38b85af677262)
2026-09-18T04:47:01.2998407Z Download action repository 'actions/upload-artifact@ea165f8d65b6e75b540449e92b4886f43607fa02' (SHA:ea165f8d65b6e75b540449e92b4886f43607fa02)
2026-09-18T04:47:01.6524902Z Complete job name: verify
2026-09-18T04:47:01.7012618Z Node 20 is being deprecated. This workflow is running with Node 24 by default. If you need to temporarily use Node 20, you can set the ACTIONS_ALLOW_USE_UNSECURE_NODE_VERSION=true environment variable. For more information see: https://github.blog/changelog/2025-09-19-deprecation-of-node-20-on-github-actions-runners/
2026-09-18T04:47:01.7018101Z ##[group]Run actions/checkout@11d5960a326750d5838078e36cf38b85af677262
2026-09-18T04:47:01.7018819Z with:
2026-09-18T04:47:01.7019084Z   persist-credentials: false
2026-09-18T04:47:01.7019417Z   repository: ketianzhang1-lang/jsp-000301-lean
2026-09-18T04:47:01.7021491Z   token: ***
2026-09-18T04:47:01.7021744Z   ssh-strict: true
2026-09-18T04:47:01.7022012Z   ssh-user: git
2026-09-18T04:47:01.7022257Z   clean: true
2026-09-18T04:47:01.7022524Z   sparse-checkout-cone-mode: true
2026-09-18T04:47:01.7022835Z   fetch-depth: 1
2026-09-18T04:47:01.7023115Z   fetch-tags: false
2026-09-18T04:47:01.7023389Z   show-progress: true
2026-09-18T04:47:01.7023736Z   lfs: false
2026-09-18T04:47:01.7024036Z   submodules: false
2026-09-18T04:47:01.7024293Z   set-safe-directory: true
2026-09-18T04:47:01.7024572Z   allow-unsafe-pr-checkout: false
2026-09-18T04:47:01.7024958Z ##[endgroup]
2026-09-18T04:47:01.7737395Z Syncing repository: ketianzhang1-lang/jsp-000301-lean
2026-09-18T04:47:01.7738756Z ##[group]Getting Git version info
2026-09-18T04:47:01.7739170Z Working directory is '/home/runner/work/jsp-000301-lean/jsp-000301-lean'
2026-09-18T04:47:01.7739768Z [command]/usr/bin/git version
2026-09-18T04:47:01.8251984Z git version 2.55.0
2026-09-18T04:47:01.8265899Z ##[endgroup]
2026-09-18T04:47:01.8277951Z Temporarily overriding HOME='/home/runner/work/_temp/80084d2d-dee1-4c4b-ba81-81d45159ed7a' before making global git config changes
2026-09-18T04:47:01.8279044Z Adding repository directory to the temporary git global config as a safe directory
2026-09-18T04:47:01.8281471Z [command]/usr/bin/git config --global --add safe.directory /home/runner/work/jsp-000301-lean/jsp-000301-lean
2026-09-18T04:47:01.8325228Z Deleting the contents of '/home/runner/work/jsp-000301-lean/jsp-000301-lean'
2026-09-18T04:47:01.8331817Z ##[group]Initializing the repository
2026-09-18T04:47:01.8337511Z [command]/usr/bin/git init /home/runner/work/jsp-000301-lean/jsp-000301-lean
2026-09-18T04:47:01.8422985Z hint: Using 'master' as the name for the initial branch. This default branch name
2026-09-18T04:47:01.8423785Z hint: will change to "main" in Git 3.0. To configure the initial branch name
2026-09-18T04:47:01.8424482Z hint: to use in all of your new repositories, which will suppress this warning,
2026-09-18T04:47:01.8425268Z hint: call:
2026-09-18T04:47:01.8425579Z hint:
2026-09-18T04:47:01.8426023Z hint: 	git config --global init.defaultBranch <name>
2026-09-18T04:47:01.8426426Z hint:
2026-09-18T04:47:01.8426775Z hint: Names commonly chosen instead of 'master' are 'main', 'trunk' and
2026-09-18T04:47:01.8427594Z hint: 'development'. The just-created branch can be renamed via this command:
2026-09-18T04:47:01.8428177Z hint:
2026-09-18T04:47:01.8428473Z hint: 	git branch -m <name>
2026-09-18T04:47:01.8428750Z hint:
2026-09-18T04:47:01.8429071Z hint: Disable this message with "git config set advice.defaultBranchName false"
2026-09-18T04:47:01.8429546Z Initialized empty Git repository in /home/runner/work/jsp-000301-lean/jsp-000301-lean/.git/
2026-09-18T04:47:01.8431374Z [command]/usr/bin/git remote add origin https://github.com/ketianzhang1-lang/jsp-000301-lean
2026-09-18T04:47:01.8483571Z ##[endgroup]
2026-09-18T04:47:01.8484067Z ##[group]Disabling automatic garbage collection
2026-09-18T04:47:01.8486534Z [command]/usr/bin/git config --local gc.auto 0
2026-09-18T04:47:01.8507541Z ##[endgroup]
2026-09-18T04:47:01.8508284Z ##[group]Setting up auth
2026-09-18T04:47:01.8512733Z [command]/usr/bin/git config --local --name-only --get-regexp core\.sshCommand
2026-09-18T04:47:01.8533934Z [command]/usr/bin/git submodule foreach --recursive sh -c "git config --local --name-only --get-regexp 'core\.sshCommand' && git config --local --unset-all 'core.sshCommand' || :"
2026-09-18T04:47:01.8788442Z [command]/usr/bin/git config --local --name-only --get-regexp http\.https\:\/\/github\.com\/\.extraheader
2026-09-18T04:47:01.8810459Z [command]/usr/bin/git submodule foreach --recursive sh -c "git config --local --name-only --get-regexp 'http\.https\:\/\/github\.com\/\.extraheader' && git config --local --unset-all 'http.https://github.com/.extraheader' || :"
2026-09-18T04:47:01.8949472Z [command]/usr/bin/git config --local --name-only --get-regexp ^includeIf\.gitdir:
2026-09-18T04:47:01.8974989Z [command]/usr/bin/git submodule foreach --recursive git config --local --show-origin --name-only --get-regexp remote.origin.url
2026-09-18T04:47:01.9120135Z [command]/usr/bin/git config --local http.https://github.com/.extraheader AUTHORIZATION: basic ***
2026-09-18T04:47:01.9143392Z ##[endgroup]
2026-09-18T04:47:01.9143994Z ##[group]Fetching the repository
2026-09-18T04:47:01.9150347Z [command]/usr/bin/git -c protocol.version=2 fetch --no-tags --prune --no-recurse-submodules --depth=1 origin +d0d37952bba030d7c8a68f000094e0d601d9fed7:refs/remotes/origin/jsp-000725-interval
2026-09-18T04:47:02.3504857Z From https://github.com/ketianzhang1-lang/jsp-000301-lean
2026-09-18T04:47:02.3506008Z  * [new ref]         d0d37952bba030d7c8a68f000094e0d601d9fed7 -> origin/jsp-000725-interval
2026-09-18T04:47:02.3517219Z ##[endgroup]
2026-09-18T04:47:02.3518130Z ##[group]Determining the checkout info
2026-09-18T04:47:02.3518879Z ##[endgroup]
2026-09-18T04:47:02.3519373Z [command]/usr/bin/git sparse-checkout disable
2026-09-18T04:47:02.3562389Z [command]/usr/bin/git config --local --unset-all extensions.worktreeConfig
2026-09-18T04:47:02.3584423Z ##[group]Checking out the ref
2026-09-18T04:47:02.3588289Z [command]/usr/bin/git checkout --progress --force -B jsp-000725-interval refs/remotes/origin/jsp-000725-interval
2026-09-18T04:47:02.3645423Z Switched to a new branch 'jsp-000725-interval'
2026-09-18T04:47:02.3649030Z branch 'jsp-000725-interval' set up to track 'origin/jsp-000725-interval'.
2026-09-18T04:47:02.3652500Z ##[endgroup]
2026-09-18T04:47:02.3682045Z [command]/usr/bin/git log -1 --format=%H
2026-09-18T04:47:02.3698933Z d0d37952bba030d7c8a68f000094e0d601d9fed7
2026-09-18T04:47:02.3704126Z ##[group]Removing auth
2026-09-18T04:47:02.3707251Z [command]/usr/bin/git config --local --name-only --get-regexp core\.sshCommand
2026-09-18T04:47:02.3729030Z [command]/usr/bin/git submodule foreach --recursive sh -c "git config --local --name-only --get-regexp 'core\.sshCommand' && git config --local --unset-all 'core.sshCommand' || :"
2026-09-18T04:47:02.3878145Z [command]/usr/bin/git config --local --name-only --get-regexp http\.https\:\/\/github\.com\/\.extraheader
2026-09-18T04:47:02.3896131Z http.https://github.com/.extraheader
2026-09-18T04:47:02.3901143Z [command]/usr/bin/git config --local --unset-all http.https://github.com/.extraheader
2026-09-18T04:47:02.3922402Z [command]/usr/bin/git submodule foreach --recursive sh -c "git config --local --name-only --get-regexp 'http\.https\:\/\/github\.com\/\.extraheader' && git config --local --unset-all 'http.https://github.com/.extraheader' || :"
2026-09-18T04:47:02.4065242Z [command]/usr/bin/git config --local --name-only --get-regexp ^includeIf\.gitdir:
2026-09-18T04:47:02.4085271Z [command]/usr/bin/git submodule foreach --recursive git config --local --show-origin --name-only --get-regexp remote.origin.url
2026-09-18T04:47:02.4228853Z ##[endgroup]
2026-09-18T04:47:02.4372157Z ##[group]Run sudo fallocate -l 8G /swap-jsp725
2026-09-18T04:47:02.4372624Z [36;1msudo fallocate -l 8G /swap-jsp725[0m
2026-09-18T04:47:02.4372929Z [36;1msudo chmod 600 /swap-jsp725[0m
2026-09-18T04:47:02.4373274Z [36;1msudo mkswap /swap-jsp725[0m
2026-09-18T04:47:02.4373564Z [36;1msudo swapon /swap-jsp725[0m
2026-09-18T04:47:02.4398061Z shell: /usr/bin/bash --noprofile --norc -e -o pipefail {0}
2026-09-18T04:47:02.4398405Z ##[endgroup]
2026-09-18T04:47:02.4652418Z Setting up swapspace version 1, size = 8 GiB (8589930496 bytes)
2026-09-18T04:47:02.4653012Z no label, UUID=0f6ced9f-f22a-4af3-9c84-2b3434493ac2
2026-09-18T04:47:02.4741346Z ##[group]Run set -euo pipefail
2026-09-18T04:47:02.4741680Z [36;1mset -euo pipefail[0m
2026-09-18T04:47:02.4742116Z [36;1mcurl -sSf https://elan.lean-lang.org/elan-init.sh | sh -s -- -y --default-toolchain none[0m
2026-09-18T04:47:02.4742530Z [36;1mecho "$HOME/.elan/bin" >> "$GITHUB_PATH"[0m
2026-09-18T04:47:02.4742836Z [36;1mexport PATH="$HOME/.elan/bin:$PATH"[0m
2026-09-18T04:47:02.4743165Z [36;1melan toolchain install "$(cat lean-toolchain)"[0m
2026-09-18T04:47:02.4743470Z [36;1mtest -s lake-manifest.json[0m
2026-09-18T04:47:02.4743775Z [36;1mpython3 scripts/bootstrap.py[0m
2026-09-18T04:47:02.4744044Z [36;1mlake exe cache get Mathlib[0m
2026-09-18T04:47:02.4744324Z [36;1mlake build Mathlib[0m
2026-09-18T04:47:02.4744648Z [36;1mgit diff --exit-code -- lake-manifest.json[0m
2026-09-18T04:47:02.4762637Z shell: /usr/bin/bash --noprofile --norc -e -o pipefail {0}
2026-09-18T04:47:02.4762981Z ##[endgroup]
2026-09-18T04:47:02.6818151Z info: downloading installer
2026-09-18T04:47:03.5415893Z info: downloading https://releases.lean-lang.org/lean4/v4.34.0/lean-4.34.0-linux.tar.zst
2026-09-18T04:47:08.4843498Z info: installing /home/runner/.elan/toolchains/leanprover--lean4---v4.34.0
2026-09-18T04:47:19.2864260Z 
2026-09-18T04:47:19.3167696Z leanprover/lean4:v4.34.0 installed - Lean (version 4.34.0, x86_64-unknown-linux-gnu, commit 293d5d0c0c3f3dded4688b3ccd6a33939ac5102b, Release)
2026-09-18T04:47:19.3168853Z 
2026-09-18T04:47:27.9057807Z Verified upstream: ErdosProblems/Erdos874.lean
2026-09-18T04:47:27.9059057Z Verified upstream: ErdosProblems/Erdos874/AlignedBlockSum.lean
2026-09-18T04:47:27.9059544Z Verified upstream: ErdosProblems/Erdos874/Asymptotics.lean
2026-09-18T04:47:27.9060007Z Verified upstream: ErdosProblems/Erdos874/CentralExtractor.lean
2026-09-18T04:47:27.9060497Z Verified upstream: ErdosProblems/Erdos874/CentralSpan.lean
2026-09-18T04:47:27.9060966Z Verified upstream: ErdosProblems/Erdos874/ConvexTranslate.lean
2026-09-18T04:47:27.9061778Z Verified upstream: ErdosProblems/Erdos874/DensityEndgame.lean
2026-09-18T04:47:27.9062266Z Verified upstream: ErdosProblems/Erdos874/EndpointOrientation.lean
2026-09-18T04:47:27.9062706Z Verified upstream: ErdosProblems/Erdos874/ExactUpper.lean
2026-09-18T04:47:27.9063331Z Verified upstream: ErdosProblems/Erdos874/Foundations.lean
2026-09-18T04:47:27.9063843Z Verified upstream: ErdosProblems/Erdos874/FreimanDimension.lean
2026-09-18T04:47:27.9064278Z Verified upstream: ErdosProblems/Erdos874/FreimanEngine.lean
2026-09-18T04:47:27.9064773Z Verified upstream: ErdosProblems/Erdos874/FreimanNormalization.lean
2026-09-18T04:47:27.9065257Z Verified upstream: ErdosProblems/Erdos874/FreimanNormalizedCore.lean
2026-09-18T04:47:27.9065777Z Verified upstream: ErdosProblems/Erdos874/FreimanThreeKInductive.lean
2026-09-18T04:47:27.9066301Z Verified upstream: ErdosProblems/Erdos874/FreimanThreeKMinusFour.lean
2026-09-18T04:47:27.9066754Z Verified upstream: ErdosProblems/Erdos874/LayerOrdering.lean
2026-09-18T04:47:27.9067436Z Verified upstream: ErdosProblems/Erdos874/LayerSelection.lean
2026-09-18T04:47:27.9067875Z Verified upstream: ErdosProblems/Erdos874/LevSmelianski.lean
2026-09-18T04:47:27.9068307Z Verified upstream: ErdosProblems/Erdos874/LocalDensity.lean
2026-09-18T04:47:27.9068759Z Verified upstream: ErdosProblems/Erdos874/LongProgression.lean
2026-09-18T04:47:27.9069171Z Verified upstream: ErdosProblems/Erdos874/MixedSumPath.lean
2026-09-18T04:47:27.9069697Z Verified upstream: ErdosProblems/Erdos874/ModularDecomposition.lean
2026-09-18T04:47:27.9070159Z Verified upstream: ErdosProblems/Erdos874/ModularStructure.lean
2026-09-18T04:47:27.9070750Z Verified upstream: ErdosProblems/Erdos874/NearIndexFiber.lean
2026-09-18T04:47:27.9071221Z Verified upstream: ErdosProblems/Erdos874/PopularPairs.lean
2026-09-18T04:47:27.9071701Z Verified upstream: ErdosProblems/Erdos874/ProgressionExtraction.lean
2026-09-18T04:47:27.9072277Z Verified upstream: ErdosProblems/Erdos874/RegularSpan.lean
2026-09-18T04:47:27.9073055Z Verified upstream: ErdosProblems/Erdos874/ResidueAlignment.lean
2026-09-18T04:47:27.9073566Z Verified upstream: ErdosProblems/Erdos874/ResidueSubgroup.lean
2026-09-18T04:47:27.9074147Z Verified upstream: ErdosProblems/Erdos874/RestrictedGrowth.lean
2026-09-18T04:47:27.9074625Z Verified upstream: ErdosProblems/Erdos874/RestrictedSums.lean
2026-09-18T04:47:27.9075110Z Verified upstream: ErdosProblems/Erdos874/RoughUpper.lean
2026-09-18T04:47:27.9075563Z Verified upstream: ErdosProblems/Erdos874/SmallFourLayer.lean
2026-09-18T04:47:27.9076021Z Verified upstream: ErdosProblems/Erdos874/StrausUpper.lean
2026-09-18T04:47:27.9076500Z Verified upstream: ErdosProblems/Erdos874/Structure.lean
2026-09-18T04:47:27.9077398Z Verified upstream: ErdosProblems/Erdos874/SubgroupGenerators.lean
2026-09-18T04:47:27.9077905Z Verified upstream: ErdosProblems/Erdos874/Tail.lean
2026-09-18T04:47:27.9078402Z Verified upstream: ErdosProblems/Erdos874/Thresholds.lean
2026-09-18T04:47:27.9078929Z Verified upstream: ErdosProblems/Erdos13/Erdos13Kneser.lean
2026-09-18T04:47:27.9079638Z Verified upstream: ErdosProblems/Erdos13/Erdos13Additive.lean
2026-09-18T04:47:27.9080397Z Verified upstream: ErdosProblems/Erdos13/Erdos13MulStab.lean
2026-09-18T04:47:28.3204619Z info: mathlib: cloning https://github.com/leanprover-community/mathlib4
2026-09-18T04:47:55.4694474Z info: mathlib: checking out revision '5ed2965256430c3649e86755f9576b54eca72435'
2026-09-18T04:47:56.2654366Z info: plausible: cloning https://github.com/leanprover-community/plausible
2026-09-18T04:47:56.7012312Z info: plausible: checking out revision '118aa17ee84656b8bd727fef7c458ee8c833385c'
2026-09-18T04:47:56.7108917Z info: LeanSearchClient: cloning https://github.com/leanprover-community/LeanSearchClient
2026-09-18T04:47:57.1139223Z info: LeanSearchClient: checking out revision 'ddf04cf3949fa556442341e87d47f9f6e6074707'
2026-09-18T04:47:57.1239837Z info: importGraph: cloning https://github.com/leanprover-community/import-graph
2026-09-18T04:47:57.5972755Z info: importGraph: checking out revision 'e928b72544873815af278d38681b31c0293588e3'
2026-09-18T04:47:57.6088523Z info: proofwidgets: cloning https://github.com/leanprover-community/ProofWidgets4
2026-09-18T04:47:58.4050484Z info: proofwidgets: checking out revision '106ff4fafc74ef4ac99d81dbf3ab399118f497a5'
2026-09-18T04:47:58.9181835Z info: aesop: cloning https://github.com/leanprover-community/aesop
2026-09-18T04:47:59.7358585Z info: aesop: checking out revision '355695d523e41d0554926416cba2a2b3544fbbc9'
2026-09-18T04:47:59.7711740Z info: Qq: cloning https://github.com/leanprover-community/quote4
2026-09-18T04:48:00.2128566Z info: Qq: checking out revision '6a489d9af5d0c47e5b259e2e8bcdfc1811b5a259'
2026-09-18T04:48:00.2233579Z info: batteries: cloning https://github.com/leanprover-community/batteries
2026-09-18T04:48:02.4989826Z info: batteries: checking out revision 'f2effa3d803fda822b1f97b806c47cf2adfbcbc2'
2026-09-18T04:48:02.5155843Z info: Cli: cloning https://github.com/leanprover/lean4-cli
2026-09-18T04:48:02.9307905Z info: Cli: checking out revision 'e92c9f15fdfacc8536f31cfb3b7ad26c3c8cd204'
2026-09-18T04:48:03.2410076Z ✔ [1/5] Built Cache.Cli (249ms)
2026-09-18T04:48:03.2410450Z ✔ [2/5] Built Cache.Lean (265ms)
2026-09-18T04:48:07.0449542Z ✔ [8/42] Built Cache.Cli:c.o (126ms)
2026-09-18T04:48:07.1450543Z ✔ [9/42] Built Cache.Lean:c.o (174ms)
2026-09-18T04:48:07.1451179Z ✔ [10/42] Built Cache.Env (282ms)
2026-09-18T04:48:07.2451642Z ✔ [11/42] Built Cache.Env:c.o (121ms)
2026-09-18T04:48:07.4459076Z ✔ [12/42] Built Cache.Infra (339ms)
2026-09-18T04:48:07.6456412Z ✔ [13/42] Built Cache.Infra:c.o (159ms)
2026-09-18T04:48:07.9458509Z ✔ [14/42] Built Cache.IO (1.1s)
2026-09-18T04:48:08.4485441Z ✔ [15/42] Built Cache.Hashing (555ms)
2026-09-18T04:48:08.7484145Z ✔ [16/42] Built Cache.Hashing:c.o (298ms)
2026-09-18T04:48:09.1491436Z ✔ [17/42] Built Cache.IO:c.o (1.2s)
2026-09-18T04:48:09.8498143Z ✔ [18/42] Built Cache.Requests (1.3s)
2026-09-18T04:48:10.2519928Z ✔ [19/42] Built Cache.Marker (384ms)
2026-09-18T04:48:10.3528383Z ✔ [20/42] Built Cache.Marker:c.o (129ms)
2026-09-18T04:48:10.7548928Z ✔ [21/42] Built Cache.Upload.Dest (578ms)
2026-09-18T04:48:10.8548446Z ✔ [22/42] Built Cache.Upload.Dest:c.o (103ms)
2026-09-18T04:48:10.9548930Z ✔ [23/42] Built Cache.Query (746ms)
2026-09-18T04:48:11.2544919Z ✔ [24/42] Built Cache.Query:c.o (264ms)
2026-09-18T04:48:11.4558981Z ✔ [25/42] Built Cache.Upload.Rclone (630ms)
2026-09-18T04:48:11.5568826Z ✔ [26/42] Built Cache.Upload.Curl (640ms)
2026-09-18T04:48:11.5569661Z ✔ [27/42] Built Cache.Upload.Rclone:c.o (164ms)
2026-09-18T04:48:11.7578994Z ✔ [28/42] Built Cache.Upload.Curl:c.o (182ms)
2026-09-18T04:48:11.9559000Z ✔ [29/42] Built Cache.Warning (768ms)
2026-09-18T04:48:12.1556455Z ✔ [30/42] Built Cache.Requests:c.o (2.3s)
2026-09-18T04:48:12.2553750Z ✔ [31/42] Built Cache.Upload.Azure (618ms)
2026-09-18T04:48:12.2554525Z ✔ [32/42] Built Cache.Warning:c.o (278ms)
2026-09-18T04:48:12.3552814Z ✔ [33/42] Built Cache.Upload.S3 (669ms)
2026-09-18T04:48:12.3553965Z ✔ [34/42] Built Cache.Upload.Azure:c.o (119ms)
2026-09-18T04:48:12.6556079Z ✔ [35/42] Built Cache.Upload.S3:c.o (230ms)
2026-09-18T04:48:12.8558423Z ✔ [36/42] Built Cache.Upload.Defs (431ms)
2026-09-18T04:48:12.9560308Z ✔ [37/42] Built Cache.Upload.Defs:c.o (118ms)
2026-09-18T04:48:13.2562541Z ✔ [38/42] Built Cache.Upload (392ms)
2026-09-18T04:48:13.2562952Z ✔ [39/42] Built Cache.Upload:c.o (86ms)
2026-09-18T04:48:13.9570315Z ✔ [40/42] Built Cache.Main (776ms)
2026-09-18T04:48:14.6579748Z ✔ [41/42] Built Cache.Main:c.o (625ms)
2026-09-18T04:48:15.2583844Z ✔ [42/42] Built cache:exe (616ms)
2026-09-18T04:48:16.5695872Z Current branch: HEAD
2026-09-18T04:48:16.5696269Z Using cache from origin: (some leanprover-community/mathlib4)
2026-09-18T04:48:16.5697042Z Attempting to download 8908 file(s) from leanprover-community/mathlib4 cache at https://cache.mathlib.org/mathlib4-master
2026-09-18T04:48:16.6854160Z 
2026-09-18T04:48:16.7873614Z Downloaded: 1 file(s) [attempted 1/8908 = 0%, 148 KB/s], Decompressed: 0
2026-09-18T04:48:16.8850215Z Downloaded: 92 file(s) [attempted 92/8908 = 1%, 343 KB/s], Decompressed: 10
2026-09-18T04:48:16.9859898Z Downloaded: 217 file(s) [attempted 217/8908 = 2%, 542 KB/s], Decompressed: 27
2026-09-18T04:48:17.0960063Z Downloaded: 334 file(s) [attempted 334/8908 = 3%, 5716 KB/s], Decompressed: 27
2026-09-18T04:48:17.1990003Z Downloaded: 459 file(s) [attempted 459/8908 = 5%, 350 KB/s], Decompressed: 116
2026-09-18T04:48:17.3060647Z Downloaded: 555 file(s) [attempted 555/8908 = 6%, 649 KB/s], Decompressed: 116
2026-09-18T04:48:17.4060811Z Downloaded: 627 file(s) [attempted 627/8908 = 7%, 1755 KB/s], Decompressed: 116
2026-09-18T04:48:17.5719263Z Downloaded: 712 file(s) [attempted 712/8908 = 7%, 636 KB/s], Decompressed: 116
2026-09-18T04:48:17.6725703Z Downloaded: 822 file(s) [attempted 822/8908 = 9%, 5286 KB/s], Decompressed: 116
2026-09-18T04:48:17.7754855Z Downloaded: 941 file(s) [attempted 941/8908 = 10%, 199 KB/s], Decompressed: 380
2026-09-18T04:48:17.8748730Z Downloaded: 1065 file(s) [attempted 1065/8908 = 11%, 224 KB/s], Decompressed: 380
2026-09-18T04:48:18.1041083Z Downloaded: 1178 file(s) [attempted 1178/8908 = 13%, 1254 KB/s], Decompressed: 380
2026-09-18T04:48:18.2016324Z Downloaded: 1211 file(s) [attempted 1211/8908 = 13%, 545 KB/s], Decompressed: 380
2026-09-18T04:48:18.3018080Z Downloaded: 1334 file(s) [attempted 1334/8908 = 14%, 243 KB/s], Decompressed: 380
2026-09-18T04:48:18.4038178Z Downloaded: 1444 file(s) [attempted 1444/8908 = 16%, 963 KB/s], Decompressed: 380
2026-09-18T04:48:18.5048506Z Downloaded: 1571 file(s) [attempted 1571/8908 = 17%, 412 KB/s], Decompressed: 380
2026-09-18T04:48:18.6085129Z Downloaded: 1694 file(s) [attempted 1694/8908 = 19%, 1024 KB/s], Decompressed: 380
2026-09-18T04:48:18.7355633Z Downloaded: 1807 file(s) [attempted 1807/8908 = 20%, 1730 KB/s], Decompressed: 380
2026-09-18T04:48:18.8335341Z Downloaded: 1909 file(s) [attempted 1910/8908 = 21%, 594 KB/s], Decompressed: 380
2026-09-18T04:48:18.9355604Z Downloaded: 1995 file(s) [attempted 1996/8908 = 22%, 279 KB/s], Decompressed: 380
2026-09-18T04:48:19.0368443Z Downloaded: 2146 file(s) [attempted 2147/8908 = 24%, 327 KB/s], Decompressed: 882
2026-09-18T04:48:19.1366598Z Downloaded: 2295 file(s) [attempted 2296/8908 = 25%, 174 KB/s], Decompressed: 882
2026-09-18T04:48:19.2424252Z Downloaded: 2454 file(s) [attempted 2455/8908 = 27%, 162 KB/s], Decompressed: 882
2026-09-18T04:48:19.3398506Z Downloaded: 2598 file(s) [attempted 2599/8908 = 29%, 7263 KB/s], Decompressed: 882
2026-09-18T04:48:19.4428311Z Downloaded: 2751 file(s) [attempted 2752/8908 = 30%, 388 KB/s], Decompressed: 882
2026-09-18T04:48:19.5438502Z Downloaded: 2843 file(s) [attempted 2844/8908 = 31%, 99 KB/s], Decompressed: 882
2026-09-18T04:48:19.6438665Z Downloaded: 2987 file(s) [attempted 2988/8908 = 33%, 302 KB/s], Decompressed: 882
2026-09-18T04:48:19.7510316Z Downloaded: 3104 file(s) [attempted 3105/8908 = 34%, 101 KB/s], Decompressed: 882
2026-09-18T04:48:19.8630058Z Downloaded: 3236 file(s) [attempted 3237/8908 = 36%, 556 KB/s], Decompressed: 882
2026-09-18T04:48:19.9648508Z Downloaded: 3332 file(s) [attempted 3333/8908 = 37%, 140 KB/s], Decompressed: 882
2026-09-18T04:48:20.0638794Z Downloaded: 3404 file(s) [attempted 3405/8908 = 38%, 559 KB/s], Decompressed: 882
2026-09-18T04:48:20.2108308Z Downloaded: 3499 file(s) [attempted 3500/8908 = 39%, 249 KB/s], Decompressed: 882
2026-09-18T04:48:20.4139603Z Downloaded: 3548 file(s) [attempted 3549/8908 = 39%, 553 KB/s], Decompressed: 882
2026-09-18T04:48:20.5205323Z Downloaded: 3656 file(s) [attempted 3657/8908 = 41%, 880 KB/s], Decompressed: 882
2026-09-18T04:48:20.6218662Z Downloaded: 3774 file(s) [attempted 3775/8908 = 42%, 407 KB/s], Decompressed: 882
2026-09-18T04:48:20.7250333Z Downloaded: 3884 file(s) [attempted 3885/8908 = 43%, 515 KB/s], Decompressed: 882
2026-09-18T04:48:20.8261967Z Downloaded: 4007 file(s) [attempted 4008/8908 = 44%, 453 KB/s], Decompressed: 882
2026-09-18T04:48:20.9252626Z Downloaded: 4108 file(s) [attempted 4109/8908 = 46%, 197 KB/s], Decompressed: 882
2026-09-18T04:48:21.0258737Z Downloaded: 4216 file(s) [attempted 4217/8908 = 47%, 1063 KB/s], Decompressed: 882
2026-09-18T04:48:21.1357449Z Downloaded: 4316 file(s) [attempted 4317/8908 = 48%, 2718 KB/s], Decompressed: 882
2026-09-18T04:48:21.2582116Z Downloaded: 4429 file(s) [attempted 4430/8908 = 49%, 1416 KB/s], Decompressed: 882
2026-09-18T04:48:21.3572719Z Downloaded: 4485 file(s) [attempted 4486/8908 = 50%, 366 KB/s], Decompressed: 882
2026-09-18T04:48:21.4602060Z Downloaded: 4576 file(s) [attempted 4577/8908 = 51%, 452 KB/s], Decompressed: 882
2026-09-18T04:48:21.5593065Z Downloaded: 4612 file(s) [attempted 4613/8908 = 51%, 402 KB/s], Decompressed: 882
2026-09-18T04:48:21.6596479Z Downloaded: 4679 file(s) [attempted 4680/8908 = 52%, 212 KB/s], Decompressed: 882
2026-09-18T04:48:21.7605773Z Downloaded: 4785 file(s) [attempted 4786/8908 = 53%, 169 KB/s], Decompressed: 882
2026-09-18T04:48:21.8628719Z Downloaded: 4902 file(s) [attempted 4903/8908 = 55%, 757 KB/s], Decompressed: 882
2026-09-18T04:48:21.9668867Z Downloaded: 5015 file(s) [attempted 5016/8908 = 56%, 115 KB/s], Decompressed: 882
2026-09-18T04:48:22.0649333Z Downloaded: 5133 file(s) [attempted 5134/8908 = 57%, 157 KB/s], Decompressed: 882
2026-09-18T04:48:22.1690540Z Downloaded: 5261 file(s) [attempted 5262/8908 = 59%, 351 KB/s], Decompressed: 2113
2026-09-18T04:48:22.2702836Z Downloaded: 5361 file(s) [attempted 5362/8908 = 60%, 1226 KB/s], Decompressed: 2113
2026-09-18T04:48:22.3718322Z Downloaded: 5488 file(s) [attempted 5489/8908 = 61%, 338 KB/s], Decompressed: 2113
2026-09-18T04:48:22.6080215Z Downloaded: 5609 file(s) [attempted 5611/8908 = 62%, 3955 KB/s], Decompressed: 2113
2026-09-18T04:48:22.7178391Z Downloaded: 5737 file(s) [attempted 5739/8908 = 64%, 2711 KB/s], Decompressed: 2113
2026-09-18T04:48:22.8168868Z Downloaded: 5864 file(s) [attempted 5866/8908 = 65%, 160 KB/s], Decompressed: 2113
2026-09-18T04:48:22.9180536Z Downloaded: 5969 file(s) [attempted 5971/8908 = 67%, 391 KB/s], Decompressed: 2113
2026-09-18T04:48:23.0185337Z Downloaded: 6109 file(s) [attempted 6111/8908 = 68%, 919 KB/s], Decompressed: 2113
2026-09-18T04:48:23.1189780Z Downloaded: 6255 file(s) [attempted 6257/8908 = 70%, 4451 KB/s], Decompressed: 2113
2026-09-18T04:48:23.2219915Z Downloaded: 6392 file(s) [attempted 6394/8908 = 71%, 370 KB/s], Decompressed: 2113
2026-09-18T04:48:23.3231096Z Downloaded: 6522 file(s) [attempted 6524/8908 = 73%, 1165 KB/s], Decompressed: 2113
2026-09-18T04:48:23.4296260Z Downloaded: 6649 file(s) [attempted 6651/8908 = 74%, 1681 KB/s], Decompressed: 2113
2026-09-18T04:48:23.5356085Z Downloaded: 6766 file(s) [attempted 6768/8908 = 75%, 608 KB/s], Decompressed: 2113
2026-09-18T04:48:23.6398698Z Downloaded: 6889 file(s) [attempted 6891/8908 = 77%, 1612 KB/s], Decompressed: 2113
2026-09-18T04:48:23.7455217Z Downloaded: 7023 file(s) [attempted 7025/8908 = 78%, 728 KB/s], Decompressed: 2113
2026-09-18T04:48:23.8518600Z Downloaded: 7143 file(s) [attempted 7145/8908 = 80%, 357 KB/s], Decompressed: 2113
2026-09-18T04:48:23.9528454Z Downloaded: 7215 file(s) [attempted 7217/8908 = 81%, 112 KB/s], Decompressed: 2113
2026-09-18T04:48:24.0519567Z Downloaded: 7328 file(s) [attempted 7330/8908 = 82%, 3090 KB/s], Decompressed: 2113
2026-09-18T04:48:24.1615753Z Downloaded: 7395 file(s) [attempted 7397/8908 = 83%, 974 KB/s], Decompressed: 2113
2026-09-18T04:48:24.2622924Z Downloaded: 7448 file(s) [attempted 7450/8908 = 83%, 239 KB/s], Decompressed: 2113
2026-09-18T04:48:24.3869356Z Downloaded: 7556 file(s) [attempted 7558/8908 = 84%, 1572 KB/s], Decompressed: 2113
2026-09-18T04:48:24.4866112Z Downloaded: 7628 file(s) [attempted 7630/8908 = 85%, 3284 KB/s], Decompressed: 2113
2026-09-18T04:48:24.6150357Z Downloaded: 7729 file(s) [attempted 7731/8908 = 86%, 49 KB/s], Decompressed: 2113
2026-09-18T04:48:24.9849930Z Downloaded: 7760 file(s) [attempted 7762/8908 = 87%, 1074 KB/s], Decompressed: 2113
2026-09-18T04:48:25.2505488Z Downloaded: 7868 file(s) [attempted 7870/8908 = 88%, 146 KB/s], Decompressed: 2113
2026-09-18T04:48:25.3505590Z Downloaded: 7919 file(s) [attempted 7921/8908 = 88%, 2302 KB/s], Decompressed: 2113
2026-09-18T04:48:25.5008323Z Downloaded: 7969 file(s) [attempted 7971/8908 = 89%, 502 KB/s], Decompressed: 2113
2026-09-18T04:48:25.6161215Z Downloaded: 7988 file(s) [attempted 7990/8908 = 89%, 864 KB/s], Decompressed: 2113
2026-09-18T04:48:25.8903221Z Downloaded: 8039 file(s) [attempted 8041/8908 = 90%, 98 KB/s], Decompressed: 2113
2026-09-18T04:48:26.0859256Z Downloaded: 8104 file(s) [attempted 8106/8908 = 90%, 302 KB/s], Decompressed: 2113
2026-09-18T04:48:26.2668190Z Downloaded: 8185 file(s) [attempted 8187/8908 = 91%, 1078 KB/s], Decompressed: 2113
2026-09-18T04:48:26.4298263Z Downloaded: 8248 file(s) [attempted 8250/8908 = 92%, 754 KB/s], Decompressed: 2113
2026-09-18T04:48:26.6249389Z Downloaded: 8300 file(s) [attempted 8302/8908 = 93%, 300 KB/s], Decompressed: 2113
2026-09-18T04:48:26.7230557Z Downloaded: 8377 file(s) [attempted 8379/8908 = 94%, 294 KB/s], Decompressed: 2113
2026-09-18T04:48:26.8317835Z Downloaded: 8430 file(s) [attempted 8432/8908 = 94%, 986 KB/s], Decompressed: 2113
2026-09-18T04:48:26.9565841Z Downloaded: 8500 file(s) [attempted 8502/8908 = 95%, 175 KB/s], Decompressed: 2113
2026-09-18T04:48:27.0612592Z Downloaded: 8591 file(s) [attempted 8593/8908 = 96%, 101 KB/s], Decompressed: 2113
2026-09-18T04:48:27.1612332Z Downloaded: 8696 file(s) [attempted 8698/8908 = 97%, 1009 KB/s], Decompressed: 2113
2026-09-18T04:48:27.2660496Z Downloaded: 8800 file(s) [attempted 8802/8908 = 98%, 2576 KB/s], Decompressed: 2113
2026-09-18T04:48:27.2709816Z Downloaded: 8903 file(s) [attempted 8905/8908 = 99%, 223 KB/s], Decompressed: 2113
2026-09-18T04:48:27.2728540Z Attempting to download 2 file(s) from leanprover-community/mathlib4 cache at https://cache.mathlib.org/mathlib4
2026-09-18T04:48:27.2736452Z Downloaded: 8906 file(s) [attempted 8908/8908 = 100%, 223 KB/s], Decompressed: 2113
2026-09-18T04:48:27.5523673Z 
2026-09-18T04:48:27.5542979Z Downloaded: 0 file(s) [attempted 1/2 = 50%, 0 KB/s], Decompressed: 2113
2026-09-18T04:48:27.5543721Z Downloaded: 0 file(s) [attempted 2/2 = 100%, 0 KB/s], Decompressed: 2113
2026-09-18T04:48:27.5544921Z Warning: some files were not found in the cache.
2026-09-18T04:48:27.5545597Z This usually means that your local checkout of mathlib4 has diverged from upstream.
2026-09-18T04:48:27.5545950Z 
2026-09-18T04:48:27.5546123Z   * If you push your commits to a PR to the mathlib4 repository
2026-09-18T04:48:27.5546537Z     (use a draft PR if it is not ready for review),
2026-09-18T04:48:27.5547128Z     then CI will build the oleans and they will be available later.
2026-09-18T04:48:27.5547585Z   * If you have already opened a PR, this may mean
2026-09-18T04:48:27.5547996Z     the CI build has failed part-way through building.
2026-09-18T04:48:56.7051735Z Decompressed 8906 file(s)
2026-09-18T04:48:56.7052418Z Already decompressed 8906 file(s)
2026-09-18T04:49:01.5383086Z ✔ [8921/8923] Built Mathlib.Probability.Kernel.Invariance (1.3s)
2026-09-18T04:49:05.3418087Z ✔ [8922/8923] Built Mathlib (3.1s)
2026-09-18T04:49:05.3625681Z Build completed successfully (8923 jobs).
2026-09-18T04:49:05.3909393Z ##[group]Run bash scripts/verify.sh
2026-09-18T04:49:05.3909808Z [36;1mbash scripts/verify.sh[0m
2026-09-18T04:49:05.4000931Z shell: /usr/bin/bash --noprofile --norc -e -o pipefail {0}
2026-09-18T04:49:05.4001269Z ##[endgroup]
2026-09-18T04:49:06.4196077Z Passed: /usr/bin/python3 scripts/bootstrap.py
2026-09-18T04:49:12.9803303Z Passed: lake env lean -DwarningAsError=true -j1 -M10000 -o .lake/build/lib/lean/JSP000725.olean ./JSP000725.lean
2026-09-18T04:49:12.9803919Z Compiled/verified source: JSP000725
2026-09-18T04:49:17.2730744Z Passed: lake env lean -DwarningAsError=true -j1 -M10000 -o .lake/build/lib/lean/ErdosProblems/Erdos874/Foundations.olean ./ErdosProblems/Erdos874/Foundations.lean
2026-09-18T04:49:17.2949173Z Compiled/verified source: ErdosProblems.Erdos874.Foundations
2026-09-18T04:49:21.1434844Z Passed: lake env lean -DwarningAsError=true -j1 -M10000 -o .lake/build/lib/lean/JSP000725Bridge.olean ./JSP000725Bridge.lean
2026-09-18T04:49:21.1436257Z Compiled/verified source: JSP000725Bridge
2026-09-18T04:49:29.6210971Z Passed: lake env lean -DwarningAsError=true -j1 -M10000 -o .lake/build/lib/lean/ErdosProblems/Erdos874/Tail.olean ./ErdosProblems/Erdos874/Tail.lean
2026-09-18T04:49:29.6211866Z Compiled/verified source: ErdosProblems.Erdos874.Tail
2026-09-18T04:49:34.2866813Z Passed: lake env lean -DwarningAsError=true -j1 -M10000 -o .lake/build/lib/lean/ErdosProblems/Erdos874/Asymptotics.olean ./ErdosProblems/Erdos874/Asymptotics.lean
2026-09-18T04:49:34.2867767Z Compiled/verified source: ErdosProblems.Erdos874.Asymptotics
2026-09-18T04:49:39.6216380Z Passed: lake env lean -DwarningAsError=true -j1 -M10000 -o .lake/build/lib/lean/ErdosProblems/Erdos874/ExactUpper.olean ./ErdosProblems/Erdos874/ExactUpper.lean
2026-09-18T04:49:39.6217406Z Compiled/verified source: ErdosProblems.Erdos874.ExactUpper
2026-09-18T04:49:44.1963202Z Passed: lake env lean -DwarningAsError=true -j1 -M10000 -o .lake/build/lib/lean/ErdosProblems/Erdos874/RestrictedGrowth.olean ./ErdosProblems/Erdos874/RestrictedGrowth.lean
2026-09-18T04:49:44.1964128Z Compiled/verified source: ErdosProblems.Erdos874.RestrictedGrowth
2026-09-18T04:49:48.6687945Z Passed: lake env lean -DwarningAsError=true -j1 -M10000 -o .lake/build/lib/lean/ErdosProblems/Erdos874/FreimanDimension.olean ./ErdosProblems/Erdos874/FreimanDimension.lean
2026-09-18T04:49:48.6689119Z Compiled/verified source: ErdosProblems.Erdos874.FreimanDimension
2026-09-18T04:49:53.1814933Z Passed: lake env lean -DwarningAsError=true -j1 -M10000 -o .lake/build/lib/lean/ErdosProblems/Erdos874/FreimanNormalization.olean ./ErdosProblems/Erdos874/FreimanNormalization.lean
2026-09-18T04:49:53.1815806Z Compiled/verified source: ErdosProblems.Erdos874.FreimanNormalization
2026-09-18T04:49:57.0783783Z Passed: lake env lean -DwarningAsError=true -j1 -M10000 -o .lake/build/lib/lean/ErdosProblems/Erdos13/Erdos13MulStab.olean ./ErdosProblems/Erdos13/Erdos13MulStab.lean
2026-09-18T04:49:57.0784791Z Compiled/verified source: ErdosProblems.Erdos13.Erdos13MulStab
2026-09-18T04:50:01.8939724Z Passed: lake env lean -DwarningAsError=true -j1 -M10000 -o .lake/build/lib/lean/ErdosProblems/Erdos13/Erdos13Kneser.olean ./ErdosProblems/Erdos13/Erdos13Kneser.lean
2026-09-18T04:50:01.8940744Z Compiled/verified source: ErdosProblems.Erdos13.Erdos13Kneser
2026-09-18T04:50:15.1440434Z Passed: lake env lean -DwarningAsError=true -j1 -M10000 -o .lake/build/lib/lean/ErdosProblems/Erdos13/Erdos13Additive.olean ./ErdosProblems/Erdos13/Erdos13Additive.lean
2026-09-18T04:50:15.1441484Z Compiled/verified source: ErdosProblems.Erdos13.Erdos13Additive
2026-09-18T04:50:19.1655081Z Passed: lake env lean -DwarningAsError=true -j1 -M10000 -o .lake/build/lib/lean/ErdosProblems/Erdos874/LevSmelianski.olean ./ErdosProblems/Erdos874/LevSmelianski.lean
2026-09-18T04:50:19.1656301Z Compiled/verified source: ErdosProblems.Erdos874.LevSmelianski
2026-09-18T04:50:23.0158617Z Passed: lake env lean -DwarningAsError=true -j1 -M10000 -o .lake/build/lib/lean/ErdosProblems/Erdos874/FreimanNormalizedCore.olean ./ErdosProblems/Erdos874/FreimanNormalizedCore.lean
2026-09-18T04:50:23.0159924Z Compiled/verified source: ErdosProblems.Erdos874.FreimanNormalizedCore
2026-09-18T04:50:27.3231998Z Passed: lake env lean -DwarningAsError=true -j1 -M10000 -o .lake/build/lib/lean/ErdosProblems/Erdos874/FreimanThreeKInductive.olean ./ErdosProblems/Erdos874/FreimanThreeKInductive.lean
2026-09-18T04:50:27.3233073Z Compiled/verified source: ErdosProblems.Erdos874.FreimanThreeKInductive
2026-09-18T04:50:31.4582809Z Passed: lake env lean -DwarningAsError=true -j1 -M10000 -o .lake/build/lib/lean/ErdosProblems/Erdos874/FreimanThreeKMinusFour.olean ./ErdosProblems/Erdos874/FreimanThreeKMinusFour.lean
2026-09-18T04:50:31.4583866Z Compiled/verified source: ErdosProblems.Erdos874.FreimanThreeKMinusFour
2026-09-18T04:50:35.8670062Z Passed: lake env lean -DwarningAsError=true -j1 -M10000 -o .lake/build/lib/lean/ErdosProblems/Erdos874/ProgressionExtraction.olean ./ErdosProblems/Erdos874/ProgressionExtraction.lean
2026-09-18T04:50:35.8671292Z Compiled/verified source: ErdosProblems.Erdos874.ProgressionExtraction
2026-09-18T04:50:41.6878907Z Passed: lake env lean -DwarningAsError=true -j1 -M10000 -o .lake/build/lib/lean/ErdosProblems/Erdos874/LongProgression.olean ./ErdosProblems/Erdos874/LongProgression.lean
2026-09-18T04:50:41.6879879Z Compiled/verified source: ErdosProblems.Erdos874.LongProgression
2026-09-18T04:50:47.5242067Z Passed: lake env lean -DwarningAsError=true -j1 -M10000 -o .lake/build/lib/lean/ErdosProblems/Erdos874/PopularPairs.olean ./ErdosProblems/Erdos874/PopularPairs.lean
2026-09-18T04:50:47.5242999Z Compiled/verified source: ErdosProblems.Erdos874.PopularPairs
2026-09-18T04:50:52.7343816Z Passed: lake env lean -DwarningAsError=true -j1 -M10000 -o .lake/build/lib/lean/ErdosProblems/Erdos874/NearIndexFiber.olean ./ErdosProblems/Erdos874/NearIndexFiber.lean
2026-09-18T04:50:52.7344721Z Compiled/verified source: ErdosProblems.Erdos874.NearIndexFiber
2026-09-18T04:50:58.4295756Z Passed: lake env lean -DwarningAsError=true -j1 -M10000 -o .lake/build/lib/lean/ErdosProblems/Erdos874/RestrictedSums.olean ./ErdosProblems/Erdos874/RestrictedSums.lean
2026-09-18T04:50:58.4298792Z Compiled/verified source: ErdosProblems.Erdos874.RestrictedSums
2026-09-18T04:51:04.8048975Z Passed: lake env lean -DwarningAsError=true -j1 -M10000 -o .lake/build/lib/lean/ErdosProblems/Erdos874/FreimanEngine.olean ./ErdosProblems/Erdos874/FreimanEngine.lean
2026-09-18T04:51:04.8049995Z Compiled/verified source: ErdosProblems.Erdos874.FreimanEngine
2026-09-18T04:51:10.4917808Z Passed: lake env lean -DwarningAsError=true -j1 -M10000 -o .lake/build/lib/lean/ErdosProblems/Erdos874/LayerSelection.olean ./ErdosProblems/Erdos874/LayerSelection.lean
2026-09-18T04:51:10.4918779Z Compiled/verified source: ErdosProblems.Erdos874.LayerSelection
2026-09-18T04:51:14.5262341Z Passed: lake env lean -DwarningAsError=true -j1 -M10000 -o .lake/build/lib/lean/ErdosProblems/Erdos874/ModularDecomposition.olean ./ErdosProblems/Erdos874/ModularDecomposition.lean
2026-09-18T04:51:14.5264348Z Compiled/verified source: ErdosProblems.Erdos874.ModularDecomposition
2026-09-18T04:51:19.9940857Z Passed: lake env lean -DwarningAsError=true -j1 -M10000 -o .lake/build/lib/lean/ErdosProblems/Erdos874/ResidueSubgroup.olean ./ErdosProblems/Erdos874/ResidueSubgroup.lean
2026-09-18T04:51:19.9941844Z Compiled/verified source: ErdosProblems.Erdos874.ResidueSubgroup
2026-09-18T04:51:21.6780910Z Passed: lake env lean -DwarningAsError=true -j1 -M10000 -o .lake/build/lib/lean/ErdosProblems/Erdos874/SubgroupGenerators.olean ./ErdosProblems/Erdos874/SubgroupGenerators.lean
2026-09-18T04:51:21.6781855Z Compiled/verified source: ErdosProblems.Erdos874.SubgroupGenerators
2026-09-18T04:51:30.2810942Z Passed: lake env lean -DwarningAsError=true -j1 -M10000 -o .lake/build/lib/lean/ErdosProblems/Erdos874/ConvexTranslate.olean ./ErdosProblems/Erdos874/ConvexTranslate.lean
2026-09-18T04:51:30.2811910Z Compiled/verified source: ErdosProblems.Erdos874.ConvexTranslate
2026-09-18T04:51:34.7038815Z Passed: lake env lean -DwarningAsError=true -j1 -M10000 -o .lake/build/lib/lean/ErdosProblems/Erdos874/MixedSumPath.olean ./ErdosProblems/Erdos874/MixedSumPath.lean
2026-09-18T04:51:34.7039700Z Compiled/verified source: ErdosProblems.Erdos874.MixedSumPath
2026-09-18T04:51:42.3548309Z Passed: lake env lean -DwarningAsError=true -j1 -M10000 -o .lake/build/lib/lean/ErdosProblems/Erdos874/ResidueAlignment.olean ./ErdosProblems/Erdos874/ResidueAlignment.lean
2026-09-18T04:51:42.3549181Z Compiled/verified source: ErdosProblems.Erdos874.ResidueAlignment
2026-09-18T04:51:48.6867239Z Passed: lake env lean -DwarningAsError=true -j1 -M10000 -o .lake/build/lib/lean/ErdosProblems/Erdos874/AlignedBlockSum.olean ./ErdosProblems/Erdos874/AlignedBlockSum.lean
2026-09-18T04:51:48.6868261Z Compiled/verified source: ErdosProblems.Erdos874.AlignedBlockSum
2026-09-18T04:52:01.2835139Z Passed: lake env lean -DwarningAsError=true -j1 -M10000 -o .lake/build/lib/lean/ErdosProblems/Erdos874/RegularSpan.olean ./ErdosProblems/Erdos874/RegularSpan.lean
2026-09-18T04:52:01.2837105Z Compiled/verified source: ErdosProblems.Erdos874.RegularSpan
2026-09-18T04:52:36.3376317Z Passed: lake env lean -DwarningAsError=true -j1 -M10000 -o .lake/build/lib/lean/ErdosProblems/Erdos874/ModularStructure.olean ./ErdosProblems/Erdos874/ModularStructure.lean
2026-09-18T04:52:36.3377580Z Compiled/verified source: ErdosProblems.Erdos874.ModularStructure
2026-09-18T04:52:50.7450065Z Passed: lake env lean -DwarningAsError=true -j1 -M10000 -o .lake/build/lib/lean/ErdosProblems/Erdos874/RoughUpper.olean ./ErdosProblems/Erdos874/RoughUpper.lean
2026-09-18T04:52:50.7450951Z Compiled/verified source: ErdosProblems.Erdos874.RoughUpper
2026-09-18T04:52:58.8026257Z Passed: lake env lean -DwarningAsError=true -j1 -M10000 -o .lake/build/lib/lean/ErdosProblems/Erdos874/SmallFourLayer.olean ./ErdosProblems/Erdos874/SmallFourLayer.lean
2026-09-18T04:52:58.8027364Z Compiled/verified source: ErdosProblems.Erdos874.SmallFourLayer
2026-09-18T04:53:03.3521505Z Passed: lake env lean -DwarningAsError=true -j1 -M10000 -o .lake/build/lib/lean/ErdosProblems/Erdos874/StrausUpper.olean ./ErdosProblems/Erdos874/StrausUpper.lean
2026-09-18T04:53:03.3525065Z Compiled/verified source: ErdosProblems.Erdos874.StrausUpper
2026-09-18T04:53:57.7737627Z Passed: lake env lean -DwarningAsError=true -j1 -M10000 -o .lake/build/lib/lean/ErdosProblems/Erdos874/Thresholds.olean ./ErdosProblems/Erdos874/Thresholds.lean
2026-09-18T04:53:57.7738750Z Compiled/verified source: ErdosProblems.Erdos874.Thresholds
2026-09-18T04:54:04.9419464Z Passed: lake env lean -DwarningAsError=true -j1 -M10000 -o .lake/build/lib/lean/ErdosProblems/Erdos874/Structure.olean ./ErdosProblems/Erdos874/Structure.lean
2026-09-18T04:54:04.9420431Z Compiled/verified source: ErdosProblems.Erdos874.Structure
2026-09-18T04:54:18.9177108Z Passed: lake env lean -DwarningAsError=true -j1 -M10000 -o .lake/build/lib/lean/ErdosProblems/Erdos874/CentralSpan.olean ./ErdosProblems/Erdos874/CentralSpan.lean
2026-09-18T04:54:18.9178723Z Compiled/verified source: ErdosProblems.Erdos874.CentralSpan
2026-09-18T04:54:22.6692893Z Passed: lake env lean -DwarningAsError=true -j1 -M10000 -o .lake/build/lib/lean/ErdosProblems/Erdos874/LayerOrdering.olean ./ErdosProblems/Erdos874/LayerOrdering.lean
2026-09-18T04:54:22.6694261Z Compiled/verified source: ErdosProblems.Erdos874.LayerOrdering
2026-09-18T04:54:32.2666271Z Passed: lake env lean -DwarningAsError=true -j1 -M10000 -o .lake/build/lib/lean/ErdosProblems/Erdos874/LocalDensity.olean ./ErdosProblems/Erdos874/LocalDensity.lean
2026-09-18T04:54:32.2667700Z Compiled/verified source: ErdosProblems.Erdos874.LocalDensity
2026-09-18T04:54:40.4009878Z Passed: lake env lean -DwarningAsError=true -j1 -M10000 -o .lake/build/lib/lean/ErdosProblems/Erdos874/DensityEndgame.olean ./ErdosProblems/Erdos874/DensityEndgame.lean
2026-09-18T04:54:40.4012652Z Compiled/verified source: ErdosProblems.Erdos874.DensityEndgame
2026-09-18T04:55:17.6287423Z Passed: lake env lean -DwarningAsError=true -j1 -M10000 -o .lake/build/lib/lean/ErdosProblems/Erdos874/CentralExtractor.olean ./ErdosProblems/Erdos874/CentralExtractor.lean
2026-09-18T04:55:17.6288461Z Compiled/verified source: ErdosProblems.Erdos874.CentralExtractor
2026-09-18T04:55:28.5425313Z Passed: lake env lean -DwarningAsError=true -j1 -M10000 -o .lake/build/lib/lean/ErdosProblems/Erdos874/EndpointOrientation.olean ./ErdosProblems/Erdos874/EndpointOrientation.lean
2026-09-18T04:55:28.5426330Z Compiled/verified source: ErdosProblems.Erdos874.EndpointOrientation
2026-09-18T04:55:32.2363454Z Passed: lake env lean -DwarningAsError=true -j1 -M10000 -o .lake/build/lib/lean/ErdosProblems/Erdos874.olean ./ErdosProblems/Erdos874.lean
2026-09-18T04:55:32.2364409Z Compiled/verified source: ErdosProblems.Erdos874
2026-09-18T04:55:35.9501512Z Passed: lake env lean -DwarningAsError=true -j1 -M10000 -o .lake/build/lib/lean/JSP000725Complete.olean ./JSP000725Complete.lean
2026-09-18T04:55:35.9502591Z Compiled/verified source: JSP000725Complete
2026-09-18T04:55:39.3654045Z Passed: lake env lean -DwarningAsError=true -j1 -M10000 -o .lake/build/lib/lean/AuditComplete.olean ./AuditComplete.lean
2026-09-18T04:55:39.3655504Z Compiled/verified source: AuditComplete
2026-09-18T04:55:42.7795895Z Passed: lake env lean -DwarningAsError=true AuditComplete.lean
2026-09-18T04:57:23.1639197Z Passed: lake env leanchecker --verbose ErdosProblems
2026-09-18T04:57:26.9856124Z Passed: lake env leanchecker --verbose JSP000725
2026-09-18T04:57:31.5991662Z Passed: lake env leanchecker --verbose JSP000725Bridge
2026-09-18T04:57:36.2772309Z Passed: lake env leanchecker --verbose JSP000725Complete
2026-09-18T04:57:39.7138550Z All full-development checks passed.
2026-09-18T04:57:39.7221358Z ##[group]Run set -euo pipefail
2026-09-18T04:57:39.7221700Z [36;1mset -euo pipefail[0m
2026-09-18T04:57:39.7221936Z [36;1mmkdir -p evidence[0m
2026-09-18T04:57:39.7222278Z [36;1mbash scripts/verify_nanoda.sh 2>&1 | tee evidence/nanoda-build.log[0m
2026-09-18T04:57:39.7242943Z shell: /usr/bin/bash --noprofile --norc -e -o pipefail {0}
2026-09-18T04:57:39.7243341Z ##[endgroup]
2026-09-18T04:57:40.1346819Z https://github.com/leanprover/lean4export.git 6cea97789dc088ea47fcea15692db85685aedac5
2026-09-18T04:57:40.6006709Z https://github.com/ammkrn/nanoda_lib.git 4c544ed4099c8227f07d5de77ad1e69fb0740a27
2026-09-18T04:57:42.1409722Z ✔ [2/6] Built Export (1.4s)
2026-09-18T04:57:43.7415722Z ✔ [3/6] Built Export:c.o (1.6s)
2026-09-18T04:57:44.3437713Z ✔ [4/6] Built Main (631ms)
2026-09-18T04:57:44.5424079Z ✔ [5/6] Built Main:c.o (126ms)
2026-09-18T04:57:45.3444364Z ✔ [6/6] Built lean4export:exe (791ms)
2026-09-18T04:57:45.3452972Z Build completed successfully (6 jobs).
2026-09-18T04:57:45.6828904Z     Updating crates.io index
2026-09-18T04:57:46.0441946Z  Downloading crates ...
2026-09-18T04:57:46.1655545Z   Downloaded equivalent v1.0.1
2026-09-18T04:57:46.2476033Z   Downloaded cfg-if v1.0.0
2026-09-18T04:57:46.2484514Z   Downloaded autocfg v1.1.0
2026-09-18T04:57:46.2494732Z   Downloaded getrandom v0.2.11
2026-09-18T04:57:46.2514715Z   Downloaded itoa v1.0.15
2026-09-18T04:57:46.2524629Z   Downloaded rand_chacha v0.3.1
2026-09-18T04:57:46.2530251Z   Downloaded rustc-hash v1.1.0
2026-09-18T04:57:46.2533967Z   Downloaded hashbrown v0.16.1
2026-09-18T04:57:46.2559181Z   Downloaded ppv-lite86 v0.2.17
2026-09-18T04:57:46.2565343Z   Downloaded rand_core v0.6.4
2026-09-18T04:57:46.2571578Z   Downloaded num-integer v0.1.46
2026-09-18T04:57:46.2578654Z   Downloaded quote v1.0.35
2026-09-18T04:57:46.2589498Z   Downloaded unicode-ident v1.0.12
2026-09-18T04:57:46.2601172Z   Downloaded semver v1.0.27
2026-09-18T04:57:46.2611121Z   Downloaded num-traits v0.2.17
2026-09-18T04:57:46.2622843Z   Downloaded ryu v1.0.20
2026-09-18T04:57:46.2636041Z   Downloaded serde_core v1.0.228
2026-09-18T04:57:46.2649355Z   Downloaded proc-macro2 v1.0.103
2026-09-18T04:57:46.2662932Z   Downloaded serde_derive v1.0.228
2026-09-18T04:57:46.2676489Z   Downloaded memchr v2.7.6
2026-09-18T04:57:46.2699604Z   Downloaded rand v0.8.5
2026-09-18T04:57:46.2716139Z   Downloaded serde v1.0.228
2026-09-18T04:57:46.2732592Z   Downloaded indexmap v2.13.0
2026-09-18T04:57:46.2752680Z   Downloaded num-bigint v0.4.4
2026-09-18T04:57:46.2773608Z   Downloaded serde_json v1.0.145
2026-09-18T04:57:46.2805653Z   Downloaded syn v2.0.111
2026-09-18T04:57:46.2856303Z   Downloaded libc v0.2.180
2026-09-18T04:57:46.3544179Z    Compiling proc-macro2 v1.0.103
2026-09-18T04:57:46.3545418Z    Compiling autocfg v1.1.0
2026-09-18T04:57:46.3545786Z    Compiling unicode-ident v1.0.12
2026-09-18T04:57:46.3546131Z    Compiling serde_core v1.0.228
2026-09-18T04:57:48.3948510Z    Compiling serde v1.0.228
2026-09-18T04:57:48.4775850Z    Compiling num-traits v0.2.17
2026-09-18T04:57:49.0921299Z    Compiling num-bigint v0.4.4
2026-09-18T04:57:49.2492969Z    Compiling serde_json v1.0.145
2026-09-18T04:57:49.4680898Z    Compiling hashbrown v0.16.1
2026-09-18T04:57:50.7946746Z    Compiling quote v1.0.35
2026-09-18T04:57:50.8975932Z    Compiling syn v2.0.111
2026-09-18T04:57:50.8978895Z    Compiling num-integer v0.1.46
2026-09-18T04:57:50.9002607Z    Compiling ryu v1.0.20
2026-09-18T04:57:50.9158270Z    Compiling equivalent v1.0.1
2026-09-18T04:57:50.9382811Z    Compiling memchr v2.7.6
2026-09-18T04:57:51.0844019Z    Compiling itoa v1.0.15
2026-09-18T04:57:51.1552150Z    Compiling indexmap v2.13.0
2026-09-18T04:57:51.6718144Z    Compiling semver v1.0.27
2026-09-18T04:57:51.9690174Z    Compiling rustc-hash v1.1.0
2026-09-18T04:57:52.1671016Z    Compiling serde_derive v1.0.228
2026-09-18T04:57:54.4464581Z    Compiling nanoda_lib v0.4.17 (/tmp/tmp.8zVqmu0f9i/checker)
2026-09-18T04:58:07.0630008Z     Finished `release` profile [optimized] target(s) in 21.60s
2026-09-18T04:58:34.9943387Z Checked 33087 declarations with no errors
2026-09-18T04:58:39.2129243Z ##[group]Run set -euo pipefail
2026-09-18T04:58:39.2129604Z [36;1mset -euo pipefail[0m
2026-09-18T04:58:39.2129895Z [36;1mmkdir -p evidence[0m
2026-09-18T04:58:39.2130231Z [36;1mgit rev-parse HEAD > evidence/SOURCE_COMMIT[0m
2026-09-18T04:58:39.2130620Z [36;1mcp lake-manifest.json evidence/[0m
2026-09-18T04:58:39.2130974Z [36;1mgit diff --exit-code -- lake-manifest.json[0m
2026-09-18T04:58:39.2131357Z [36;1mtar --exclude=.lake --exclude=evidence -czf evidence/source.tar.gz .[0m
2026-09-18T04:58:39.2131783Z [36;1msha256sum evidence/source.tar.gz > evidence/ARCHIVE_SHA256[0m
2026-09-18T04:58:39.2152725Z shell: /usr/bin/bash --noprofile --norc -e -o pipefail {0}
2026-09-18T04:58:39.2153067Z ##[endgroup]
2026-09-18T04:58:39.2658894Z Node 20 is being deprecated. This workflow is running with Node 24 by default. If you need to temporarily use Node 20, you can set the ACTIONS_ALLOW_USE_UNSECURE_NODE_VERSION=true environment variable. For more information see: https://github.blog/changelog/2025-09-19-deprecation-of-node-20-on-github-actions-runners/
2026-09-18T04:58:39.2660624Z ##[group]Run actions/upload-artifact@ea165f8d65b6e75b540449e92b4886f43607fa02
2026-09-18T04:58:39.2661013Z with:
2026-09-18T04:58:39.2661252Z   name: jsp-000725-evidence
2026-09-18T04:58:39.2661627Z   path: projects/jsp-000725/evidence
projects/jsp-000725/evidence-complete

2026-09-18T04:58:39.2662021Z   if-no-files-found: error
2026-09-18T04:58:39.2662296Z   compression-level: 6
2026-09-18T04:58:39.2662634Z   overwrite: false
2026-09-18T04:58:39.2662917Z   include-hidden-files: false
2026-09-18T04:58:39.2663191Z ##[endgroup]
2026-09-18T04:58:39.5625932Z (node:6357) [DEP0040] DeprecationWarning: The `punycode` module is deprecated. Please use a userland alternative instead.
2026-09-18T04:58:39.5626482Z (Use `node --trace-deprecation ...` to show where the warning was created)
2026-09-18T04:58:39.5759521Z Multiple search paths detected. Calculating the least common ancestor of all paths
2026-09-18T04:58:39.5760891Z The least common ancestor is /home/runner/work/jsp-000301-lean/jsp-000301-lean/projects/jsp-000725. This will be the root directory of the artifact
2026-09-18T04:58:39.5761704Z With the provided path, there will be 65 files uploaded
2026-09-18T04:58:39.5763454Z Artifact name is valid!
2026-09-18T04:58:39.5763980Z Root directory input is valid!
2026-09-18T04:58:39.8991316Z Beginning upload of artifact content to blob storage
2026-09-18T04:58:40.1508301Z (node:6357) [DEP0169] DeprecationWarning: `url.parse()` behavior is not standardized and prone to errors that have security implications. Use the WHATWG URL API instead. CVEs are not issued for `url.parse()` vulnerabilities.
2026-09-18T04:58:40.6751881Z Uploaded bytes 8388608
2026-09-18T04:58:40.9274828Z Uploaded bytes 16777216
2026-09-18T04:58:41.0319293Z Uploaded bytes 25165824
2026-09-18T04:58:41.2319165Z Uploaded bytes 33554432
2026-09-18T04:58:41.3403083Z Uploaded bytes 35145853
2026-09-18T04:58:41.3846682Z Finished uploading artifact content to blob storage!
2026-09-18T04:58:41.3847703Z SHA256 digest of uploaded artifact zip is e3d5df59870ea0e771188831d5871e134a0fb93d882abfabac42e2acdfa01483
2026-09-18T04:58:41.3848763Z Finalizing artifact upload
2026-09-18T04:58:41.6077812Z Artifact jsp-000725-evidence.zip successfully finalized. Artifact ID 10532049702
2026-09-18T04:58:41.6079093Z Artifact jsp-000725-evidence has been successfully uploaded! Final size is 35145853 bytes. Artifact ID is 10532049702
2026-09-18T04:58:41.6082389Z Artifact download URL: https://github.com/ketianzhang1-lang/jsp-000301-lean/actions/runs/35308272360/artifacts/10532049702
2026-09-18T04:58:41.6285325Z Node 20 is being deprecated. This workflow is running with Node 24 by default. If you need to temporarily use Node 20, you can set the ACTIONS_ALLOW_USE_UNSECURE_NODE_VERSION=true environment variable. For more information see: https://github.blog/changelog/2025-09-19-deprecation-of-node-20-on-github-actions-runners/
2026-09-18T04:58:41.6286404Z Post job cleanup.
2026-09-18T04:58:41.7062108Z [command]/usr/bin/git version
2026-09-18T04:58:41.7103205Z git version 2.55.0
2026-09-18T04:58:41.7135453Z Temporarily overriding HOME='/home/runner/work/_temp/cfeb9596-1060-4dd5-8ffd-f6285edc414c' before making global git config changes
2026-09-18T04:58:41.7136442Z Adding repository directory to the temporary git global config as a safe directory
2026-09-18T04:58:41.7140899Z [command]/usr/bin/git config --global --add safe.directory /home/runner/work/jsp-000301-lean/jsp-000301-lean
2026-09-18T04:58:41.7172655Z [command]/usr/bin/git config --local --name-only --get-regexp core\.sshCommand
2026-09-18T04:58:41.7200672Z [command]/usr/bin/git submodule foreach --recursive sh -c "git config --local --name-only --get-regexp 'core\.sshCommand' && git config --local --unset-all 'core.sshCommand' || :"
2026-09-18T04:58:41.7388397Z [command]/usr/bin/git config --local --name-only --get-regexp http\.https\:\/\/github\.com\/\.extraheader
2026-09-18T04:58:41.7423107Z [command]/usr/bin/git submodule foreach --recursive sh -c "git config --local --name-only --get-regexp 'http\.https\:\/\/github\.com\/\.extraheader' && git config --local --unset-all 'http.https://github.com/.extraheader' || :"
2026-09-18T04:58:41.7611511Z [command]/usr/bin/git config --local --name-only --get-regexp ^includeIf\.gitdir:
2026-09-18T04:58:41.7637488Z [command]/usr/bin/git submodule foreach --recursive git config --local --show-origin --name-only --get-regexp remote.origin.url
2026-09-18T04:58:41.7946369Z Cleaning up orphan processes
2026-09-18T04:58:41.8219834Z ##[warning]Node.js 20 is deprecated. The following actions target Node.js 20 but are being forced to run on Node.js 24: actions/checkout@11d5960a326750d5838078e36cf38b85af677262, actions/upload-artifact@ea165f8d65b6e75b540449e92b4886f43607fa02. For more information see: https://github.blog/changelog/2025-09-19-deprecation-of-node-20-on-github-actions-runners/

