2026-09-17T00:54:05.7986769Z Current runner version: '2.337.0'
2026-09-17T00:54:05.8014484Z ##[group]Runner Image Provisioner
2026-09-17T00:54:05.8015483Z Hosted Compute Agent
2026-09-17T00:54:05.8016031Z Version: 20260828.587
2026-09-17T00:54:05.8016629Z Commit: abac92662cab4cc7352de4f9f9d2e2419aad9c29
2026-09-17T00:54:05.8017313Z Build Date: 2026-08-28T16:44:25Z
2026-09-17T00:54:05.8017934Z Worker ID: {d7c87440-f4ef-4991-99d7-d543f33c20da}
2026-09-17T00:54:05.8018630Z Azure Region: westus3
2026-09-17T00:54:05.8019200Z ##[endgroup]
2026-09-17T00:54:05.8020827Z ##[group]Operating System
2026-09-17T00:54:05.8021442Z Ubuntu
2026-09-17T00:54:05.8021959Z 24.04.5
2026-09-17T00:54:05.8022461Z LTS
2026-09-17T00:54:05.8022938Z ##[endgroup]
2026-09-17T00:54:05.8023421Z ##[group]Runner Image
2026-09-17T00:54:05.8024014Z Image: ubuntu-24.04
2026-09-17T00:54:05.8024690Z Version: 20260907.300.1
2026-09-17T00:54:05.8025925Z Included Software: https://github.com/actions/runner-images/blob/ubuntu24/20260907.300/images/ubuntu/Ubuntu2404-Readme.md
2026-09-17T00:54:05.8027687Z Image Release: https://github.com/actions/runner-images/releases/tag/ubuntu24%2F20260907.300
2026-09-17T00:54:05.8028611Z ##[endgroup]
2026-09-17T00:54:05.8029769Z ##[group]GITHUB_TOKEN Permissions
2026-09-17T00:54:05.8031953Z Contents: read
2026-09-17T00:54:05.8032544Z Metadata: read
2026-09-17T00:54:05.8033113Z ##[endgroup]
2026-09-17T00:54:05.8035705Z Secret source: Actions
2026-09-17T00:54:05.8036630Z Cache mode: write
2026-09-17T00:54:05.8037489Z Prepare workflow directory
2026-09-17T00:54:05.8457025Z Prepare all required actions
2026-09-17T00:54:05.8511402Z Getting action download info
2026-09-17T00:54:06.1611243Z Download action repository 'actions/checkout@11d5960a326750d5838078e36cf38b85af677262' (SHA:11d5960a326750d5838078e36cf38b85af677262)
2026-09-17T00:54:06.2717012Z Download action repository 'actions/upload-artifact@ea165f8d65b6e75b540449e92b4886f43607fa02' (SHA:ea165f8d65b6e75b540449e92b4886f43607fa02)
2026-09-17T00:54:06.4533052Z Complete job name: verify
2026-09-17T00:54:06.5240940Z Node 20 is being deprecated. This workflow is running with Node 24 by default. If you need to temporarily use Node 20, you can set the ACTIONS_ALLOW_USE_UNSECURE_NODE_VERSION=true environment variable. For more information see: https://github.blog/changelog/2025-09-19-deprecation-of-node-20-on-github-actions-runners/
2026-09-17T00:54:06.5249918Z ##[group]Run actions/checkout@11d5960a326750d5838078e36cf38b85af677262
2026-09-17T00:54:06.5250803Z with:
2026-09-17T00:54:06.5251384Z   persist-credentials: false
2026-09-17T00:54:06.5252013Z   repository: ketianzhang1-lang/jsp-000301-lean
2026-09-17T00:54:06.5255862Z   token: ***
2026-09-17T00:54:06.5256335Z   ssh-strict: true
2026-09-17T00:54:06.5256795Z   ssh-user: git
2026-09-17T00:54:06.5257330Z   clean: true
2026-09-17T00:54:06.5258044Z   sparse-checkout-cone-mode: true
2026-09-17T00:54:06.5258600Z   fetch-depth: 1
2026-09-17T00:54:06.5259077Z   fetch-tags: false
2026-09-17T00:54:06.5259562Z   show-progress: true
2026-09-17T00:54:06.5260211Z   lfs: false
2026-09-17T00:54:06.5260689Z   submodules: false
2026-09-17T00:54:06.5261175Z   set-safe-directory: true
2026-09-17T00:54:06.5261753Z   allow-unsafe-pr-checkout: false
2026-09-17T00:54:06.5262603Z ##[endgroup]
2026-09-17T00:54:06.6471699Z Syncing repository: ketianzhang1-lang/jsp-000301-lean
2026-09-17T00:54:06.6473740Z ##[group]Getting Git version info
2026-09-17T00:54:06.6474897Z Working directory is '/home/runner/work/jsp-000301-lean/jsp-000301-lean'
2026-09-17T00:54:06.6476023Z [command]/usr/bin/git version
2026-09-17T00:54:06.6532401Z git version 2.55.0
2026-09-17T00:54:06.6553786Z ##[endgroup]
2026-09-17T00:54:06.6574751Z Temporarily overriding HOME='/home/runner/work/_temp/2d783635-2d97-4205-8d6e-5c27b67850b7' before making global git config changes
2026-09-17T00:54:06.6576877Z Adding repository directory to the temporary git global config as a safe directory
2026-09-17T00:54:06.6590495Z [command]/usr/bin/git config --global --add safe.directory /home/runner/work/jsp-000301-lean/jsp-000301-lean
2026-09-17T00:54:06.6634845Z Deleting the contents of '/home/runner/work/jsp-000301-lean/jsp-000301-lean'
2026-09-17T00:54:06.6640623Z ##[group]Initializing the repository
2026-09-17T00:54:06.6645669Z [command]/usr/bin/git init /home/runner/work/jsp-000301-lean/jsp-000301-lean
2026-09-17T00:54:06.6747400Z hint: Using 'master' as the name for the initial branch. This default branch name
2026-09-17T00:54:06.6749569Z hint: will change to "main" in Git 3.0. To configure the initial branch name
2026-09-17T00:54:06.6751860Z hint: to use in all of your new repositories, which will suppress this warning,
2026-09-17T00:54:06.6753187Z hint: call:
2026-09-17T00:54:06.6753892Z hint:
2026-09-17T00:54:06.6756474Z hint: 	git config --global init.defaultBranch <name>
2026-09-17T00:54:06.6757580Z hint:
2026-09-17T00:54:06.6758559Z hint: Names commonly chosen instead of 'master' are 'main', 'trunk' and
2026-09-17T00:54:06.6760090Z hint: 'development'. The just-created branch can be renamed via this command:
2026-09-17T00:54:06.6761520Z hint:
2026-09-17T00:54:06.6762285Z hint: 	git branch -m <name>
2026-09-17T00:54:06.6763139Z hint:
2026-09-17T00:54:06.6764221Z hint: Disable this message with "git config set advice.defaultBranchName false"
2026-09-17T00:54:06.6765642Z Initialized empty Git repository in /home/runner/work/jsp-000301-lean/jsp-000301-lean/.git/
2026-09-17T00:54:06.6769229Z [command]/usr/bin/git remote add origin https://github.com/ketianzhang1-lang/jsp-000301-lean
2026-09-17T00:54:06.6813300Z ##[endgroup]
2026-09-17T00:54:06.6814092Z ##[group]Disabling automatic garbage collection
2026-09-17T00:54:06.6819347Z [command]/usr/bin/git config --local gc.auto 0
2026-09-17T00:54:06.6851944Z ##[endgroup]
2026-09-17T00:54:06.6862668Z ##[group]Setting up auth
2026-09-17T00:54:06.6863397Z [command]/usr/bin/git config --local --name-only --get-regexp core\.sshCommand
2026-09-17T00:54:06.6899189Z [command]/usr/bin/git submodule foreach --recursive sh -c "git config --local --name-only --get-regexp 'core\.sshCommand' && git config --local --unset-all 'core.sshCommand' || :"
2026-09-17T00:54:06.7244037Z [command]/usr/bin/git config --local --name-only --get-regexp http\.https\:\/\/github\.com\/\.extraheader
2026-09-17T00:54:06.7282791Z [command]/usr/bin/git submodule foreach --recursive sh -c "git config --local --name-only --get-regexp 'http\.https\:\/\/github\.com\/\.extraheader' && git config --local --unset-all 'http.https://github.com/.extraheader' || :"
2026-09-17T00:54:06.7506339Z [command]/usr/bin/git config --local --name-only --get-regexp ^includeIf\.gitdir:
2026-09-17T00:54:06.7539829Z [command]/usr/bin/git submodule foreach --recursive git config --local --show-origin --name-only --get-regexp remote.origin.url
2026-09-17T00:54:06.7743914Z [command]/usr/bin/git config --local http.https://github.com/.extraheader AUTHORIZATION: basic ***
2026-09-17T00:54:06.7779608Z ##[endgroup]
2026-09-17T00:54:06.7780455Z ##[group]Fetching the repository
2026-09-17T00:54:06.7790506Z [command]/usr/bin/git -c protocol.version=2 fetch --no-tags --prune --no-recurse-submodules --depth=1 origin +7b545f0e021b06d434654b17881c11819f3ff1b7:refs/remotes/origin/jsp-000925-strict-gaps
2026-09-17T00:54:07.2685047Z From https://github.com/ketianzhang1-lang/jsp-000301-lean
2026-09-17T00:54:07.2686777Z  * [new ref]         7b545f0e021b06d434654b17881c11819f3ff1b7 -> origin/jsp-000925-strict-gaps
2026-09-17T00:54:07.2689685Z ##[endgroup]
2026-09-17T00:54:07.2690902Z ##[group]Determining the checkout info
2026-09-17T00:54:07.2693676Z ##[endgroup]
2026-09-17T00:54:07.2701138Z [command]/usr/bin/git sparse-checkout disable
2026-09-17T00:54:07.2749303Z [command]/usr/bin/git config --local --unset-all extensions.worktreeConfig
2026-09-17T00:54:07.2778493Z ##[group]Checking out the ref
2026-09-17T00:54:07.2783948Z [command]/usr/bin/git checkout --progress --force -B jsp-000925-strict-gaps refs/remotes/origin/jsp-000925-strict-gaps
2026-09-17T00:54:07.2840959Z Switched to a new branch 'jsp-000925-strict-gaps'
2026-09-17T00:54:07.2845236Z branch 'jsp-000925-strict-gaps' set up to track 'origin/jsp-000925-strict-gaps'.
2026-09-17T00:54:07.2850177Z ##[endgroup]
2026-09-17T00:54:07.2882917Z [command]/usr/bin/git log -1 --format=%H
2026-09-17T00:54:07.2903425Z 7b545f0e021b06d434654b17881c11819f3ff1b7
2026-09-17T00:54:07.2911367Z ##[group]Removing auth
2026-09-17T00:54:07.2914962Z [command]/usr/bin/git config --local --name-only --get-regexp core\.sshCommand
2026-09-17T00:54:07.2940081Z [command]/usr/bin/git submodule foreach --recursive sh -c "git config --local --name-only --get-regexp 'core\.sshCommand' && git config --local --unset-all 'core.sshCommand' || :"
2026-09-17T00:54:07.3123755Z [command]/usr/bin/git config --local --name-only --get-regexp http\.https\:\/\/github\.com\/\.extraheader
2026-09-17T00:54:07.3147683Z http.https://github.com/.extraheader
2026-09-17T00:54:07.3153985Z [command]/usr/bin/git config --local --unset-all http.https://github.com/.extraheader
2026-09-17T00:54:07.3182745Z [command]/usr/bin/git submodule foreach --recursive sh -c "git config --local --name-only --get-regexp 'http\.https\:\/\/github\.com\/\.extraheader' && git config --local --unset-all 'http.https://github.com/.extraheader' || :"
2026-09-17T00:54:07.3362426Z [command]/usr/bin/git config --local --name-only --get-regexp ^includeIf\.gitdir:
2026-09-17T00:54:07.3388767Z [command]/usr/bin/git submodule foreach --recursive git config --local --show-origin --name-only --get-regexp remote.origin.url
2026-09-17T00:54:07.3567063Z ##[endgroup]
2026-09-17T00:54:07.3763968Z ##[group]Run set -euo pipefail
2026-09-17T00:54:07.3764922Z [36;1mset -euo pipefail[0m
2026-09-17T00:54:07.3765959Z [36;1mcurl -sSf https://elan.lean-lang.org/elan-init.sh | sh -s -- -y --default-toolchain none[0m
2026-09-17T00:54:07.3766847Z [36;1mecho "$HOME/.elan/bin" >> "$GITHUB_PATH"[0m
2026-09-17T00:54:07.3767476Z [36;1mexport PATH="$HOME/.elan/bin:$PATH"[0m
2026-09-17T00:54:07.3768136Z [36;1melan toolchain install "$(cat lean-toolchain)"[0m
2026-09-17T00:54:07.3768775Z [36;1mpython3 scripts/bootstrap.py[0m
2026-09-17T00:54:07.3769375Z [36;1mlake exe cache get[0m
2026-09-17T00:54:07.3769936Z [36;1mgit diff --exit-code -- lake-manifest.json[0m
2026-09-17T00:54:07.3800595Z shell: /usr/bin/bash --noprofile --norc -e -o pipefail {0}
2026-09-17T00:54:07.3801266Z ##[endgroup]
2026-09-17T00:54:07.6781356Z info: downloading installer
2026-09-17T00:54:09.0692032Z info: downloading https://releases.lean-lang.org/lean4/v4.34.0/lean-4.34.0-linux.tar.zst
2026-09-17T00:54:12.0172219Z info: installing /home/runner/.elan/toolchains/leanprover--lean4---v4.34.0
2026-09-17T00:54:18.6284886Z 
2026-09-17T00:54:18.6708808Z leanprover/lean4:v4.34.0 installed - Lean (version 4.34.0, x86_64-unknown-linux-gnu, commit 293d5d0c0c3f3dded4688b3ccd6a33939ac5102b, Release)
2026-09-17T00:54:18.6709648Z 
2026-09-17T00:54:18.8924082Z Pinned upstream source verified: 570e485a1548dd090451dc095ed1ed1128806631e1abff4893405f3e42ea1825 68673 bytes
2026-09-17T00:54:19.5444934Z info: mathlib: cloning https://github.com/leanprover-community/mathlib4
2026-09-17T00:54:54.6350808Z info: mathlib: checking out revision '5ed2965256430c3649e86755f9576b54eca72435'
2026-09-17T00:54:55.8629668Z info: plausible: cloning https://github.com/leanprover-community/plausible
2026-09-17T00:54:56.4489613Z info: plausible: checking out revision '118aa17ee84656b8bd727fef7c458ee8c833385c'
2026-09-17T00:54:56.4622712Z info: LeanSearchClient: cloning https://github.com/leanprover-community/LeanSearchClient
2026-09-17T00:54:57.0566693Z info: LeanSearchClient: checking out revision 'ddf04cf3949fa556442341e87d47f9f6e6074707'
2026-09-17T00:54:57.0688134Z info: importGraph: cloning https://github.com/leanprover-community/import-graph
2026-09-17T00:54:57.8810441Z info: importGraph: checking out revision 'e928b72544873815af278d38681b31c0293588e3'
2026-09-17T00:54:57.8970300Z info: proofwidgets: cloning https://github.com/leanprover-community/ProofWidgets4
2026-09-17T00:54:59.1479775Z info: proofwidgets: checking out revision '106ff4fafc74ef4ac99d81dbf3ab399118f497a5'
2026-09-17T00:54:59.8167424Z info: aesop: cloning https://github.com/leanprover-community/aesop
2026-09-17T00:55:01.1506471Z info: aesop: checking out revision '355695d523e41d0554926416cba2a2b3544fbbc9'
2026-09-17T00:55:01.1688800Z info: Qq: cloning https://github.com/leanprover-community/quote4
2026-09-17T00:55:01.8453644Z info: Qq: checking out revision '6a489d9af5d0c47e5b259e2e8bcdfc1811b5a259'
2026-09-17T00:55:01.8587387Z info: batteries: cloning https://github.com/leanprover-community/batteries
2026-09-17T00:55:10.3465831Z info: batteries: checking out revision 'f2effa3d803fda822b1f97b806c47cf2adfbcbc2'
2026-09-17T00:55:10.3683050Z info: Cli: cloning https://github.com/leanprover/lean4-cli
2026-09-17T00:55:11.0346635Z info: Cli: checking out revision 'e92c9f15fdfacc8536f31cfb3b7ad26c3c8cd204'
2026-09-17T00:55:11.4495727Z ✔ [1/5] Built Cache.Cli (359ms)
2026-09-17T00:55:11.5498889Z ✔ [2/5] Built Cache.Lean (424ms)
2026-09-17T00:55:15.4619871Z ✔ [7/42] Built Cache.Cli:c.o (243ms)
2026-09-17T00:55:15.4645948Z ✔ [8/42] Built Cache.Lean:c.o (238ms)
2026-09-17T00:55:15.5656704Z ✔ [10/42] Built Cache.Env (405ms)
2026-09-17T00:55:15.7632475Z ✔ [11/42] Built Cache.Env:c.o (176ms)
2026-09-17T00:55:16.0638751Z ✔ [12/42] Built Cache.Infra (492ms)
2026-09-17T00:55:16.3639573Z ✔ [13/42] Built Cache.Infra:c.o (246ms)
2026-09-17T00:55:16.7648245Z ✔ [14/42] Built Cache.IO (1.6s)
2026-09-17T00:55:17.5658521Z ✔ [15/42] Built Cache.Hashing (772ms)
2026-09-17T00:55:18.0669151Z ✔ [16/42] Built Cache.Hashing:c.o (578ms)
2026-09-17T00:55:18.3677856Z ✔ [17/42] Built Cache.IO:c.o (1.6s)
2026-09-17T00:55:19.4682241Z ✔ [18/42] Built Cache.Requests (1.9s)
2026-09-17T00:55:19.9720029Z ✔ [19/42] Built Cache.Marker (534ms)
2026-09-17T00:55:20.1721409Z ✔ [20/42] Built Cache.Marker:c.o (160ms)
2026-09-17T00:55:20.8730403Z ✔ [21/42] Built Cache.Upload.Dest (892ms)
2026-09-17T00:55:21.0753018Z ✔ [22/42] Built Cache.Query (1.0s)
2026-09-17T00:55:21.0786761Z ✔ [23/42] Built Cache.Upload.Dest:c.o (208ms)
2026-09-17T00:55:21.5770513Z ✔ [24/42] Built Cache.Query:c.o (477ms)
2026-09-17T00:55:21.9796490Z ✔ [25/42] Built Cache.Upload.Curl (965ms)
2026-09-17T00:55:21.9826060Z ✔ [26/42] Built Cache.Upload.Rclone (1.1s)
2026-09-17T00:55:22.2806605Z ✔ [27/42] Built Cache.Upload.Curl:c.o (281ms)
2026-09-17T00:55:22.2835963Z ✔ [28/42] Built Cache.Upload.Rclone:c.o (299ms)
2026-09-17T00:55:22.7806585Z ✔ [29/42] Built Cache.Warning (1.2s)
2026-09-17T00:55:23.1898100Z ✔ [30/42] Built Cache.Upload.Azure (957ms)
2026-09-17T00:55:23.1910560Z ✔ [31/42] Built Cache.Warning:c.o (436ms)
2026-09-17T00:55:23.3883403Z ✔ [32/42] Built Cache.Upload.Azure:c.o (194ms)
2026-09-17T00:55:23.4885463Z ✔ [33/42] Built Cache.Upload.S3 (1.2s)
2026-09-17T00:55:23.4913040Z ✔ [34/42] Built Cache.Requests:c.o (3.0s)
2026-09-17T00:55:23.7890194Z ✔ [35/42] Built Cache.Upload.S3:c.o (316ms)
2026-09-17T00:55:24.0894146Z ✔ [36/42] Built Cache.Upload.Defs (599ms)
2026-09-17T00:55:24.2897195Z ✔ [37/42] Built Cache.Upload.Defs:c.o (140ms)
2026-09-17T00:55:24.6901616Z ✔ [38/42] Built Cache.Upload (554ms)
2026-09-17T00:55:24.7903203Z ✔ [39/42] Built Cache.Upload:c.o (119ms)
2026-09-17T00:55:25.7915401Z ✔ [40/42] Built Cache.Main (1.1s)
2026-09-17T00:55:26.6926988Z ✔ [41/42] Built Cache.Main:c.o (930ms)
2026-09-17T00:55:27.4950727Z ✔ [42/42] Built cache:exe (752ms)
2026-09-17T00:55:29.5248047Z Current branch: HEAD
2026-09-17T00:55:29.5248931Z Using cache from origin: (some leanprover-community/mathlib4)
2026-09-17T00:55:29.5250422Z Attempting to download 8908 file(s) from leanprover-community/mathlib4 cache at https://cache.mathlib.org/mathlib4-master
2026-09-17T00:55:29.9162709Z 
2026-09-17T00:55:30.0285079Z Downloaded: 1 file(s) [attempted 1/8908 = 0%, 62 KB/s], Decompressed: 0
2026-09-17T00:55:30.1400905Z Downloaded: 22 file(s) [attempted 22/8908 = 0%, 231 KB/s], Decompressed: 17
2026-09-17T00:55:30.2471951Z Downloaded: 56 file(s) [attempted 56/8908 = 0%, 339 KB/s], Decompressed: 31
2026-09-17T00:55:30.3479817Z Downloaded: 125 file(s) [attempted 125/8908 = 1%, 1194 KB/s], Decompressed: 60
2026-09-17T00:55:30.4502004Z Downloaded: 171 file(s) [attempted 171/8908 = 1%, 82 KB/s], Decompressed: 60
2026-09-17T00:55:30.5543291Z Downloaded: 229 file(s) [attempted 229/8908 = 2%, 189 KB/s], Decompressed: 106
2026-09-17T00:55:30.6631886Z Downloaded: 255 file(s) [attempted 255/8908 = 2%, 143 KB/s], Decompressed: 106
2026-09-17T00:55:30.7803041Z Downloaded: 296 file(s) [attempted 296/8908 = 3%, 46 KB/s], Decompressed: 106
2026-09-17T00:55:30.8876020Z Downloaded: 373 file(s) [attempted 373/8908 = 4%, 922 KB/s], Decompressed: 106
2026-09-17T00:55:30.9886411Z Downloaded: 448 file(s) [attempted 448/8908 = 5%, 355 KB/s], Decompressed: 106
2026-09-17T00:55:31.0936701Z Downloaded: 501 file(s) [attempted 501/8908 = 5%, 1091 KB/s], Decompressed: 229
2026-09-17T00:55:31.2026092Z Downloaded: 539 file(s) [attempted 539/8908 = 6%, 726 KB/s], Decompressed: 229
2026-09-17T00:55:31.3275599Z Downloaded: 563 file(s) [attempted 563/8908 = 6%, 381 KB/s], Decompressed: 229
2026-09-17T00:55:31.4395931Z Downloaded: 604 file(s) [attempted 604/8908 = 6%, 104 KB/s], Decompressed: 229
2026-09-17T00:55:31.5396275Z Downloaded: 667 file(s) [attempted 667/8908 = 7%, 188 KB/s], Decompressed: 229
2026-09-17T00:55:31.6415095Z Downloaded: 739 file(s) [attempted 739/8908 = 8%, 209 KB/s], Decompressed: 229
2026-09-17T00:55:31.7595940Z Downloaded: 797 file(s) [attempted 797/8908 = 8%, 1388 KB/s], Decompressed: 229
2026-09-17T00:55:31.8580872Z Downloaded: 876 file(s) [attempted 876/8908 = 9%, 421 KB/s], Decompressed: 229
2026-09-17T00:55:31.9686851Z Downloaded: 932 file(s) [attempted 932/8908 = 10%, 474 KB/s], Decompressed: 229
2026-09-17T00:55:32.0696557Z Downloaded: 989 file(s) [attempted 989/8908 = 11%, 126 KB/s], Decompressed: 491
2026-09-17T00:55:32.1680646Z Downloaded: 1071 file(s) [attempted 1071/8908 = 12%, 149 KB/s], Decompressed: 491
2026-09-17T00:55:32.2697226Z Downloaded: 1125 file(s) [attempted 1125/8908 = 12%, 429 KB/s], Decompressed: 491
2026-09-17T00:55:32.3700007Z Downloaded: 1194 file(s) [attempted 1194/8908 = 13%, 282 KB/s], Decompressed: 491
2026-09-17T00:55:32.4774229Z Downloaded: 1251 file(s) [attempted 1251/8908 = 14%, 190 KB/s], Decompressed: 491
2026-09-17T00:55:32.5776069Z Downloaded: 1302 file(s) [attempted 1302/8908 = 14%, 200 KB/s], Decompressed: 491
2026-09-17T00:55:32.6762563Z Downloaded: 1367 file(s) [attempted 1367/8908 = 15%, 261 KB/s], Decompressed: 491
2026-09-17T00:55:32.7875822Z Downloaded: 1451 file(s) [attempted 1451/8908 = 16%, 1257 KB/s], Decompressed: 491
2026-09-17T00:55:32.8876164Z Downloaded: 1537 file(s) [attempted 1537/8908 = 17%, 1861 KB/s], Decompressed: 491
2026-09-17T00:55:32.9927412Z Downloaded: 1617 file(s) [attempted 1617/8908 = 18%, 1185 KB/s], Decompressed: 491
2026-09-17T00:55:33.0921994Z Downloaded: 1674 file(s) [attempted 1674/8908 = 18%, 362 KB/s], Decompressed: 491
2026-09-17T00:55:33.1925766Z Downloaded: 1718 file(s) [attempted 1718/8908 = 19%, 137 KB/s], Decompressed: 491
2026-09-17T00:55:33.3455880Z Downloaded: 1755 file(s) [attempted 1755/8908 = 19%, 1271 KB/s], Decompressed: 491
2026-09-17T00:55:33.4453915Z Downloaded: 1791 file(s) [attempted 1792/8908 = 20%, 212 KB/s], Decompressed: 491
2026-09-17T00:55:33.5451449Z Downloaded: 1844 file(s) [attempted 1845/8908 = 20%, 889 KB/s], Decompressed: 491
2026-09-17T00:55:33.6496593Z Downloaded: 1916 file(s) [attempted 1917/8908 = 21%, 466 KB/s], Decompressed: 491
2026-09-17T00:55:33.7526206Z Downloaded: 1974 file(s) [attempted 1975/8908 = 22%, 324 KB/s], Decompressed: 491
2026-09-17T00:55:33.8565695Z Downloaded: 2020 file(s) [attempted 2021/8908 = 22%, 538 KB/s], Decompressed: 491
2026-09-17T00:55:33.9603504Z Downloaded: 2068 file(s) [attempted 2069/8908 = 23%, 77 KB/s], Decompressed: 491
2026-09-17T00:55:34.0619194Z Downloaded: 2128 file(s) [attempted 2129/8908 = 23%, 88 KB/s], Decompressed: 989
2026-09-17T00:55:34.1635728Z Downloaded: 2161 file(s) [attempted 2162/8908 = 24%, 742 KB/s], Decompressed: 989
2026-09-17T00:55:34.2686114Z Downloaded: 2214 file(s) [attempted 2215/8908 = 24%, 73 KB/s], Decompressed: 989
2026-09-17T00:55:34.3751236Z Downloaded: 2291 file(s) [attempted 2292/8908 = 25%, 1312 KB/s], Decompressed: 989
2026-09-17T00:55:34.4915763Z Downloaded: 2349 file(s) [attempted 2350/8908 = 26%, 224 KB/s], Decompressed: 989
2026-09-17T00:55:34.5951918Z Downloaded: 2404 file(s) [attempted 2405/8908 = 26%, 348 KB/s], Decompressed: 989
2026-09-17T00:55:34.6947385Z Downloaded: 2481 file(s) [attempted 2482/8908 = 27%, 584 KB/s], Decompressed: 989
2026-09-17T00:55:34.7952971Z Downloaded: 2548 file(s) [attempted 2549/8908 = 28%, 73 KB/s], Decompressed: 989
2026-09-17T00:55:34.8951980Z Downloaded: 2642 file(s) [attempted 2643/8908 = 29%, 126 KB/s], Decompressed: 989
2026-09-17T00:55:35.0023426Z Downloaded: 2726 file(s) [attempted 2727/8908 = 30%, 830 KB/s], Decompressed: 989
2026-09-17T00:55:35.1058426Z Downloaded: 2806 file(s) [attempted 2807/8908 = 31%, 649 KB/s], Decompressed: 989
2026-09-17T00:55:35.2065958Z Downloaded: 2868 file(s) [attempted 2869/8908 = 32%, 1300 KB/s], Decompressed: 989
2026-09-17T00:55:35.3061866Z Downloaded: 2945 file(s) [attempted 2946/8908 = 33%, 1227 KB/s], Decompressed: 989
2026-09-17T00:55:35.4126386Z Downloaded: 3000 file(s) [attempted 3001/8908 = 33%, 513 KB/s], Decompressed: 989
2026-09-17T00:55:35.5115572Z Downloaded: 3080 file(s) [attempted 3081/8908 = 34%, 1456 KB/s], Decompressed: 989
2026-09-17T00:55:35.6116430Z Downloaded: 3159 file(s) [attempted 3160/8908 = 35%, 340 KB/s], Decompressed: 989
2026-09-17T00:55:35.7108550Z Downloaded: 3221 file(s) [attempted 3222/8908 = 36%, 442 KB/s], Decompressed: 989
2026-09-17T00:55:35.8148111Z Downloaded: 3304 file(s) [attempted 3305/8908 = 37%, 282 KB/s], Decompressed: 989
2026-09-17T00:55:35.9168474Z Downloaded: 3378 file(s) [attempted 3379/8908 = 37%, 360 KB/s], Decompressed: 989
2026-09-17T00:55:36.0179949Z Downloaded: 3445 file(s) [attempted 3446/8908 = 38%, 807 KB/s], Decompressed: 989
2026-09-17T00:55:36.1186033Z Downloaded: 3536 file(s) [attempted 3537/8908 = 39%, 1641 KB/s], Decompressed: 989
2026-09-17T00:55:36.2205852Z Downloaded: 3613 file(s) [attempted 3614/8908 = 40%, 124 KB/s], Decompressed: 989
2026-09-17T00:55:36.3283255Z Downloaded: 3680 file(s) [attempted 3681/8908 = 41%, 476 KB/s], Decompressed: 989
2026-09-17T00:55:36.4336062Z Downloaded: 3774 file(s) [attempted 3775/8908 = 42%, 244 KB/s], Decompressed: 989
2026-09-17T00:55:36.5416328Z Downloaded: 3851 file(s) [attempted 3852/8908 = 43%, 667 KB/s], Decompressed: 989
2026-09-17T00:55:36.6517319Z Downloaded: 3947 file(s) [attempted 3948/8908 = 44%, 1381 KB/s], Decompressed: 989
2026-09-17T00:55:36.7576016Z Downloaded: 4043 file(s) [attempted 4044/8908 = 45%, 1663 KB/s], Decompressed: 989
2026-09-17T00:55:36.8564054Z Downloaded: 4130 file(s) [attempted 4131/8908 = 46%, 582 KB/s], Decompressed: 989
2026-09-17T00:55:36.9581542Z Downloaded: 4210 file(s) [attempted 4211/8908 = 47%, 1708 KB/s], Decompressed: 989
2026-09-17T00:55:37.0616204Z Downloaded: 4286 file(s) [attempted 4287/8908 = 48%, 3141 KB/s], Decompressed: 989
2026-09-17T00:55:37.1626348Z Downloaded: 4387 file(s) [attempted 4388/8908 = 49%, 1087 KB/s], Decompressed: 989
2026-09-17T00:55:37.2736919Z Downloaded: 4516 file(s) [attempted 4517/8908 = 50%, 1000 KB/s], Decompressed: 989
2026-09-17T00:55:37.3785540Z Downloaded: 4623 file(s) [attempted 4624/8908 = 51%, 553 KB/s], Decompressed: 2084
2026-09-17T00:55:37.4820550Z Downloaded: 4721 file(s) [attempted 4722/8908 = 53%, 809 KB/s], Decompressed: 2084
2026-09-17T00:55:37.5870735Z Downloaded: 4822 file(s) [attempted 4823/8908 = 54%, 691 KB/s], Decompressed: 2084
2026-09-17T00:55:37.6898291Z Downloaded: 4906 file(s) [attempted 4907/8908 = 55%, 2908 KB/s], Decompressed: 2084
2026-09-17T00:55:37.7916200Z Downloaded: 4985 file(s) [attempted 4986/8908 = 55%, 205 KB/s], Decompressed: 2084
2026-09-17T00:55:37.8928707Z Downloaded: 5041 file(s) [attempted 5042/8908 = 56%, 664 KB/s], Decompressed: 2084
2026-09-17T00:55:38.0021483Z Downloaded: 5120 file(s) [attempted 5121/8908 = 57%, 1490 KB/s], Decompressed: 2084
2026-09-17T00:55:38.1016489Z Downloaded: 5199 file(s) [attempted 5200/8908 = 58%, 1421 KB/s], Decompressed: 2084
2026-09-17T00:55:38.2031927Z Downloaded: 5285 file(s) [attempted 5286/8908 = 59%, 118 KB/s], Decompressed: 2084
2026-09-17T00:55:38.4710047Z Downloaded: 5372 file(s) [attempted 5373/8908 = 60%, 2404 KB/s], Decompressed: 2084
2026-09-17T00:55:38.5865309Z Downloaded: 5435 file(s) [attempted 5436/8908 = 61%, 1256 KB/s], Decompressed: 2084
2026-09-17T00:55:38.6895827Z Downloaded: 5523 file(s) [attempted 5525/8908 = 62%, 1593 KB/s], Decompressed: 2084
2026-09-17T00:55:38.7925883Z Downloaded: 5595 file(s) [attempted 5597/8908 = 62%, 1245 KB/s], Decompressed: 2084
2026-09-17T00:55:38.8912320Z Downloaded: 5689 file(s) [attempted 5691/8908 = 63%, 1055 KB/s], Decompressed: 2084
2026-09-17T00:55:38.9916125Z Downloaded: 5754 file(s) [attempted 5756/8908 = 64%, 553 KB/s], Decompressed: 2084
2026-09-17T00:55:39.0937197Z Downloaded: 5840 file(s) [attempted 5842/8908 = 65%, 636 KB/s], Decompressed: 2084
2026-09-17T00:55:39.2695605Z Downloaded: 5900 file(s) [attempted 5902/8908 = 66%, 598 KB/s], Decompressed: 2084
2026-09-17T00:55:39.3782527Z Downloaded: 5989 file(s) [attempted 5991/8908 = 67%, 105 KB/s], Decompressed: 2084
2026-09-17T00:55:39.4822323Z Downloaded: 6042 file(s) [attempted 6044/8908 = 67%, 1328 KB/s], Decompressed: 2084
2026-09-17T00:55:39.5808205Z Downloaded: 6121 file(s) [attempted 6123/8908 = 68%, 963 KB/s], Decompressed: 2084
2026-09-17T00:55:39.6838140Z Downloaded: 6182 file(s) [attempted 6184/8908 = 69%, 586 KB/s], Decompressed: 2084
2026-09-17T00:55:39.7946428Z Downloaded: 6242 file(s) [attempted 6244/8908 = 70%, 187 KB/s], Decompressed: 2084
2026-09-17T00:55:39.9246066Z Downloaded: 6335 file(s) [attempted 6337/8908 = 71%, 323 KB/s], Decompressed: 2084
2026-09-17T00:55:40.0264777Z Downloaded: 6395 file(s) [attempted 6397/8908 = 71%, 689 KB/s], Decompressed: 2084
2026-09-17T00:55:40.1426426Z Downloaded: 6487 file(s) [attempted 6489/8908 = 72%, 867 KB/s], Decompressed: 2084
2026-09-17T00:55:40.2926561Z Downloaded: 6544 file(s) [attempted 6546/8908 = 73%, 1270 KB/s], Decompressed: 2084
2026-09-17T00:55:40.3926591Z Downloaded: 6571 file(s) [attempted 6573/8908 = 73%, 341 KB/s], Decompressed: 2084
2026-09-17T00:55:40.5159580Z Downloaded: 6623 file(s) [attempted 6625/8908 = 74%, 1015 KB/s], Decompressed: 2084
2026-09-17T00:55:40.6390264Z Downloaded: 6672 file(s) [attempted 6674/8908 = 74%, 462 KB/s], Decompressed: 2084
2026-09-17T00:55:40.7578898Z Downloaded: 6715 file(s) [attempted 6717/8908 = 75%, 142 KB/s], Decompressed: 2084
2026-09-17T00:55:40.8782983Z Downloaded: 6766 file(s) [attempted 6768/8908 = 75%, 1773 KB/s], Decompressed: 2084
2026-09-17T00:55:40.9912218Z Downloaded: 6830 file(s) [attempted 6832/8908 = 76%, 462 KB/s], Decompressed: 2084
2026-09-17T00:55:41.0926167Z Downloaded: 6888 file(s) [attempted 6890/8908 = 77%, 409 KB/s], Decompressed: 2084
2026-09-17T00:55:41.1925890Z Downloaded: 6948 file(s) [attempted 6950/8908 = 78%, 1655 KB/s], Decompressed: 2084
2026-09-17T00:55:41.3089255Z Downloaded: 7008 file(s) [attempted 7010/8908 = 78%, 163 KB/s], Decompressed: 2084
2026-09-17T00:55:41.4358099Z Downloaded: 7068 file(s) [attempted 7070/8908 = 79%, 93 KB/s], Decompressed: 2084
2026-09-17T00:55:41.5556166Z Downloaded: 7114 file(s) [attempted 7116/8908 = 79%, 1763 KB/s], Decompressed: 2084
2026-09-17T00:55:41.7760079Z Downloaded: 7169 file(s) [attempted 7171/8908 = 80%, 260 KB/s], Decompressed: 2084
2026-09-17T00:55:41.9170346Z Downloaded: 7213 file(s) [attempted 7215/8908 = 80%, 385 KB/s], Decompressed: 2084
2026-09-17T00:55:42.0193242Z Downloaded: 7273 file(s) [attempted 7275/8908 = 81%, 1048 KB/s], Decompressed: 2084
2026-09-17T00:55:42.1218545Z Downloaded: 7364 file(s) [attempted 7366/8908 = 82%, 2519 KB/s], Decompressed: 2084
2026-09-17T00:55:42.2255887Z Downloaded: 7441 file(s) [attempted 7443/8908 = 83%, 409 KB/s], Decompressed: 2084
2026-09-17T00:55:42.3249742Z Downloaded: 7508 file(s) [attempted 7510/8908 = 84%, 84 KB/s], Decompressed: 2084
2026-09-17T00:55:42.4388326Z Downloaded: 7571 file(s) [attempted 7573/8908 = 85%, 191 KB/s], Decompressed: 2084
2026-09-17T00:55:42.5445328Z Downloaded: 7626 file(s) [attempted 7628/8908 = 85%, 382 KB/s], Decompressed: 2084
2026-09-17T00:55:42.6456064Z Downloaded: 7681 file(s) [attempted 7683/8908 = 86%, 847 KB/s], Decompressed: 2084
2026-09-17T00:55:42.7795885Z Downloaded: 7744 file(s) [attempted 7746/8908 = 86%, 2558 KB/s], Decompressed: 2084
2026-09-17T00:55:42.8840483Z Downloaded: 7802 file(s) [attempted 7804/8908 = 87%, 8408 KB/s], Decompressed: 2084
2026-09-17T00:55:42.9841661Z Downloaded: 7842 file(s) [attempted 7844/8908 = 88%, 151 KB/s], Decompressed: 2084
2026-09-17T00:55:43.0889229Z Downloaded: 7905 file(s) [attempted 7907/8908 = 88%, 629 KB/s], Decompressed: 2084
2026-09-17T00:55:43.1906180Z Downloaded: 7960 file(s) [attempted 7962/8908 = 89%, 198 KB/s], Decompressed: 2084
2026-09-17T00:55:43.2915094Z Downloaded: 8042 file(s) [attempted 8044/8908 = 90%, 210 KB/s], Decompressed: 2084
2026-09-17T00:55:43.3996241Z Downloaded: 8107 file(s) [attempted 8109/8908 = 91%, 160 KB/s], Decompressed: 2084
2026-09-17T00:55:43.5096341Z Downloaded: 8179 file(s) [attempted 8181/8908 = 91%, 347 KB/s], Decompressed: 2084
2026-09-17T00:55:43.6156114Z Downloaded: 8241 file(s) [attempted 8243/8908 = 92%, 1616 KB/s], Decompressed: 2084
2026-09-17T00:55:43.7205977Z Downloaded: 8316 file(s) [attempted 8318/8908 = 93%, 446 KB/s], Decompressed: 2084
2026-09-17T00:55:43.8255031Z Downloaded: 8359 file(s) [attempted 8361/8908 = 93%, 103 KB/s], Decompressed: 2084
2026-09-17T00:55:43.9362360Z Downloaded: 8410 file(s) [attempted 8412/8908 = 94%, 2898 KB/s], Decompressed: 2084
2026-09-17T00:55:44.0380833Z Downloaded: 8463 file(s) [attempted 8465/8908 = 95%, 539 KB/s], Decompressed: 2084
2026-09-17T00:55:44.1576374Z Downloaded: 8518 file(s) [attempted 8520/8908 = 95%, 469 KB/s], Decompressed: 2084
2026-09-17T00:55:44.2606009Z Downloaded: 8573 file(s) [attempted 8575/8908 = 96%, 143 KB/s], Decompressed: 2084
2026-09-17T00:55:44.3828922Z Downloaded: 8621 file(s) [attempted 8623/8908 = 96%, 290 KB/s], Decompressed: 2084
2026-09-17T00:55:44.5051030Z Downloaded: 8636 file(s) [attempted 8638/8908 = 96%, 124 KB/s], Decompressed: 2084
2026-09-17T00:55:44.6116057Z Downloaded: 8686 file(s) [attempted 8688/8908 = 97%, 649 KB/s], Decompressed: 2084
2026-09-17T00:55:44.7126132Z Downloaded: 8741 file(s) [attempted 8743/8908 = 98%, 992 KB/s], Decompressed: 2084
2026-09-17T00:55:44.8138482Z Downloaded: 8802 file(s) [attempted 8804/8908 = 98%, 189 KB/s], Decompressed: 2084
2026-09-17T00:55:45.1386154Z Downloaded: 8857 file(s) [attempted 8859/8908 = 99%, 745 KB/s], Decompressed: 2084
2026-09-17T00:55:45.1387649Z Downloaded: 8905 file(s) [attempted 8907/8908 = 99%, 984 KB/s], Decompressed: 2084
2026-09-17T00:55:45.1415435Z Attempting to download 2 file(s) from leanprover-community/mathlib4 cache at https://cache.mathlib.org/mathlib4
2026-09-17T00:55:45.1416720Z Downloaded: 8906 file(s) [attempted 8908/8908 = 100%, 984 KB/s], Decompressed: 2084
2026-09-17T00:55:45.4355496Z 
2026-09-17T00:55:45.4392231Z Downloaded: 0 file(s) [attempted 1/2 = 50%, 0 KB/s], Decompressed: 2084
2026-09-17T00:55:45.4393813Z Downloaded: 0 file(s) [attempted 2/2 = 100%, 0 KB/s], Decompressed: 2084
2026-09-17T00:55:45.4394902Z Warning: some files were not found in the cache.
2026-09-17T00:55:45.4395892Z This usually means that your local checkout of mathlib4 has diverged from upstream.
2026-09-17T00:55:45.4396613Z 
2026-09-17T00:55:45.4396985Z   * If you push your commits to a PR to the mathlib4 repository
2026-09-17T00:55:45.4397776Z     (use a draft PR if it is not ready for review),
2026-09-17T00:55:45.4398562Z     then CI will build the oleans and they will be available later.
2026-09-17T00:55:45.4399325Z   * If you have already opened a PR, this may mean
2026-09-17T00:55:45.4399977Z     the CI build has failed part-way through building.
2026-09-17T00:55:58.5930270Z Decompressed 8906 file(s)
2026-09-17T00:55:58.5930739Z Already decompressed 8906 file(s)
2026-09-17T00:55:58.6548395Z ##[group]Run bash scripts/verify.sh
2026-09-17T00:55:58.6548736Z [36;1mbash scripts/verify.sh[0m
2026-09-17T00:55:58.6577322Z shell: /usr/bin/bash --noprofile --norc -e -o pipefail {0}
2026-09-17T00:55:58.6577856Z ##[endgroup]
2026-09-17T00:55:58.6966271Z Pinned upstream source verified: 570e485a1548dd090451dc095ed1ed1128806631e1abff4893405f3e42ea1825 68673 bytes
2026-09-17T00:56:05.4513405Z ✔ [8365/8419] Built Mathlib.Probability.Kernel.Invariance (1.5s)
2026-09-17T00:56:10.2564116Z ✔ [8923/8926] Built Mathlib (3.8s)
2026-09-17T00:56:27.5815275Z ℹ [8924/8926] Built Erdos1114 (17s)
2026-09-17T00:56:27.5816228Z info: Erdos1114.lean:1618:0: 'Erdos1114.erdos_1114' depends on axioms: [propext, Classical.choice, Quot.sound]
2026-09-17T00:56:35.8909106Z ℹ [8925/8926] Built JSP000925Strict (8.1s)
2026-09-17T00:56:35.8909790Z info: JSP000925Strict.lean:233:0: 'JSP000925Strict.strict_gap_theorem' depends on axioms: [propext, Classical.choice, Quot.sound]
2026-09-17T00:56:35.8910738Z info: JSP000925Strict.lean:234:0: 'JSP000925Strict.exists_unique_strict_gaps' depends on axioms: [propext, Classical.choice, Quot.sound]
2026-09-17T00:56:35.8938547Z Build completed successfully (8926 jobs).
2026-09-17T00:56:54.7416663Z 'JSP000925Strict.strict_algebra' depends on axioms: [propext, Classical.choice, Quot.sound]
2026-09-17T00:56:54.7417600Z 'JSP000925Strict.phase_second_positive' depends on axioms: [propext, Classical.choice, Quot.sound]
2026-09-17T00:56:54.7418521Z 'JSP000925Strict.phase_strict_convex' depends on axioms: [propext, Classical.choice, Quot.sound]
2026-09-17T00:56:54.7419469Z 'JSP000925Strict.canonical_strict' depends on axioms: [propext, Classical.choice, Quot.sound]
2026-09-17T00:56:54.7420535Z 'JSP000925Strict.strict_gap_theorem' depends on axioms: [propext, Classical.choice, Quot.sound]
2026-09-17T00:56:54.7421823Z 'JSP000925Strict.interval_critical_exists' depends on axioms: [propext, Classical.choice, Quot.sound]
2026-09-17T00:56:54.7422921Z 'JSP000925Strict.interval_critical_unique' depends on axioms: [propext, Classical.choice, Quot.sound]
2026-09-17T00:56:54.7423540Z 'JSP000925Strict.exists_unique_strict_gaps' depends on axioms: [propext, Classical.choice, Quot.sound]
2026-09-17T00:56:54.7424684Z JSP000925Strict.strict_gap_theorem {N : ℕ} (hN : 0 < N) {a d : ℝ} (hd : 0 < d) {f : Polynomial ℝ} {b : ℕ → ℝ}
2026-09-17T00:56:54.7425355Z   (hf : f ≠ 0) (hdegree : f.natDegree = N + 1) (hroots : ∀ j ≤ N, Polynomial.eval (a + d * ↑j) f = 0)
2026-09-17T00:56:54.7425849Z   (hb : ∀ k < N, b k ∈ Set.Ioo (a + d * ↑k) (a + d * (↑k + 1)))
2026-09-17T00:56:54.7426316Z   (hderiv : ∀ k < N, Polynomial.eval (b k) (Polynomial.derivative f) = 0) :
2026-09-17T00:56:54.7426803Z   JSP000925Strict.RightGapStrict N b ∧ Erdos1114.GapSymmetric N b
2026-09-17T00:56:54.7427408Z JSP000925Strict.exists_unique_strict_gaps {N : ℕ} (hN : 0 < N) {a d : ℝ} (hd : 0 < d) {f : Polynomial ℝ} (hf : f ≠ 0)
2026-09-17T00:56:54.7428056Z   (hdegree : f.natDegree = N + 1) (hroots : ∀ j ≤ N, Polynomial.eval (a + d * ↑j) f = 0) :
2026-09-17T00:56:54.7428436Z   ∃ b,
2026-09-17T00:56:54.7428707Z     (∀ k < N, b k ∈ Set.Ioo (a + d * ↑k) (a + d * (↑k + 1))) ∧
2026-09-17T00:56:54.7429119Z       (∀ k < N, Polynomial.eval (b k) (Polynomial.derivative f) = 0) ∧
2026-09-17T00:56:54.7429460Z         (∀ k < N,
2026-09-17T00:56:54.7432437Z             ∀ x ∈ Set.Ioo (a + d * ↑k) (a + d * (↑k + 1)), Polynomial.eval x (Polynomial.derivative f) = 0 → x = b k) ∧
2026-09-17T00:56:54.7433307Z           JSP000925Strict.RightGapStrict N b ∧ Erdos1114.GapSymmetric N b
2026-09-17T00:56:54.7433773Z def JSP000925Strict.RightGapStrict : ℕ → (ℕ → ℝ) → Prop :=
2026-09-17T00:56:54.7434366Z fun N b => ∀ (i : ℕ), i + 2 < N → N ≤ 2 * (i + 1) → b (i + 1) - b i < b (i + 2) - b (i + 1)
2026-09-17T00:56:55.0215222Z Eight axiom audits and all dependency pins passed.
2026-09-17T00:56:55.0216749Z Supplement SHA256: ae35fbe83a0d5fba85e0e223907fff3bc1b0cdd6fb4b7245c02c0ba4e9fe3c31
2026-09-17T00:56:59.7995815Z ##[group]Run set -euo pipefail
2026-09-17T00:56:59.7996298Z [36;1mset -euo pipefail[0m
2026-09-17T00:56:59.7996908Z [36;1mbash scripts/verify_nanoda.sh 2>&1 | tee evidence/nanoda-build.log[0m
2026-09-17T00:56:59.8039741Z shell: /usr/bin/bash --noprofile --norc -e -o pipefail {0}
2026-09-17T00:56:59.8040295Z ##[endgroup]
2026-09-17T00:57:00.3453399Z https://github.com/leanprover/lean4export.git 6cea97789dc088ea47fcea15692db85685aedac5
2026-09-17T00:57:00.9414829Z https://github.com/ammkrn/nanoda_lib.git 4c544ed4099c8227f07d5de77ad1e69fb0740a27
2026-09-17T00:57:03.2903269Z ✔ [2/6] Built Export (2.2s)
2026-09-17T00:57:05.9935044Z ✔ [3/6] Built Export:c.o (2.7s)
2026-09-17T00:57:06.8946066Z ✔ [4/6] Built Main (971ms)
2026-09-17T00:57:07.0949186Z ✔ [5/6] Built Main:c.o (188ms)
2026-09-17T00:57:08.1971483Z ✔ [6/6] Built lean4export:exe (1.1s)
2026-09-17T00:57:08.1973755Z Build completed successfully (6 jobs).
2026-09-17T00:57:10.4929101Z     Updating crates.io index
2026-09-17T00:57:10.7184784Z  Downloading crates ...
2026-09-17T00:57:10.7609058Z   Downloaded autocfg v1.1.0
2026-09-17T00:57:10.7919574Z   Downloaded cfg-if v1.0.0
2026-09-17T00:57:10.7931357Z   Downloaded hashbrown v0.16.1
2026-09-17T00:57:10.8024763Z   Downloaded equivalent v1.0.1
2026-09-17T00:57:10.8031428Z   Downloaded rustc-hash v1.1.0
2026-09-17T00:57:10.8038039Z   Downloaded itoa v1.0.15
2026-09-17T00:57:10.8048470Z   Downloaded rand_chacha v0.3.1
2026-09-17T00:57:10.8056830Z   Downloaded rand_core v0.6.4
2026-09-17T00:57:10.8066431Z   Downloaded getrandom v0.2.11
2026-09-17T00:57:10.8085722Z   Downloaded ppv-lite86 v0.2.17
2026-09-17T00:57:10.8097659Z   Downloaded quote v1.0.35
2026-09-17T00:57:10.8118731Z   Downloaded num-integer v0.1.46
2026-09-17T00:57:10.8130082Z   Downloaded semver v1.0.27
2026-09-17T00:57:10.8144598Z   Downloaded unicode-ident v1.0.12
2026-09-17T00:57:10.8161843Z   Downloaded num-traits v0.2.17
2026-09-17T00:57:10.8181759Z   Downloaded ryu v1.0.20
2026-09-17T00:57:10.8205179Z   Downloaded serde_derive v1.0.228
2026-09-17T00:57:10.8226265Z   Downloaded proc-macro2 v1.0.103
2026-09-17T00:57:10.8248069Z   Downloaded serde_core v1.0.228
2026-09-17T00:57:10.8269704Z   Downloaded rand v0.8.5
2026-09-17T00:57:10.8294491Z   Downloaded indexmap v2.13.0
2026-09-17T00:57:10.8324106Z   Downloaded num-bigint v0.4.4
2026-09-17T00:57:10.8354950Z   Downloaded serde v1.0.228
2026-09-17T00:57:10.8377405Z   Downloaded memchr v2.7.6
2026-09-17T00:57:10.8409801Z   Downloaded serde_json v1.0.145
2026-09-17T00:57:10.8463727Z   Downloaded syn v2.0.111
2026-09-17T00:57:10.8537731Z   Downloaded libc v0.2.180
2026-09-17T00:57:10.9341889Z    Compiling autocfg v1.1.0
2026-09-17T00:57:10.9342806Z    Compiling proc-macro2 v1.0.103
2026-09-17T00:57:10.9343409Z    Compiling unicode-ident v1.0.12
2026-09-17T00:57:10.9344440Z    Compiling serde_core v1.0.228
2026-09-17T00:57:13.7230758Z    Compiling serde v1.0.228
2026-09-17T00:57:13.8121419Z    Compiling num-traits v0.2.17
2026-09-17T00:57:15.9528700Z    Compiling num-bigint v0.4.4
2026-09-17T00:57:16.1555516Z    Compiling serde_json v1.0.145
2026-09-17T00:57:16.4192244Z    Compiling equivalent v1.0.1
2026-09-17T00:57:16.6478193Z    Compiling hashbrown v0.16.1
2026-09-17T00:57:16.9777460Z    Compiling quote v1.0.35
2026-09-17T00:57:17.2092547Z    Compiling syn v2.0.111
2026-09-17T00:57:17.2731019Z    Compiling num-integer v0.1.46
2026-09-17T00:57:17.5093395Z    Compiling ryu v1.0.20
2026-09-17T00:57:17.7255901Z    Compiling itoa v1.0.15
2026-09-17T00:57:17.8151375Z    Compiling memchr v2.7.6
2026-09-17T00:57:17.8186987Z    Compiling indexmap v2.13.0
2026-09-17T00:57:18.8052776Z    Compiling semver v1.0.27
2026-09-17T00:57:18.9529769Z    Compiling rustc-hash v1.1.0
2026-09-17T00:57:19.3740371Z    Compiling serde_derive v1.0.228
2026-09-17T00:57:22.6249247Z    Compiling nanoda_lib v0.4.17 (/tmp/tmp.Sy9AV1EdCl/checker)
2026-09-17T00:57:37.6845197Z     Finished `release` profile [optimized] target(s) in 29.10s
2026-09-17T00:58:40.7889687Z Checked 50927 declarations with no errors
2026-09-17T00:58:48.4944715Z ##[group]Run mkdir -p evidence
2026-09-17T00:58:48.4945154Z [36;1mmkdir -p evidence[0m
2026-09-17T00:58:48.4945487Z [36;1mgit rev-parse HEAD > evidence/SOURCE_COMMIT[0m
2026-09-17T00:58:48.4946127Z [36;1msha256sum JSP000925Strict.lean Erdos1114.lean Audit.lean lake-manifest.json > evidence/SOURCE_SHA256SUMS[0m
2026-09-17T00:58:48.4946926Z [36;1mcp lake-manifest.json evidence/[0m
2026-09-17T00:58:48.5005861Z shell: /usr/bin/bash --noprofile --norc -e -o pipefail {0}
2026-09-17T00:58:48.5006279Z ##[endgroup]
2026-09-17T00:58:48.5278169Z Node 20 is being deprecated. This workflow is running with Node 24 by default. If you need to temporarily use Node 20, you can set the ACTIONS_ALLOW_USE_UNSECURE_NODE_VERSION=true environment variable. For more information see: https://github.blog/changelog/2025-09-19-deprecation-of-node-20-on-github-actions-runners/
2026-09-17T00:58:48.5280695Z ##[group]Run actions/upload-artifact@ea165f8d65b6e75b540449e92b4886f43607fa02
2026-09-17T00:58:48.5281070Z with:
2026-09-17T00:58:48.5281287Z   name: jsp-000925-strict-evidence
2026-09-17T00:58:48.5281554Z   path: projects/jsp-000925-strict/evidence
2026-09-17T00:58:48.5281822Z   if-no-files-found: error
2026-09-17T00:58:48.5282048Z   compression-level: 6
2026-09-17T00:58:48.5282246Z   overwrite: false
2026-09-17T00:58:48.5282471Z   include-hidden-files: false
2026-09-17T00:58:48.5282699Z ##[endgroup]
2026-09-17T00:58:48.8416183Z (node:4557) [DEP0040] DeprecationWarning: The `punycode` module is deprecated. Please use a userland alternative instead.
2026-09-17T00:58:48.8417229Z (Use `node --trace-deprecation ...` to show where the warning was created)
2026-09-17T00:58:48.8538175Z With the provided path, there will be 15 files uploaded
2026-09-17T00:58:48.8539092Z Artifact name is valid!
2026-09-17T00:58:48.8539468Z Root directory input is valid!
2026-09-17T00:58:49.2212361Z Beginning upload of artifact content to blob storage
2026-09-17T00:58:49.5280526Z (node:4557) [DEP0169] DeprecationWarning: `url.parse()` behavior is not standardized and prone to errors that have security implications. Use the WHATWG URL API instead. CVEs are not issued for `url.parse()` vulnerabilities.
2026-09-17T00:58:50.2665771Z Uploaded bytes 8388608
2026-09-17T00:58:50.6045059Z Uploaded bytes 16777216
2026-09-17T00:58:50.6335376Z Uploaded bytes 25165824
2026-09-17T00:58:50.8374399Z Uploaded bytes 33554432
2026-09-17T00:58:50.9573942Z Uploaded bytes 41943040
2026-09-17T00:58:51.2328216Z Uploaded bytes 50331648
2026-09-17T00:58:51.3450321Z Uploaded bytes 53524136
2026-09-17T00:58:51.4111496Z Finished uploading artifact content to blob storage!
2026-09-17T00:58:51.4115391Z SHA256 digest of uploaded artifact zip is bb353673593c587c1770d8f4d4aa96dbc958f266aef195923a5c12618c268534
2026-09-17T00:58:51.4118174Z Finalizing artifact upload
2026-09-17T00:58:51.6282315Z Artifact jsp-000925-strict-evidence.zip successfully finalized. Artifact ID 10475571672
2026-09-17T00:58:51.6283425Z Artifact jsp-000925-strict-evidence has been successfully uploaded! Final size is 53524136 bytes. Artifact ID is 10475571672
2026-09-17T00:58:51.6293842Z Artifact download URL: https://github.com/ketianzhang1-lang/jsp-000301-lean/actions/runs/35168402594/artifacts/10475571672
2026-09-17T00:58:51.6598178Z Node 20 is being deprecated. This workflow is running with Node 24 by default. If you need to temporarily use Node 20, you can set the ACTIONS_ALLOW_USE_UNSECURE_NODE_VERSION=true environment variable. For more information see: https://github.blog/changelog/2025-09-19-deprecation-of-node-20-on-github-actions-runners/
2026-09-17T00:58:51.6599376Z Post job cleanup.
2026-09-17T00:58:51.7546725Z [command]/usr/bin/git version
2026-09-17T00:58:51.7595800Z git version 2.55.0
2026-09-17T00:58:51.7630516Z Temporarily overriding HOME='/home/runner/work/_temp/de4d593b-ec07-4fa8-aff0-3ba907cb133f' before making global git config changes
2026-09-17T00:58:51.7631975Z Adding repository directory to the temporary git global config as a safe directory
2026-09-17T00:58:51.7638215Z [command]/usr/bin/git config --global --add safe.directory /home/runner/work/jsp-000301-lean/jsp-000301-lean
2026-09-17T00:58:51.7686391Z [command]/usr/bin/git config --local --name-only --get-regexp core\.sshCommand
2026-09-17T00:58:51.7725983Z [command]/usr/bin/git submodule foreach --recursive sh -c "git config --local --name-only --get-regexp 'core\.sshCommand' && git config --local --unset-all 'core.sshCommand' || :"
2026-09-17T00:58:51.7990591Z [command]/usr/bin/git config --local --name-only --get-regexp http\.https\:\/\/github\.com\/\.extraheader
2026-09-17T00:58:51.8061120Z [command]/usr/bin/git submodule foreach --recursive sh -c "git config --local --name-only --get-regexp 'http\.https\:\/\/github\.com\/\.extraheader' && git config --local --unset-all 'http.https://github.com/.extraheader' || :"
2026-09-17T00:58:51.8373706Z [command]/usr/bin/git config --local --name-only --get-regexp ^includeIf\.gitdir:
2026-09-17T00:58:51.8447062Z [command]/usr/bin/git submodule foreach --recursive git config --local --show-origin --name-only --get-regexp remote.origin.url
2026-09-17T00:58:51.9072620Z Cleaning up orphan processes
2026-09-17T00:58:51.9403219Z ##[warning]Node.js 20 is deprecated. The following actions target Node.js 20 but are being forced to run on Node.js 24: actions/checkout@11d5960a326750d5838078e36cf38b85af677262, actions/upload-artifact@ea165f8d65b6e75b540449e92b4886f43607fa02. For more information see: https://github.blog/changelog/2025-09-19-deprecation-of-node-20-on-github-actions-runners/
