'JSP000636.antichain_iff_isAntichain' depends on axioms: [propext, Classical.choice, Quot.sound]
'JSP000636.twins_of_multiplicity' depends on axioms: [propext, Classical.choice, Quot.sound]
'JSP000636.card_pos_of_twins' depends on axioms: [propext, Classical.choice, Quot.sound]
'JSP000636.antichain_complements' depends on axioms: [propext, Classical.choice, Quot.sound]
'JSP000636.twins_complements' depends on axioms: [propext, Classical.choice, Quot.sound]
'JSP000636.card_sizes_complements' depends on axioms: [propext, Classical.choice, Quot.sound]
'JSP000636.card_le_of_singleton' depends on axioms: [propext, Classical.choice, Quot.sound]
'JSP000636.size_count_le_of_singleton' depends on axioms: [propext, Classical.choice, Quot.sound]
'JSP000636.size_count_le' depends on axioms: [propext, Classical.choice, Quot.sound]
'JSP000636.card_eq_mul_size_count' depends on axioms: [propext, Classical.choice, Quot.sound]
'JSP000636.exact_multiplicity_card_le' depends on axioms: [propext, Classical.choice, Quot.sound]
'JSP000636.sharp_at_four' depends on axioms: [propext, Classical.choice, Quot.sound]
'JSP000636.three_is_exception' depends on axioms: [propext, Classical.choice, Quot.sound]
'JSP000636.one_is_exception' depends on axioms: [propext, Classical.choice, Quot.sound]
'JSP000636.pair_eq_of_mem' depends on axioms: [propext, Classical.choice, Quot.sound]
'JSP000636.pair_of_mem' depends on axioms: [propext, Classical.choice, Quot.sound]
'JSP000636.mem_crossPairs' depends on axioms: [propext, Classical.choice, Quot.sound]
'JSP000636.hits_crossPairs' depends on axioms: [propext, Classical.choice, Quot.sound]
'JSP000636.cross_intersecting_pairs_intersect' depends on axioms: [propext, Classical.choice, Quot.sound]
'JSP000636.intersecting_pairs_star' depends on axioms: [propext, Classical.choice, Quot.sound]
'JSP000636.star_image' depends on axioms: [propext, Classical.choice, Quot.sound]
'JSP000636.card_leaves' depends on axioms: [propext, Classical.choice, Quot.sound]
'JSP000636.common_star' depends on axioms: [propext, Classical.choice, Quot.sound]
'JSP000636.level_card_ge' depends on axioms: [propext, Classical.choice, Quot.sound]
'JSP000636.complements_involutive' depends on axioms: [propext, Classical.choice, Quot.sound]
'JSP000636.multiplicity_complements' depends on axioms: [propext, Classical.choice, Quot.sound]
'JSP000636.card_singles' depends on axioms: [propext, Classical.choice, Quot.sound]
'JSP000636.sizes_bound_of_singles' depends on axioms: [propext, Classical.choice, Quot.sound]
'JSP000636.full_profile' depends on axioms: [propext, Classical.choice, Quot.sound]
'JSP000636.small_contains_center' depends on axioms: [propext, Classical.choice, Quot.sound]
'JSP000636.subset_avoiding_leaves' depends on axioms: [propext, Classical.choice, Quot.sound]
'JSP000636.erase_not_subset' depends on axioms: [propext, Classical.choice, Quot.sound]
'JSP000636.coatom_blockers_card' depends on axioms: [propext, Classical.choice, Quot.sound]
'JSP000636.middle_contains_bound' depends on axioms: [propext, Classical.choice, Quot.sound]
'JSP000636.card_complements' depends on axioms: [propext, Classical.choice, Quot.sound]
'JSP000636.critical_size_bound' depends on axioms: [propext, Classical.choice, Quot.sound]
'JSP000636.extremal_critical_le' depends on axioms: [propext, Classical.choice, Quot.sound]
'JSP000636.threshold_lower_bound' depends on axioms: [propext, Classical.choice, Quot.sound]
'JSP000636.choose_ge_self' depends on axioms: [propext, Quot.sound]
'JSP000636.pair_capacity' depends on axioms: [propext, Quot.sound]
'JSP000636.select_subsets' depends on axioms: [propext, Classical.choice, Quot.sound]
'JSP000636.HalfFamily.mem_family' depends on axioms: [propext, Classical.choice, Quot.sound]
'JSP000636.HalfFamily.antichain' depends on axioms: [propext, Classical.choice, Quot.sound]
'JSP000636.HalfFamily.card_le' depends on axioms: [propext, Classical.choice, Quot.sound]
'JSP000636.HalfFamily.common_mem' depends on axioms: [propext, Classical.choice, Quot.sound]
'JSP000636.HalfFamily.multiplicity' depends on axioms: [propext, Classical.choice, Quot.sound]
'JSP000636.HalfFamily.full_antichain' depends on axioms: [propext, Classical.choice, Quot.sound]
'JSP000636.HalfFamily.full_multiplicity' depends on axioms: [propext, Classical.choice, Quot.sound]
'JSP000636.HalfFamily.all_sizes' depends on axioms: [propext, Classical.choice, Quot.sound]
'JSP000636.HalfFamily.full_size_count' depends on axioms: [propext, Classical.choice, Quot.sound]
'JSP000636.pairLabel_half_exists' depends on axioms: [propext, Classical.choice, Quot.sound]
'JSP000636.sqrt_pair_capacity' depends on axioms: [propext, Classical.choice, Quot.sound]
'JSP000636.attaining_family' depends on axioms: [propext, Classical.choice, Quot.sound]
'JSP000636.extremal_eventually_eq' depends on axioms: [propext, Classical.choice, Quot.sound]
'JSP000636.threshold_upper_bound' depends on axioms: [propext, Classical.choice, Quot.sound]
'JSP000636.threshold_exists' depends on axioms: [propext, Classical.choice, Quot.sound]
'JSP000636.leastThreshold_spec' depends on axioms: [propext, Classical.choice, Quot.sound]
'JSP000636.leastThreshold_le' depends on axioms: [propext, Classical.choice, Quot.sound]
'JSP000636.leastThreshold_bounds' depends on axioms: [propext, Classical.choice, Quot.sound]
'JSP000636.thin_to_exact' depends on axioms: [propext, Classical.choice, Quot.sound]
'JSP000636.exact_attaining_family' depends on axioms: [propext, Classical.choice, Quot.sound]
'JSP000636.exactExtremal_eq' depends on axioms: [propext, Classical.choice, Quot.sound]
'JSP000636.exactExtremal_eventually_eq' depends on axioms: [propext, Classical.choice, Quot.sound]
'JSP000636.threshold_eq' depends on axioms: [propext, Classical.choice, Quot.sound]
'JSP000636.threshold_exact_spec' depends on axioms: [propext, Classical.choice, Quot.sound]
'JSP000636.threshold_bounds' depends on axioms: [propext, Classical.choice, Quot.sound]
'JSP000636.threshold_relative_bound' depends on axioms: [propext, Classical.choice, Quot.sound]
'JSP000636.threshold_ratio_bound' depends on axioms: [propext, Classical.choice, Quot.sound]
'JSP000636.threshold_ratio_tendsto' depends on axioms: [propext, Classical.choice, Quot.sound]
'JSP000636.exact_threshold_estimate' depends on axioms: [propext, Classical.choice, Quot.sound]
'JSP000636.jsp_000636_estimate' depends on axioms: [propext, Classical.choice, Quot.sound]
