2026-09-17T02:59:02.2851689Z Current runner version: '2.337.0'
2026-09-17T02:59:02.2879850Z ##[group]Runner Image Provisioner
2026-09-17T02:59:02.2881049Z Hosted Compute Agent
2026-09-17T02:59:02.2881738Z Version: 20260828.587
2026-09-17T02:59:02.2882530Z Commit: abac92662cab4cc7352de4f9f9d2e2419aad9c29
2026-09-17T02:59:02.2883346Z Build Date: 2026-08-28T16:44:25Z
2026-09-17T02:59:02.2884098Z Worker ID: {9ac3213e-f213-4a02-a890-85e12f1f7ab2}
2026-09-17T02:59:02.2884881Z Azure Region: northcentralus
2026-09-17T02:59:02.2885531Z ##[endgroup]
2026-09-17T02:59:02.2887100Z ##[group]Operating System
2026-09-17T02:59:02.2887791Z Ubuntu
2026-09-17T02:59:02.2888335Z 24.04.5
2026-09-17T02:59:02.2888952Z LTS
2026-09-17T02:59:02.2889503Z ##[endgroup]
2026-09-17T02:59:02.2890163Z ##[group]Runner Image
2026-09-17T02:59:02.2891139Z Image: ubuntu-24.04
2026-09-17T02:59:02.2891722Z Version: 20260907.300.1
2026-09-17T02:59:02.2893541Z Included Software: https://github.com/actions/runner-images/blob/ubuntu24/20260907.300/images/ubuntu/Ubuntu2404-Readme.md
2026-09-17T02:59:02.2895588Z Image Release: https://github.com/actions/runner-images/releases/tag/ubuntu24%2F20260907.300
2026-09-17T02:59:02.2896609Z ##[endgroup]
2026-09-17T02:59:02.2897791Z ##[group]GITHUB_TOKEN Permissions
2026-09-17T02:59:02.2900272Z Contents: read
2026-09-17T02:59:02.2901057Z Metadata: read
2026-09-17T02:59:02.2901766Z ##[endgroup]
2026-09-17T02:59:02.2903924Z Secret source: Actions
2026-09-17T02:59:02.2904993Z Cache mode: write
2026-09-17T02:59:02.2906198Z Prepare workflow directory
2026-09-17T02:59:02.3312795Z Prepare all required actions
2026-09-17T02:59:02.3362898Z Getting action download info
2026-09-17T02:59:02.5805763Z Download action repository 'actions/checkout@11d5960a326750d5838078e36cf38b85af677262' (SHA:11d5960a326750d5838078e36cf38b85af677262)
2026-09-17T02:59:02.6858330Z Download action repository 'actions/upload-artifact@ea165f8d65b6e75b540449e92b4886f43607fa02' (SHA:ea165f8d65b6e75b540449e92b4886f43607fa02)
2026-09-17T02:59:02.8957934Z Complete job name: verify
2026-09-17T02:59:02.9708562Z Node 20 is being deprecated. This workflow is running with Node 24 by default. If you need to temporarily use Node 20, you can set the ACTIONS_ALLOW_USE_UNSECURE_NODE_VERSION=true environment variable. For more information see: https://github.blog/changelog/2025-09-19-deprecation-of-node-20-on-github-actions-runners/
2026-09-17T02:59:02.9717553Z ##[group]Run actions/checkout@11d5960a326750d5838078e36cf38b85af677262
2026-09-17T02:59:02.9718440Z with:
2026-09-17T02:59:02.9718886Z   persist-credentials: false
2026-09-17T02:59:02.9719478Z   repository: ketianzhang1-lang/jsp-000301-lean
2026-09-17T02:59:02.9723807Z   token: ***
2026-09-17T02:59:02.9724252Z   ssh-strict: true
2026-09-17T02:59:02.9724696Z   ssh-user: git
2026-09-17T02:59:02.9725119Z   clean: true
2026-09-17T02:59:02.9725576Z   sparse-checkout-cone-mode: true
2026-09-17T02:59:02.9726092Z   fetch-depth: 1
2026-09-17T02:59:02.9726531Z   fetch-tags: false
2026-09-17T02:59:02.9726974Z   show-progress: true
2026-09-17T02:59:02.9727465Z   lfs: false
2026-09-17T02:59:02.9727894Z   submodules: false
2026-09-17T02:59:02.9728343Z   set-safe-directory: true
2026-09-17T02:59:02.9728849Z   allow-unsafe-pr-checkout: false
2026-09-17T02:59:02.9729576Z ##[endgroup]
2026-09-17T02:59:03.0774792Z Syncing repository: ketianzhang1-lang/jsp-000301-lean
2026-09-17T02:59:03.0777621Z ##[group]Getting Git version info
2026-09-17T02:59:03.0778827Z Working directory is '/home/runner/work/jsp-000301-lean/jsp-000301-lean'
2026-09-17T02:59:03.0780996Z [command]/usr/bin/git version
2026-09-17T02:59:03.0796419Z git version 2.55.0
2026-09-17T02:59:03.0815903Z ##[endgroup]
2026-09-17T02:59:03.0830000Z Temporarily overriding HOME='/home/runner/work/_temp/80c8bbdc-7276-407c-8489-5c94d5e7841b' before making global git config changes
2026-09-17T02:59:03.0832383Z Adding repository directory to the temporary git global config as a safe directory
2026-09-17T02:59:03.0835039Z [command]/usr/bin/git config --global --add safe.directory /home/runner/work/jsp-000301-lean/jsp-000301-lean
2026-09-17T02:59:03.0881896Z Deleting the contents of '/home/runner/work/jsp-000301-lean/jsp-000301-lean'
2026-09-17T02:59:03.0883703Z ##[group]Initializing the repository
2026-09-17T02:59:03.0885874Z [command]/usr/bin/git init /home/runner/work/jsp-000301-lean/jsp-000301-lean
2026-09-17T02:59:03.0971445Z hint: Using 'master' as the name for the initial branch. This default branch name
2026-09-17T02:59:03.0973080Z hint: will change to "main" in Git 3.0. To configure the initial branch name
2026-09-17T02:59:03.0976088Z hint: to use in all of your new repositories, which will suppress this warning,
2026-09-17T02:59:03.0977258Z hint: call:
2026-09-17T02:59:03.0977883Z hint:
2026-09-17T02:59:03.0978674Z hint: 	git config --global init.defaultBranch <name>
2026-09-17T02:59:03.0979707Z hint:
2026-09-17T02:59:03.0980610Z hint: Names commonly chosen instead of 'master' are 'main', 'trunk' and
2026-09-17T02:59:03.0982273Z hint: 'development'. The just-created branch can be renamed via this command:
2026-09-17T02:59:03.0983499Z hint:
2026-09-17T02:59:03.0984129Z hint: 	git branch -m <name>
2026-09-17T02:59:03.0984865Z hint:
2026-09-17T02:59:03.0985846Z hint: Disable this message with "git config set advice.defaultBranchName false"
2026-09-17T02:59:03.0987534Z Initialized empty Git repository in /home/runner/work/jsp-000301-lean/jsp-000301-lean/.git/
2026-09-17T02:59:03.0990446Z [command]/usr/bin/git remote add origin https://github.com/ketianzhang1-lang/jsp-000301-lean
2026-09-17T02:59:03.1034171Z ##[endgroup]
2026-09-17T02:59:03.1035337Z ##[group]Disabling automatic garbage collection
2026-09-17T02:59:03.1038622Z [command]/usr/bin/git config --local gc.auto 0
2026-09-17T02:59:03.1071113Z ##[endgroup]
2026-09-17T02:59:03.1072234Z ##[group]Setting up auth
2026-09-17T02:59:03.1078536Z [command]/usr/bin/git config --local --name-only --get-regexp core\.sshCommand
2026-09-17T02:59:03.1113040Z [command]/usr/bin/git submodule foreach --recursive sh -c "git config --local --name-only --get-regexp 'core\.sshCommand' && git config --local --unset-all 'core.sshCommand' || :"
2026-09-17T02:59:03.1452781Z [command]/usr/bin/git config --local --name-only --get-regexp http\.https\:\/\/github\.com\/\.extraheader
2026-09-17T02:59:03.1490544Z [command]/usr/bin/git submodule foreach --recursive sh -c "git config --local --name-only --get-regexp 'http\.https\:\/\/github\.com\/\.extraheader' && git config --local --unset-all 'http.https://github.com/.extraheader' || :"
2026-09-17T02:59:03.1751365Z [command]/usr/bin/git config --local --name-only --get-regexp ^includeIf\.gitdir:
2026-09-17T02:59:03.1792203Z [command]/usr/bin/git submodule foreach --recursive git config --local --show-origin --name-only --get-regexp remote.origin.url
2026-09-17T02:59:03.2036857Z [command]/usr/bin/git config --local http.https://github.com/.extraheader AUTHORIZATION: basic ***
2026-09-17T02:59:03.2077538Z ##[endgroup]
2026-09-17T02:59:03.2078433Z ##[group]Fetching the repository
2026-09-17T02:59:03.2087483Z [command]/usr/bin/git -c protocol.version=2 fetch --no-tags --prune --no-recurse-submodules --depth=1 origin +bad12390f362ae74b0c825256824b9fdaf897136:refs/remotes/origin/jsp-000881-sigma-kz
2026-09-17T02:59:03.5210412Z From https://github.com/ketianzhang1-lang/jsp-000301-lean
2026-09-17T02:59:03.5213297Z  * [new ref]         bad12390f362ae74b0c825256824b9fdaf897136 -> origin/jsp-000881-sigma-kz
2026-09-17T02:59:03.5216703Z ##[endgroup]
2026-09-17T02:59:03.5218178Z ##[group]Determining the checkout info
2026-09-17T02:59:03.5219886Z ##[endgroup]
2026-09-17T02:59:03.5225505Z [command]/usr/bin/git sparse-checkout disable
2026-09-17T02:59:03.5278931Z [command]/usr/bin/git config --local --unset-all extensions.worktreeConfig
2026-09-17T02:59:03.5313358Z ##[group]Checking out the ref
2026-09-17T02:59:03.5318600Z [command]/usr/bin/git checkout --progress --force -B jsp-000881-sigma-kz refs/remotes/origin/jsp-000881-sigma-kz
2026-09-17T02:59:03.5397616Z Switched to a new branch 'jsp-000881-sigma-kz'
2026-09-17T02:59:03.5404837Z branch 'jsp-000881-sigma-kz' set up to track 'origin/jsp-000881-sigma-kz'.
2026-09-17T02:59:03.5409675Z ##[endgroup]
2026-09-17T02:59:03.5455265Z [command]/usr/bin/git log -1 --format=%H
2026-09-17T02:59:03.5483739Z bad12390f362ae74b0c825256824b9fdaf897136
2026-09-17T02:59:03.5493719Z ##[group]Removing auth
2026-09-17T02:59:03.5497855Z [command]/usr/bin/git config --local --name-only --get-regexp core\.sshCommand
2026-09-17T02:59:03.5533839Z [command]/usr/bin/git submodule foreach --recursive sh -c "git config --local --name-only --get-regexp 'core\.sshCommand' && git config --local --unset-all 'core.sshCommand' || :"
2026-09-17T02:59:03.5774488Z [command]/usr/bin/git config --local --name-only --get-regexp http\.https\:\/\/github\.com\/\.extraheader
2026-09-17T02:59:03.5803764Z http.https://github.com/.extraheader
2026-09-17T02:59:03.5812229Z [command]/usr/bin/git config --local --unset-all http.https://github.com/.extraheader
2026-09-17T02:59:03.5850182Z [command]/usr/bin/git submodule foreach --recursive sh -c "git config --local --name-only --get-regexp 'http\.https\:\/\/github\.com\/\.extraheader' && git config --local --unset-all 'http.https://github.com/.extraheader' || :"
2026-09-17T02:59:03.6085771Z [command]/usr/bin/git config --local --name-only --get-regexp ^includeIf\.gitdir:
2026-09-17T02:59:03.6119944Z [command]/usr/bin/git submodule foreach --recursive git config --local --show-origin --name-only --get-regexp remote.origin.url
2026-09-17T02:59:03.6355771Z ##[endgroup]
2026-09-17T02:59:03.6587865Z ##[group]Run set -euo pipefail
2026-09-17T02:59:03.6588582Z [36;1mset -euo pipefail[0m
2026-09-17T02:59:03.6589540Z [36;1mcurl -sSf https://elan.lean-lang.org/elan-init.sh | sh -s -- -y --default-toolchain none[0m
2026-09-17T02:59:03.6590558Z [36;1mecho "$HOME/.elan/bin" >> "$GITHUB_PATH"[0m
2026-09-17T02:59:03.6591715Z [36;1mexport PATH="$HOME/.elan/bin:$PATH"[0m
2026-09-17T02:59:03.6592498Z [36;1melan toolchain install "$(cat lean-toolchain)"[0m
2026-09-17T02:59:03.6593830Z [36;1mlake exe cache get Mathlib.NumberTheory.ArithmeticFunction.Misc Mathlib.Basic.Real.Basic Mathlib.Data.Rat.Floor Mathlib.Tactic[0m
2026-09-17T02:59:03.6595131Z [36;1mgit diff --exit-code -- lake-manifest.json[0m
2026-09-17T02:59:03.6641501Z shell: /usr/bin/bash --noprofile --norc -e -o pipefail {0}
2026-09-17T02:59:03.6642258Z ##[endgroup]
2026-09-17T02:59:03.8981508Z info: downloading installer
2026-09-17T02:59:04.8396722Z info: downloading https://releases.lean-lang.org/lean4/v4.34.0/lean-4.34.0-linux.tar.zst
2026-09-17T02:59:08.0660414Z info: installing /home/runner/.elan/toolchains/leanprover--lean4---v4.34.0
2026-09-17T02:59:15.1858281Z 
2026-09-17T02:59:15.2245081Z leanprover/lean4:v4.34.0 installed - Lean (version 4.34.0, x86_64-unknown-linux-gnu, commit 293d5d0c0c3f3dded4688b3ccd6a33939ac5102b, Release)
2026-09-17T02:59:15.2246152Z 
2026-09-17T02:59:15.6724803Z info: mathlib: cloning https://github.com/leanprover-community/mathlib4
2026-09-17T02:59:47.3078429Z info: mathlib: checking out revision '5ed2965256430c3649e86755f9576b54eca72435'
2026-09-17T02:59:48.2886111Z info: plausible: cloning https://github.com/leanprover-community/plausible
2026-09-17T02:59:48.7346316Z info: plausible: checking out revision '118aa17ee84656b8bd727fef7c458ee8c833385c'
2026-09-17T02:59:48.7482767Z info: LeanSearchClient: cloning https://github.com/leanprover-community/LeanSearchClient
2026-09-17T02:59:49.0778447Z info: LeanSearchClient: checking out revision 'ddf04cf3949fa556442341e87d47f9f6e6074707'
2026-09-17T02:59:49.0908914Z info: importGraph: cloning https://github.com/leanprover-community/import-graph
2026-09-17T02:59:49.5158279Z info: importGraph: checking out revision 'e928b72544873815af278d38681b31c0293588e3'
2026-09-17T02:59:49.5326770Z info: proofwidgets: cloning https://github.com/leanprover-community/ProofWidgets4
2026-09-17T02:59:50.6697889Z info: proofwidgets: checking out revision '106ff4fafc74ef4ac99d81dbf3ab399118f497a5'
2026-09-17T02:59:51.2821201Z info: aesop: cloning https://github.com/leanprover-community/aesop
2026-09-17T02:59:52.0684739Z info: aesop: checking out revision '355695d523e41d0554926416cba2a2b3544fbbc9'
2026-09-17T02:59:52.0876688Z info: Qq: cloning https://github.com/leanprover-community/quote4
2026-09-17T02:59:52.4512225Z info: Qq: checking out revision '6a489d9af5d0c47e5b259e2e8bcdfc1811b5a259'
2026-09-17T02:59:52.4648343Z info: batteries: cloning https://github.com/leanprover-community/batteries
2026-09-17T03:00:00.2345284Z info: batteries: checking out revision 'f2effa3d803fda822b1f97b806c47cf2adfbcbc2'
2026-09-17T03:00:00.2576297Z info: Cli: cloning https://github.com/leanprover/lean4-cli
2026-09-17T03:00:00.6242153Z info: Cli: checking out revision 'e92c9f15fdfacc8536f31cfb3b7ad26c3c8cd204'
2026-09-17T03:00:01.0382387Z ✔ [1/5] Built Cache.Cli (364ms)
2026-09-17T03:00:01.1382688Z ✔ [2/5] Built Cache.Lean (432ms)
2026-09-17T03:00:07.3435093Z ✔ [7/42] Built Cache.Cli:c.o (186ms)
2026-09-17T03:00:07.3435735Z ✔ [8/42] Built Cache.Lean:c.o (231ms)
2026-09-17T03:00:07.5454625Z ✔ [10/42] Built Cache.Env (438ms)
2026-09-17T03:00:07.7456793Z ✔ [11/42] Built Cache.Env:c.o (170ms)
2026-09-17T03:00:08.0461508Z ✔ [12/42] Built Cache.Infra (527ms)
2026-09-17T03:00:08.3458611Z ✔ [13/42] Built Cache.Infra:c.o (273ms)
2026-09-17T03:00:08.7463851Z ✔ [14/42] Built Cache.IO (1.6s)
2026-09-17T03:00:09.5473291Z ✔ [15/42] Built Cache.Hashing (798ms)
2026-09-17T03:00:10.0482107Z ✔ [16/42] Built Cache.Hashing:c.o (582ms)
2026-09-17T03:00:10.5496975Z ✔ [17/42] Built Cache.IO:c.o (1.9s)
2026-09-17T03:00:11.3511208Z ✔ [18/42] Built Cache.Requests (1.9s)
2026-09-17T03:00:11.9517590Z ✔ [19/42] Built Cache.Marker (599ms)
2026-09-17T03:00:12.1533574Z ✔ [20/42] Built Cache.Marker:c.o (177ms)
2026-09-17T03:00:12.8582684Z ✔ [21/42] Built Cache.Query (904ms)
2026-09-17T03:00:13.0565469Z ✔ [22/42] Built Cache.Upload.Dest (1.1s)
2026-09-17T03:00:13.2567597Z ✔ [23/42] Built Cache.Upload.Dest:c.o (196ms)
2026-09-17T03:00:13.3602132Z ✔ [24/42] Built Cache.Query:c.o (485ms)
2026-09-17T03:00:13.9642023Z ✔ [25/42] Built Cache.Warning (1.1s)
2026-09-17T03:00:14.2652023Z ✔ [26/42] Built Cache.Upload.Rclone (1.0s)
2026-09-17T03:00:14.3675688Z ✔ [27/42] Built Cache.Upload.Curl (1.0s)
2026-09-17T03:00:14.3676686Z ✔ [28/42] Built Cache.Warning:c.o (390ms)
2026-09-17T03:00:14.5647971Z ✔ [29/42] Built Cache.Upload.Rclone:c.o (309ms)
2026-09-17T03:00:14.6649473Z ✔ [30/42] Built Cache.Upload.Curl:c.o (269ms)
2026-09-17T03:00:14.8654999Z ✔ [31/42] Built Cache.Requests:c.o (3.5s)
2026-09-17T03:00:15.0658857Z ✔ [32/42] Built Cache.Upload.Azure (708ms)
2026-09-17T03:00:15.2662820Z ✔ [33/42] Built Cache.Upload.Azure:c.o (138ms)
2026-09-17T03:00:15.4655352Z ✔ [34/42] Built Cache.Upload.S3 (834ms)
2026-09-17T03:00:15.7659001Z ✔ [35/42] Built Cache.Upload.S3:c.o (323ms)
2026-09-17T03:00:16.0662347Z ✔ [36/42] Built Cache.Upload.Defs (606ms)
2026-09-17T03:00:16.1653881Z ✔ [37/42] Built Cache.Upload.Defs:c.o (157ms)
2026-09-17T03:00:16.5678024Z ✔ [38/42] Built Cache.Upload (573ms)
2026-09-17T03:00:16.7674423Z ✔ [39/42] Built Cache.Upload:c.o (118ms)
2026-09-17T03:00:17.7675160Z ✔ [40/42] Built Cache.Main (1.1s)
2026-09-17T03:00:18.6686000Z ✔ [41/42] Built Cache.Main:c.o (891ms)
2026-09-17T03:00:19.3696688Z ✔ [42/42] Built cache:exe (741ms)
2026-09-17T03:00:22.5168766Z Current branch: HEAD
2026-09-17T03:00:22.5169179Z Using cache from origin: (some leanprover-community/mathlib4)
2026-09-17T03:00:22.5169880Z Attempting to download 3076 file(s) from leanprover-community/mathlib4 cache at https://cache.mathlib.org/mathlib4-master
2026-09-17T03:00:22.7611121Z 
2026-09-17T03:00:22.8632377Z Downloaded: 1 file(s) [attempted 1/3076 = 0%, 462 KB/s], Decompressed: 0
2026-09-17T03:00:22.9633508Z Downloaded: 89 file(s) [attempted 89/3076 = 2%, 202 KB/s], Decompressed: 15
2026-09-17T03:00:23.0752291Z Downloaded: 173 file(s) [attempted 173/3076 = 5%, 2382 KB/s], Decompressed: 15
2026-09-17T03:00:23.1787272Z Downloaded: 289 file(s) [attempted 289/3076 = 9%, 271 KB/s], Decompressed: 63
2026-09-17T03:00:23.2817656Z Downloaded: 399 file(s) [attempted 399/3076 = 12%, 382 KB/s], Decompressed: 63
2026-09-17T03:00:23.3800043Z Downloaded: 488 file(s) [attempted 488/3076 = 15%, 2596 KB/s], Decompressed: 63
2026-09-17T03:00:23.4825584Z Downloaded: 573 file(s) [attempted 573/3076 = 18%, 883 KB/s], Decompressed: 63
2026-09-17T03:00:23.5889545Z Downloaded: 633 file(s) [attempted 633/3076 = 20%, 342 KB/s], Decompressed: 63
2026-09-17T03:00:23.7082257Z Downloaded: 695 file(s) [attempted 695/3076 = 22%, 661 KB/s], Decompressed: 243
2026-09-17T03:00:23.8064089Z Downloaded: 765 file(s) [attempted 765/3076 = 24%, 1015 KB/s], Decompressed: 243
2026-09-17T03:00:23.9121723Z Downloaded: 837 file(s) [attempted 837/3076 = 27%, 3534 KB/s], Decompressed: 243
2026-09-17T03:00:24.0254532Z Downloaded: 897 file(s) [attempted 897/3076 = 29%, 250 KB/s], Decompressed: 243
2026-09-17T03:00:24.1501340Z Downloaded: 953 file(s) [attempted 953/3076 = 30%, 1137 KB/s], Decompressed: 243
2026-09-17T03:00:24.2499734Z Downloaded: 1034 file(s) [attempted 1034/3076 = 33%, 914 KB/s], Decompressed: 243
2026-09-17T03:00:24.3502716Z Downloaded: 1113 file(s) [attempted 1113/3076 = 36%, 843 KB/s], Decompressed: 243
2026-09-17T03:00:24.4640912Z Downloaded: 1202 file(s) [attempted 1202/3076 = 39%, 1023 KB/s], Decompressed: 243
2026-09-17T03:00:24.5652306Z Downloaded: 1274 file(s) [attempted 1274/3076 = 41%, 2365 KB/s], Decompressed: 243
2026-09-17T03:00:24.6671997Z Downloaded: 1334 file(s) [attempted 1334/3076 = 43%, 2413 KB/s], Decompressed: 243
2026-09-17T03:00:24.7732381Z Downloaded: 1394 file(s) [attempted 1394/3076 = 45%, 497 KB/s], Decompressed: 243
2026-09-17T03:00:24.8724594Z Downloaded: 1455 file(s) [attempted 1455/3076 = 47%, 678 KB/s], Decompressed: 243
2026-09-17T03:00:24.9751853Z Downloaded: 1529 file(s) [attempted 1529/3076 = 49%, 1301 KB/s], Decompressed: 243
2026-09-17T03:00:25.0800102Z Downloaded: 1603 file(s) [attempted 1603/3076 = 52%, 71 KB/s], Decompressed: 675
2026-09-17T03:00:25.1822559Z Downloaded: 1664 file(s) [attempted 1664/3076 = 54%, 1073 KB/s], Decompressed: 675
2026-09-17T03:00:25.2836314Z Downloaded: 1716 file(s) [attempted 1716/3076 = 55%, 161 KB/s], Decompressed: 675
2026-09-17T03:00:25.4041830Z Downloaded: 1763 file(s) [attempted 1763/3076 = 57%, 92 KB/s], Decompressed: 675
2026-09-17T03:00:25.5142096Z Downloaded: 1834 file(s) [attempted 1834/3076 = 59%, 1746 KB/s], Decompressed: 675
2026-09-17T03:00:25.6332379Z Downloaded: 1894 file(s) [attempted 1894/3076 = 61%, 486 KB/s], Decompressed: 675
2026-09-17T03:00:25.7326817Z Downloaded: 1973 file(s) [attempted 1973/3076 = 64%, 1643 KB/s], Decompressed: 675
2026-09-17T03:00:25.8569788Z Downloaded: 2069 file(s) [attempted 2069/3076 = 67%, 1391 KB/s], Decompressed: 675
2026-09-17T03:00:25.9564329Z Downloaded: 2129 file(s) [attempted 2129/3076 = 69%, 2541 KB/s], Decompressed: 675
2026-09-17T03:00:26.0582736Z Downloaded: 2230 file(s) [attempted 2230/3076 = 72%, 2289 KB/s], Decompressed: 675
2026-09-17T03:00:26.2719527Z Downloaded: 2331 file(s) [attempted 2331/3076 = 75%, 260 KB/s], Decompressed: 675
2026-09-17T03:00:26.3758276Z Downloaded: 2365 file(s) [attempted 2365/3076 = 76%, 1126 KB/s], Decompressed: 675
2026-09-17T03:00:26.4750303Z Downloaded: 2459 file(s) [attempted 2459/3076 = 79%, 1928 KB/s], Decompressed: 675
2026-09-17T03:00:26.5744635Z Downloaded: 2526 file(s) [attempted 2526/3076 = 82%, 1047 KB/s], Decompressed: 675
2026-09-17T03:00:26.6791895Z Downloaded: 2603 file(s) [attempted 2603/3076 = 84%, 118 KB/s], Decompressed: 675
2026-09-17T03:00:26.7856287Z Downloaded: 2679 file(s) [attempted 2679/3076 = 87%, 412 KB/s], Decompressed: 675
2026-09-17T03:00:26.8922047Z Downloaded: 2744 file(s) [attempted 2744/3076 = 89%, 82 KB/s], Decompressed: 675
2026-09-17T03:00:26.9920336Z Downloaded: 2809 file(s) [attempted 2809/3076 = 91%, 871 KB/s], Decompressed: 675
2026-09-17T03:00:27.0926421Z Downloaded: 2897 file(s) [attempted 2897/3076 = 94%, 710 KB/s], Decompressed: 675
2026-09-17T03:00:27.1963385Z Downloaded: 2982 file(s) [attempted 2982/3076 = 96%, 1904 KB/s], Decompressed: 675
2026-09-17T03:00:27.2422164Z Downloaded: 3071 file(s) [attempted 3071/3076 = 99%, 634 KB/s], Decompressed: 675
2026-09-17T03:00:27.2423146Z Downloaded: 3076 file(s) [attempted 3076/3076 = 100%, 634 KB/s], Decompressed: 675
2026-09-17T03:00:34.0163486Z Decompressed 3076 file(s)
2026-09-17T03:00:34.0163961Z Already decompressed 3076 file(s)
2026-09-17T03:00:34.0899839Z ##[group]Run bash scripts/verify.sh
2026-09-17T03:00:34.0900167Z [36;1mbash scripts/verify.sh[0m
2026-09-17T03:00:34.0943468Z shell: /usr/bin/bash --noprofile --norc -e -o pipefail {0}
2026-09-17T03:00:34.0943825Z ##[endgroup]
2026-09-17T03:00:39.4347802Z ✔ [3092/3095] Built JSP000881 (3.6s)
2026-09-17T03:00:41.4369399Z ℹ [3094/3095] Built Audit (1.0s)
2026-09-17T03:00:41.4370058Z info: Audit.lean:11:0: 'JSP000881.scale_solution' depends on axioms: [propext, Classical.choice, Quot.sound]
2026-09-17T03:00:41.4370936Z info: Audit.lean:12:0: 'JSP000881.seed_one_two' depends on axioms: [propext, Classical.choice, Quot.sound]
2026-09-17T03:00:41.4371586Z info: Audit.lean:13:0: 'JSP000881.seed_four_five' depends on axioms: [propext, Classical.choice, Quot.sound]
2026-09-17T03:00:41.4372290Z info: Audit.lean:14:0: 'JSP000881.witness_injective' depends on axioms: [propext, Classical.choice, Quot.sound]
2026-09-17T03:00:41.4373043Z info: Audit.lean:15:0: 'JSP000881.block_lower_bound' depends on axioms: [propext, Classical.choice, Quot.sound]
2026-09-17T03:00:41.4373716Z info: Audit.lean:16:0: 'JSP000881.linear_lower_bound' depends on axioms: [propext, Classical.choice, Quot.sound]
2026-09-17T03:00:41.4374363Z info: Audit.lean:17:0: 'JSP000881.realCount_eq' depends on axioms: [propext, Classical.choice, Quot.sound]
2026-09-17T03:00:41.4375043Z info: Audit.lean:18:0: 'JSP000881.original_real_lower_bound' depends on axioms: [propext, Classical.choice, Quot.sound]
2026-09-17T03:00:41.4375757Z info: Audit.lean:19:0: 'JSP000881.asymptotic_lower_bound' depends on axioms: [propext, Classical.choice, Quot.sound]
2026-09-17T03:00:41.4376465Z info: Audit.lean:20:0: 'JSP000881.infinitely_many_solutions' depends on axioms: [propext, Classical.choice, Quot.sound]
2026-09-17T03:00:41.4421639Z Build completed successfully (3095 jobs).
2026-09-17T03:00:57.9672033Z 'JSP000881.scale_solution' depends on axioms: [propext, Classical.choice, Quot.sound]
2026-09-17T03:00:57.9673173Z 'JSP000881.seed_one_two' depends on axioms: [propext, Classical.choice, Quot.sound]
2026-09-17T03:00:57.9674154Z 'JSP000881.seed_four_five' depends on axioms: [propext, Classical.choice, Quot.sound]
2026-09-17T03:00:57.9675130Z 'JSP000881.witness_injective' depends on axioms: [propext, Classical.choice, Quot.sound]
2026-09-17T03:00:57.9676007Z 'JSP000881.block_lower_bound' depends on axioms: [propext, Classical.choice, Quot.sound]
2026-09-17T03:00:57.9676683Z 'JSP000881.linear_lower_bound' depends on axioms: [propext, Classical.choice, Quot.sound]
2026-09-17T03:00:57.9677506Z 'JSP000881.realCount_eq' depends on axioms: [propext, Classical.choice, Quot.sound]
2026-09-17T03:00:57.9678364Z 'JSP000881.original_real_lower_bound' depends on axioms: [propext, Classical.choice, Quot.sound]
2026-09-17T03:00:57.9679254Z 'JSP000881.asymptotic_lower_bound' depends on axioms: [propext, Classical.choice, Quot.sound]
2026-09-17T03:00:57.9680159Z 'JSP000881.infinitely_many_solutions' depends on axioms: [propext, Classical.choice, Quot.sound]
2026-09-17T03:00:58.1447736Z Ten target axiom audits and all locked dependency revision checks passed.
2026-09-17T03:01:01.1030282Z ##[group]Run bash scripts/verify_nanoda.sh 2>&1 | tee evidence/nanoda-build.log
2026-09-17T03:01:01.1031079Z [36;1mbash scripts/verify_nanoda.sh 2>&1 | tee evidence/nanoda-build.log[0m
2026-09-17T03:01:01.1070594Z shell: /usr/bin/bash --noprofile --norc -e -o pipefail {0}
2026-09-17T03:01:01.1071149Z ##[endgroup]
2026-09-17T03:01:01.4646388Z https://github.com/leanprover/lean4export.git 6cea97789dc088ea47fcea15692db85685aedac5
2026-09-17T03:01:01.8701934Z https://github.com/ammkrn/nanoda_lib.git 4c544ed4099c8227f07d5de77ad1e69fb0740a27
2026-09-17T03:01:04.0210349Z ✔ [2/6] Built Export (2.1s)
2026-09-17T03:01:06.4236462Z ✔ [3/6] Built Export:c.o (2.3s)
2026-09-17T03:01:07.2244265Z ✔ [4/6] Built Main (893ms)
2026-09-17T03:01:07.4246917Z ✔ [5/6] Built Main:c.o (195ms)
2026-09-17T03:01:08.4336828Z ✔ [6/6] Built lean4export:exe (975ms)
2026-09-17T03:01:08.4344555Z Build completed successfully (6 jobs).
2026-09-17T03:01:09.7176901Z     Updating crates.io index
2026-09-17T03:01:09.8190469Z  Downloading crates ...
2026-09-17T03:01:09.9741071Z   Downloaded autocfg v1.1.0
2026-09-17T03:01:09.9851501Z   Downloaded hashbrown v0.16.1
2026-09-17T03:01:09.9922977Z   Downloaded cfg-if v1.0.0
2026-09-17T03:01:09.9936255Z   Downloaded getrandom v0.2.11
2026-09-17T03:01:09.9968171Z   Downloaded rand_chacha v0.3.1
2026-09-17T03:01:09.9979943Z   Downloaded serde_derive v1.0.228
2026-09-17T03:01:10.0012222Z   Downloaded equivalent v1.0.1
2026-09-17T03:01:10.0020910Z   Downloaded rustc-hash v1.1.0
2026-09-17T03:01:10.0030150Z   Downloaded quote v1.0.35
2026-09-17T03:01:10.0057756Z   Downloaded num-integer v0.1.46
2026-09-17T03:01:10.0074582Z   Downloaded ppv-lite86 v0.2.17
2026-09-17T03:01:10.0088190Z   Downloaded itoa v1.0.15
2026-09-17T03:01:10.0102196Z   Downloaded rand_core v0.6.4
2026-09-17T03:01:10.0116040Z   Downloaded semver v1.0.27
2026-09-17T03:01:10.0140805Z   Downloaded ryu v1.0.20
2026-09-17T03:01:10.0173708Z   Downloaded serde v1.0.228
2026-09-17T03:01:10.0210003Z   Downloaded unicode-ident v1.0.12
2026-09-17T03:01:10.0238648Z   Downloaded indexmap v2.13.0
2026-09-17T03:01:10.0283441Z   Downloaded proc-macro2 v1.0.103
2026-09-17T03:01:10.0313960Z   Downloaded serde_core v1.0.228
2026-09-17T03:01:10.0342379Z   Downloaded num-traits v0.2.17
2026-09-17T03:01:10.0369139Z   Downloaded rand v0.8.5
2026-09-17T03:01:10.0404357Z   Downloaded num-bigint v0.4.4
2026-09-17T03:01:10.0453382Z   Downloaded serde_json v1.0.145
2026-09-17T03:01:10.0530257Z   Downloaded syn v2.0.111
2026-09-17T03:01:10.0642939Z   Downloaded memchr v2.7.6
2026-09-17T03:01:10.0699995Z   Downloaded libc v0.2.180
2026-09-17T03:01:10.1313014Z    Compiling autocfg v1.1.0
2026-09-17T03:01:10.1313840Z    Compiling proc-macro2 v1.0.103
2026-09-17T03:01:10.1314304Z    Compiling unicode-ident v1.0.12
2026-09-17T03:01:10.1331310Z    Compiling serde_core v1.0.228
2026-09-17T03:01:10.3789100Z    Compiling serde v1.0.228
2026-09-17T03:01:10.5617270Z    Compiling num-traits v0.2.17
2026-09-17T03:01:10.6052230Z    Compiling num-bigint v0.4.4
2026-09-17T03:01:10.7272360Z    Compiling serde_json v1.0.145
2026-09-17T03:01:10.9453206Z    Compiling equivalent v1.0.1
2026-09-17T03:01:11.0537852Z    Compiling quote v1.0.35
2026-09-17T03:01:11.2099939Z    Compiling syn v2.0.111
2026-09-17T03:01:11.2645663Z    Compiling ryu v1.0.20
2026-09-17T03:01:11.6651814Z    Compiling num-integer v0.1.46
2026-09-17T03:01:11.7021903Z    Compiling hashbrown v0.16.1
2026-09-17T03:01:12.1061930Z    Compiling itoa v1.0.15
2026-09-17T03:01:12.1861736Z    Compiling memchr v2.7.6
2026-09-17T03:01:12.3344079Z    Compiling indexmap v2.13.0
2026-09-17T03:01:13.0462165Z    Compiling semver v1.0.27
2026-09-17T03:01:13.1601800Z    Compiling rustc-hash v1.1.0
2026-09-17T03:01:13.3500204Z    Compiling serde_derive v1.0.228
2026-09-17T03:01:15.9528808Z    Compiling nanoda_lib v0.4.17 (/tmp/tmp.Xz5gCoOc9g/checker)
2026-09-17T03:01:29.1765286Z     Finished `release` profile [optimized] target(s) in 19.79s
2026-09-17T03:01:36.3439730Z Checked 9711 declarations with no errors
2026-09-17T03:01:37.5076461Z ##[group]Run set -euo pipefail
2026-09-17T03:01:37.5076815Z [36;1mset -euo pipefail[0m
2026-09-17T03:01:37.5077068Z [36;1mmkdir -p evidence[0m
2026-09-17T03:01:37.5077362Z [36;1mgit rev-parse HEAD > evidence/SOURCE_COMMIT[0m
2026-09-17T03:01:37.5077747Z [36;1mcp lake-manifest.json evidence/lake-manifest.json[0m
2026-09-17T03:01:37.5078129Z [36;1mgit diff --exit-code -- lake-manifest.json[0m
2026-09-17T03:01:37.5078550Z [36;1mtar --exclude=.lake --exclude=evidence -czf evidence/source.tar.gz .[0m
2026-09-17T03:01:37.5079024Z [36;1msha256sum evidence/source.tar.gz > evidence/ARCHIVE_SHA256[0m
2026-09-17T03:01:37.5118396Z shell: /usr/bin/bash --noprofile --norc -e -o pipefail {0}
2026-09-17T03:01:37.5118942Z ##[endgroup]
2026-09-17T03:01:37.5350613Z Node 20 is being deprecated. This workflow is running with Node 24 by default. If you need to temporarily use Node 20, you can set the ACTIONS_ALLOW_USE_UNSECURE_NODE_VERSION=true environment variable. For more information see: https://github.blog/changelog/2025-09-19-deprecation-of-node-20-on-github-actions-runners/
2026-09-17T03:01:37.5352863Z ##[group]Run actions/upload-artifact@ea165f8d65b6e75b540449e92b4886f43607fa02
2026-09-17T03:01:37.5353247Z with:
2026-09-17T03:01:37.5353463Z   name: jsp-000881-evidence
2026-09-17T03:01:37.5353722Z   path: projects/jsp-000881/evidence
2026-09-17T03:01:37.5353995Z   if-no-files-found: warn
2026-09-17T03:01:37.5354237Z   compression-level: 6
2026-09-17T03:01:37.5354455Z   overwrite: false
2026-09-17T03:01:37.5354675Z   include-hidden-files: false
2026-09-17T03:01:37.5354924Z ##[endgroup]
2026-09-17T03:01:37.6995924Z (node:3878) [DEP0040] DeprecationWarning: The `punycode` module is deprecated. Please use a userland alternative instead.
2026-09-17T03:01:37.6996733Z (Use `node --trace-deprecation ...` to show where the warning was created)
2026-09-17T03:01:37.7076373Z With the provided path, there will be 16 files uploaded
2026-09-17T03:01:37.7091251Z Artifact name is valid!
2026-09-17T03:01:37.7091953Z Root directory input is valid!
2026-09-17T03:01:37.9565014Z Beginning upload of artifact content to blob storage
2026-09-17T03:01:38.2007321Z (node:3878) [DEP0169] DeprecationWarning: `url.parse()` behavior is not standardized and prone to errors that have security implications. Use the WHATWG URL API instead. CVEs are not issued for `url.parse()` vulnerabilities.
2026-09-17T03:01:38.6477794Z Uploaded bytes 6398179
2026-09-17T03:01:38.6853801Z Finished uploading artifact content to blob storage!
2026-09-17T03:01:38.6855126Z SHA256 digest of uploaded artifact zip is 33068f7f34f208a7887f6147a931c5804b9e15cf73ea78134bb3978fe7560948
2026-09-17T03:01:38.6857185Z Finalizing artifact upload
2026-09-17T03:01:38.8629389Z Artifact jsp-000881-evidence.zip successfully finalized. Artifact ID 10478299661
2026-09-17T03:01:38.8630270Z Artifact jsp-000881-evidence has been successfully uploaded! Final size is 6398179 bytes. Artifact ID is 10478299661
2026-09-17T03:01:38.8638064Z Artifact download URL: https://github.com/ketianzhang1-lang/jsp-000301-lean/actions/runs/35176439458/artifacts/10478299661
2026-09-17T03:01:38.8881233Z Node 20 is being deprecated. This workflow is running with Node 24 by default. If you need to temporarily use Node 20, you can set the ACTIONS_ALLOW_USE_UNSECURE_NODE_VERSION=true environment variable. For more information see: https://github.blog/changelog/2025-09-19-deprecation-of-node-20-on-github-actions-runners/
2026-09-17T03:01:38.8882417Z Post job cleanup.
2026-09-17T03:01:38.9720117Z [command]/usr/bin/git version
2026-09-17T03:01:38.9763341Z git version 2.55.0
2026-09-17T03:01:38.9802542Z Temporarily overriding HOME='/home/runner/work/_temp/ce4ec4f2-f8dc-4098-a7eb-74d9ab72b229' before making global git config changes
2026-09-17T03:01:38.9804216Z Adding repository directory to the temporary git global config as a safe directory
2026-09-17T03:01:38.9808006Z [command]/usr/bin/git config --global --add safe.directory /home/runner/work/jsp-000301-lean/jsp-000301-lean
2026-09-17T03:01:38.9848356Z [command]/usr/bin/git config --local --name-only --get-regexp core\.sshCommand
2026-09-17T03:01:38.9885589Z [command]/usr/bin/git submodule foreach --recursive sh -c "git config --local --name-only --get-regexp 'core\.sshCommand' && git config --local --unset-all 'core.sshCommand' || :"
2026-09-17T03:01:39.0149496Z [command]/usr/bin/git config --local --name-only --get-regexp http\.https\:\/\/github\.com\/\.extraheader
2026-09-17T03:01:39.0185916Z [command]/usr/bin/git submodule foreach --recursive sh -c "git config --local --name-only --get-regexp 'http\.https\:\/\/github\.com\/\.extraheader' && git config --local --unset-all 'http.https://github.com/.extraheader' || :"
2026-09-17T03:01:39.0448778Z [command]/usr/bin/git config --local --name-only --get-regexp ^includeIf\.gitdir:
2026-09-17T03:01:39.0502010Z [command]/usr/bin/git submodule foreach --recursive git config --local --show-origin --name-only --get-regexp remote.origin.url
2026-09-17T03:01:39.0932416Z Cleaning up orphan processes
2026-09-17T03:01:39.1254035Z ##[warning]Node.js 20 is deprecated. The following actions target Node.js 20 but are being forced to run on Node.js 24: actions/checkout@11d5960a326750d5838078e36cf38b85af677262, actions/upload-artifact@ea165f8d65b6e75b540449e92b4886f43607fa02. For more information see: https://github.blog/changelog/2025-09-19-deprecation-of-node-20-on-github-actions-runners/

