2026-09-17T03:37:15.1460671Z Current runner version: '2.337.0'
2026-09-17T03:37:15.1499242Z ##[group]Runner Image Provisioner
2026-09-17T03:37:15.1500701Z Hosted Compute Agent
2026-09-17T03:37:15.1501732Z Version: 20260828.587
2026-09-17T03:37:15.1502726Z Commit: abac92662cab4cc7352de4f9f9d2e2419aad9c29
2026-09-17T03:37:15.1504088Z Build Date: 2026-08-28T16:44:25Z
2026-09-17T03:37:15.1505542Z Worker ID: {b2f27801-35de-4b52-90f2-e42df5966e01}
2026-09-17T03:37:15.1506795Z Azure Region: eastus
2026-09-17T03:37:15.1507818Z ##[endgroup]
2026-09-17T03:37:15.1510565Z ##[group]Operating System
2026-09-17T03:37:15.1511647Z Ubuntu
2026-09-17T03:37:15.1512536Z 24.04.5
2026-09-17T03:37:15.1513934Z LTS
2026-09-17T03:37:15.1515142Z ##[endgroup]
2026-09-17T03:37:15.1516069Z ##[group]Runner Image
2026-09-17T03:37:15.1517182Z Image: ubuntu-24.04
2026-09-17T03:37:15.1518158Z Version: 20260907.300.1
2026-09-17T03:37:15.1520452Z Included Software: https://github.com/actions/runner-images/blob/ubuntu24/20260907.300/images/ubuntu/Ubuntu2404-Readme.md
2026-09-17T03:37:15.1523320Z Image Release: https://github.com/actions/runner-images/releases/tag/ubuntu24%2F20260907.300
2026-09-17T03:37:15.1525284Z ##[endgroup]
2026-09-17T03:37:15.1527217Z ##[group]GITHUB_TOKEN Permissions
2026-09-17T03:37:15.1530316Z Contents: read
2026-09-17T03:37:15.1531298Z Metadata: read
2026-09-17T03:37:15.1532428Z ##[endgroup]
2026-09-17T03:37:15.1535931Z Secret source: Actions
2026-09-17T03:37:15.1537678Z Cache mode: write
2026-09-17T03:37:15.1539355Z Prepare workflow directory
2026-09-17T03:37:15.2037625Z Prepare all required actions
2026-09-17T03:37:15.2087790Z Getting action download info
2026-09-17T03:37:15.3701106Z Download action repository 'actions/checkout@11d5960a326750d5838078e36cf38b85af677262' (SHA:11d5960a326750d5838078e36cf38b85af677262)
2026-09-17T03:37:15.4976733Z Download action repository 'actions/upload-artifact@ea165f8d65b6e75b540449e92b4886f43607fa02' (SHA:ea165f8d65b6e75b540449e92b4886f43607fa02)
2026-09-17T03:37:15.7119864Z Complete job name: verify
2026-09-17T03:37:15.7935098Z Node 20 is being deprecated. This workflow is running with Node 24 by default. If you need to temporarily use Node 20, you can set the ACTIONS_ALLOW_USE_UNSECURE_NODE_VERSION=true environment variable. For more information see: https://github.blog/changelog/2025-09-19-deprecation-of-node-20-on-github-actions-runners/
2026-09-17T03:37:15.7944189Z ##[group]Run actions/checkout@11d5960a326750d5838078e36cf38b85af677262
2026-09-17T03:37:15.7945657Z with:
2026-09-17T03:37:15.7946137Z   persist-credentials: false
2026-09-17T03:37:15.7946726Z   repository: ketianzhang1-lang/jsp-000301-lean
2026-09-17T03:37:15.7950869Z   token: ***
2026-09-17T03:37:15.7951301Z   ssh-strict: true
2026-09-17T03:37:15.7951735Z   ssh-user: git
2026-09-17T03:37:15.7952154Z   clean: true
2026-09-17T03:37:15.7952600Z   sparse-checkout-cone-mode: true
2026-09-17T03:37:15.7953123Z   fetch-depth: 1
2026-09-17T03:37:15.7953596Z   fetch-tags: false
2026-09-17T03:37:15.7954109Z   show-progress: true
2026-09-17T03:37:15.7954594Z   lfs: false
2026-09-17T03:37:15.7955186Z   submodules: false
2026-09-17T03:37:15.7955635Z   set-safe-directory: true
2026-09-17T03:37:15.7956144Z   allow-unsafe-pr-checkout: false
2026-09-17T03:37:15.7956969Z ##[endgroup]
2026-09-17T03:37:15.8997537Z Syncing repository: ketianzhang1-lang/jsp-000301-lean
2026-09-17T03:37:15.9000070Z ##[group]Getting Git version info
2026-09-17T03:37:15.9001536Z Working directory is '/home/runner/work/jsp-000301-lean/jsp-000301-lean'
2026-09-17T03:37:15.9003123Z [command]/usr/bin/git version
2026-09-17T03:37:15.9078685Z git version 2.55.0
2026-09-17T03:37:15.9118047Z ##[endgroup]
2026-09-17T03:37:15.9127863Z Temporarily overriding HOME='/home/runner/work/_temp/4ea96502-352c-4712-89e6-ca2a540c9304' before making global git config changes
2026-09-17T03:37:15.9130570Z Adding repository directory to the temporary git global config as a safe directory
2026-09-17T03:37:15.9132307Z [command]/usr/bin/git config --global --add safe.directory /home/runner/work/jsp-000301-lean/jsp-000301-lean
2026-09-17T03:37:15.9184509Z Deleting the contents of '/home/runner/work/jsp-000301-lean/jsp-000301-lean'
2026-09-17T03:37:15.9191039Z ##[group]Initializing the repository
2026-09-17T03:37:15.9196724Z [command]/usr/bin/git init /home/runner/work/jsp-000301-lean/jsp-000301-lean
2026-09-17T03:37:15.9309549Z hint: Using 'master' as the name for the initial branch. This default branch name
2026-09-17T03:37:15.9312058Z hint: will change to "main" in Git 3.0. To configure the initial branch name
2026-09-17T03:37:15.9314075Z hint: to use in all of your new repositories, which will suppress this warning,
2026-09-17T03:37:15.9317164Z hint: call:
2026-09-17T03:37:15.9318302Z hint:
2026-09-17T03:37:15.9319729Z hint: 	git config --global init.defaultBranch <name>
2026-09-17T03:37:15.9321114Z hint:
2026-09-17T03:37:15.9322518Z hint: Names commonly chosen instead of 'master' are 'main', 'trunk' and
2026-09-17T03:37:15.9324679Z hint: 'development'. The just-created branch can be renamed via this command:
2026-09-17T03:37:15.9326651Z hint:
2026-09-17T03:37:15.9328044Z hint: 	git branch -m <name>
2026-09-17T03:37:15.9329405Z hint:
2026-09-17T03:37:15.9330823Z hint: Disable this message with "git config set advice.defaultBranchName false"
2026-09-17T03:37:15.9333127Z Initialized empty Git repository in /home/runner/work/jsp-000301-lean/jsp-000301-lean/.git/
2026-09-17T03:37:15.9337157Z [command]/usr/bin/git remote add origin https://github.com/ketianzhang1-lang/jsp-000301-lean
2026-09-17T03:37:15.9389511Z ##[endgroup]
2026-09-17T03:37:15.9390725Z ##[group]Disabling automatic garbage collection
2026-09-17T03:37:15.9393522Z [command]/usr/bin/git config --local gc.auto 0
2026-09-17T03:37:15.9429094Z ##[endgroup]
2026-09-17T03:37:15.9430293Z ##[group]Setting up auth
2026-09-17T03:37:15.9438428Z [command]/usr/bin/git config --local --name-only --get-regexp core\.sshCommand
2026-09-17T03:37:15.9475275Z [command]/usr/bin/git submodule foreach --recursive sh -c "git config --local --name-only --get-regexp 'core\.sshCommand' && git config --local --unset-all 'core.sshCommand' || :"
2026-09-17T03:37:15.9866659Z [command]/usr/bin/git config --local --name-only --get-regexp http\.https\:\/\/github\.com\/\.extraheader
2026-09-17T03:37:15.9908730Z [command]/usr/bin/git submodule foreach --recursive sh -c "git config --local --name-only --get-regexp 'http\.https\:\/\/github\.com\/\.extraheader' && git config --local --unset-all 'http.https://github.com/.extraheader' || :"
2026-09-17T03:37:16.0145858Z [command]/usr/bin/git config --local --name-only --get-regexp ^includeIf\.gitdir:
2026-09-17T03:37:16.0182602Z [command]/usr/bin/git submodule foreach --recursive git config --local --show-origin --name-only --get-regexp remote.origin.url
2026-09-17T03:37:16.0429158Z [command]/usr/bin/git config --local http.https://github.com/.extraheader AUTHORIZATION: basic ***
2026-09-17T03:37:16.0472101Z ##[endgroup]
2026-09-17T03:37:16.0473081Z ##[group]Fetching the repository
2026-09-17T03:37:16.0483118Z [command]/usr/bin/git -c protocol.version=2 fetch --no-tags --prune --no-recurse-submodules --depth=1 origin +e3191a77503c145dde16a2b4e4a9489a92947812:refs/remotes/origin/jsp-000140-coloring-kz
2026-09-17T03:37:16.2770258Z From https://github.com/ketianzhang1-lang/jsp-000301-lean
2026-09-17T03:37:16.2772512Z  * [new ref]         e3191a77503c145dde16a2b4e4a9489a92947812 -> origin/jsp-000140-coloring-kz
2026-09-17T03:37:16.2777675Z ##[endgroup]
2026-09-17T03:37:16.2779767Z ##[group]Determining the checkout info
2026-09-17T03:37:16.2781907Z ##[endgroup]
2026-09-17T03:37:16.2787361Z [command]/usr/bin/git sparse-checkout disable
2026-09-17T03:37:16.2841868Z [command]/usr/bin/git config --local --unset-all extensions.worktreeConfig
2026-09-17T03:37:16.2878384Z ##[group]Checking out the ref
2026-09-17T03:37:16.2891351Z [command]/usr/bin/git checkout --progress --force -B jsp-000140-coloring-kz refs/remotes/origin/jsp-000140-coloring-kz
2026-09-17T03:37:16.2969886Z Switched to a new branch 'jsp-000140-coloring-kz'
2026-09-17T03:37:16.2975213Z branch 'jsp-000140-coloring-kz' set up to track 'origin/jsp-000140-coloring-kz'.
2026-09-17T03:37:16.2982155Z ##[endgroup]
2026-09-17T03:37:16.3030954Z [command]/usr/bin/git log -1 --format=%H
2026-09-17T03:37:16.3060174Z e3191a77503c145dde16a2b4e4a9489a92947812
2026-09-17T03:37:16.3070714Z ##[group]Removing auth
2026-09-17T03:37:16.3074498Z [command]/usr/bin/git config --local --name-only --get-regexp core\.sshCommand
2026-09-17T03:37:16.3110420Z [command]/usr/bin/git submodule foreach --recursive sh -c "git config --local --name-only --get-regexp 'core\.sshCommand' && git config --local --unset-all 'core.sshCommand' || :"
2026-09-17T03:37:16.3350430Z [command]/usr/bin/git config --local --name-only --get-regexp http\.https\:\/\/github\.com\/\.extraheader
2026-09-17T03:37:16.3380975Z http.https://github.com/.extraheader
2026-09-17T03:37:16.3389498Z [command]/usr/bin/git config --local --unset-all http.https://github.com/.extraheader
2026-09-17T03:37:16.3428455Z [command]/usr/bin/git submodule foreach --recursive sh -c "git config --local --name-only --get-regexp 'http\.https\:\/\/github\.com\/\.extraheader' && git config --local --unset-all 'http.https://github.com/.extraheader' || :"
2026-09-17T03:37:16.3667428Z [command]/usr/bin/git config --local --name-only --get-regexp ^includeIf\.gitdir:
2026-09-17T03:37:16.3703177Z [command]/usr/bin/git submodule foreach --recursive git config --local --show-origin --name-only --get-regexp remote.origin.url
2026-09-17T03:37:16.3943129Z ##[endgroup]
2026-09-17T03:37:16.4178706Z ##[group]Run set -euo pipefail
2026-09-17T03:37:16.4179401Z [36;1mset -euo pipefail[0m
2026-09-17T03:37:16.4180276Z [36;1mcurl -sSf https://elan.lean-lang.org/elan-init.sh | sh -s -- -y --default-toolchain none[0m
2026-09-17T03:37:16.4181199Z [36;1mecho "$HOME/.elan/bin" >> "$GITHUB_PATH"[0m
2026-09-17T03:37:16.4181839Z [36;1mexport PATH="$HOME/.elan/bin:$PATH"[0m
2026-09-17T03:37:16.4182500Z [36;1melan toolchain install "$(cat lean-toolchain)"[0m
2026-09-17T03:37:16.4183724Z [36;1mlake exe cache get Mathlib.Data.Finset.Card Mathlib.Data.Fintype.Card Mathlib.Data.Finset.Prod Mathlib.Data.Finset.Sigma Mathlib.Tactic[0m
2026-09-17T03:37:16.4185241Z [36;1mgit diff --exit-code -- lake-manifest.json[0m
2026-09-17T03:37:16.4227373Z shell: /usr/bin/bash --noprofile --norc -e -o pipefail {0}
2026-09-17T03:37:16.4228074Z ##[endgroup]
2026-09-17T03:37:16.6887934Z info: downloading installer
2026-09-17T03:37:17.4120035Z info: downloading https://releases.lean-lang.org/lean4/v4.34.0/lean-4.34.0-linux.tar.zst
2026-09-17T03:37:21.2623417Z info: installing /home/runner/.elan/toolchains/leanprover--lean4---v4.34.0
2026-09-17T03:37:28.3101018Z 
2026-09-17T03:37:28.3492937Z leanprover/lean4:v4.34.0 installed - Lean (version 4.34.0, x86_64-unknown-linux-gnu, commit 293d5d0c0c3f3dded4688b3ccd6a33939ac5102b, Release)
2026-09-17T03:37:28.3494115Z 
2026-09-17T03:37:28.9946542Z info: mathlib: cloning https://github.com/leanprover-community/mathlib4
2026-09-17T03:38:00.2883615Z info: mathlib: checking out revision '5ed2965256430c3649e86755f9576b54eca72435'
2026-09-17T03:38:01.3274526Z info: plausible: cloning https://github.com/leanprover-community/plausible
2026-09-17T03:38:01.5219012Z info: plausible: checking out revision '118aa17ee84656b8bd727fef7c458ee8c833385c'
2026-09-17T03:38:01.5360945Z info: LeanSearchClient: cloning https://github.com/leanprover-community/LeanSearchClient
2026-09-17T03:38:01.7577347Z info: LeanSearchClient: checking out revision 'ddf04cf3949fa556442341e87d47f9f6e6074707'
2026-09-17T03:38:01.7702031Z info: importGraph: cloning https://github.com/leanprover-community/import-graph
2026-09-17T03:38:02.5981016Z info: importGraph: checking out revision 'e928b72544873815af278d38681b31c0293588e3'
2026-09-17T03:38:02.6129042Z info: proofwidgets: cloning https://github.com/leanprover-community/ProofWidgets4
2026-09-17T03:38:03.5826520Z info: proofwidgets: checking out revision '106ff4fafc74ef4ac99d81dbf3ab399118f497a5'
2026-09-17T03:38:04.2475135Z info: aesop: cloning https://github.com/leanprover-community/aesop
2026-09-17T03:38:04.7418372Z info: aesop: checking out revision '355695d523e41d0554926416cba2a2b3544fbbc9'
2026-09-17T03:38:04.7608834Z info: Qq: cloning https://github.com/leanprover-community/quote4
2026-09-17T03:38:05.0341687Z info: Qq: checking out revision '6a489d9af5d0c47e5b259e2e8bcdfc1811b5a259'
2026-09-17T03:38:05.0483048Z info: batteries: cloning https://github.com/leanprover-community/batteries
2026-09-17T03:38:13.3390971Z info: batteries: checking out revision 'f2effa3d803fda822b1f97b806c47cf2adfbcbc2'
2026-09-17T03:38:13.3625730Z info: Cli: cloning https://github.com/leanprover/lean4-cli
2026-09-17T03:38:13.6512341Z info: Cli: checking out revision 'e92c9f15fdfacc8536f31cfb3b7ad26c3c8cd204'
2026-09-17T03:38:14.0665758Z ✔ [1/5] Built Cache.Cli (365ms)
2026-09-17T03:38:14.1666857Z ✔ [2/5] Built Cache.Lean (437ms)
2026-09-17T03:38:19.4770471Z ✔ [7/42] Built Cache.Cli:c.o (314ms)
2026-09-17T03:38:19.4775178Z ✔ [8/42] Built Cache.Lean:c.o (325ms)
2026-09-17T03:38:19.5796265Z ✔ [10/42] Built Cache.Env (438ms)
2026-09-17T03:38:19.7781194Z ✔ [11/42] Built Cache.Env:c.o (253ms)
2026-09-17T03:38:20.0816449Z ✔ [12/42] Built Cache.Infra (539ms)
2026-09-17T03:38:20.4795554Z ✔ [13/42] Built Cache.Infra:c.o (340ms)
2026-09-17T03:38:20.8790270Z ✔ [14/42] Built Cache.IO (1.7s)
2026-09-17T03:38:21.6866338Z ✔ [15/42] Built Cache.Hashing (832ms)
2026-09-17T03:38:22.3850781Z ✔ [16/42] Built Cache.Hashing:c.o (730ms)
2026-09-17T03:38:22.9860663Z ✔ [17/42] Built Cache.IO:c.o (2.2s)
2026-09-17T03:38:23.6897514Z ✔ [18/42] Built Cache.Requests (2.0s)
2026-09-17T03:38:24.2896542Z ✔ [19/42] Built Cache.Marker (561ms)
2026-09-17T03:38:24.4890153Z ✔ [20/42] Built Cache.Marker:c.o (192ms)
2026-09-17T03:38:25.0907493Z ✔ [21/42] Built Cache.Upload.Dest (803ms)
2026-09-17T03:38:25.2939373Z ✔ [22/42] Built Cache.Upload.Dest:c.o (249ms)
2026-09-17T03:38:25.4945506Z ✔ [23/42] Built Cache.Query (1.3s)
2026-09-17T03:38:25.9963099Z ✔ [24/42] Built Cache.Query:c.o (512ms)
2026-09-17T03:38:26.1978803Z ✔ [25/42] Built Cache.Upload.Rclone (1.1s)
2026-09-17T03:38:26.4006319Z ✔ [26/42] Built Cache.Upload.Curl (1.1s)
2026-09-17T03:38:26.5016387Z ✔ [27/42] Built Cache.Upload.Rclone:c.o (295ms)
2026-09-17T03:38:26.8006220Z ✔ [28/42] Built Cache.Upload.Curl:c.o (357ms)
2026-09-17T03:38:27.1989171Z ✔ [29/42] Built Cache.Warning (1.2s)
2026-09-17T03:38:27.4996421Z ✔ [30/42] Built Cache.Upload.Azure (1.0s)
2026-09-17T03:38:27.7018231Z ✔ [31/42] Built Cache.Upload.Azure:c.o (238ms)
2026-09-17T03:38:27.7019333Z ✔ [32/42] Built Cache.Warning:c.o (510ms)
2026-09-17T03:38:27.9020610Z ✔ [33/42] Built Cache.Upload.S3 (1.1s)
2026-09-17T03:38:27.9021266Z ✔ [34/42] Built Cache.Requests:c.o (4.2s)
2026-09-17T03:38:28.3026153Z ✔ [35/42] Built Cache.Upload.S3:c.o (367ms)
2026-09-17T03:38:28.5036382Z ✔ [36/42] Built Cache.Upload.Defs (619ms)
2026-09-17T03:38:28.7031040Z ✔ [37/42] Built Cache.Upload.Defs:c.o (172ms)
2026-09-17T03:38:29.0035573Z ✔ [38/42] Built Cache.Upload (533ms)
2026-09-17T03:38:29.2038094Z ✔ [39/42] Built Cache.Upload:c.o (143ms)
2026-09-17T03:38:30.2048512Z ✔ [40/42] Built Cache.Main (1.2s)
2026-09-17T03:38:31.2051501Z ✔ [41/42] Built Cache.Main:c.o (1000ms)
2026-09-17T03:38:32.0060691Z ✔ [42/42] Built cache:exe (775ms)
2026-09-17T03:38:34.9046734Z Current branch: HEAD
2026-09-17T03:38:34.9047345Z Using cache from origin: (some leanprover-community/mathlib4)
2026-09-17T03:38:34.9048565Z Attempting to download 3076 file(s) from leanprover-community/mathlib4 cache at https://cache.mathlib.org/mathlib4-master
2026-09-17T03:38:35.1182782Z 
2026-09-17T03:38:35.2219514Z Downloaded: 1 file(s) [attempted 1/3076 = 0%, 146 KB/s], Decompressed: 0
2026-09-17T03:38:35.3314577Z Downloaded: 104 file(s) [attempted 104/3076 = 3%, 535 KB/s], Decompressed: 7
2026-09-17T03:38:35.4416181Z Downloaded: 202 file(s) [attempted 202/3076 = 6%, 6069 KB/s], Decompressed: 36
2026-09-17T03:38:35.5408324Z Downloaded: 330 file(s) [attempted 330/3076 = 10%, 188 KB/s], Decompressed: 36
2026-09-17T03:38:35.6616329Z Downloaded: 414 file(s) [attempted 414/3076 = 13%, 314 KB/s], Decompressed: 36
2026-09-17T03:38:35.7673270Z Downloaded: 481 file(s) [attempted 481/3076 = 15%, 458 KB/s], Decompressed: 36
2026-09-17T03:38:35.8706638Z Downloaded: 551 file(s) [attempted 551/3076 = 17%, 634 KB/s], Decompressed: 36
2026-09-17T03:38:35.9809689Z Downloaded: 626 file(s) [attempted 626/3076 = 20%, 445 KB/s], Decompressed: 36
2026-09-17T03:38:36.0867296Z Downloaded: 765 file(s) [attempted 765/3076 = 24%, 342 KB/s], Decompressed: 169
2026-09-17T03:38:36.1878439Z Downloaded: 885 file(s) [attempted 885/3076 = 28%, 1152 KB/s], Decompressed: 169
2026-09-17T03:38:36.2862626Z Downloaded: 997 file(s) [attempted 997/3076 = 32%, 2480 KB/s], Decompressed: 169
2026-09-17T03:38:36.3872267Z Downloaded: 1101 file(s) [attempted 1101/3076 = 35%, 2020 KB/s], Decompressed: 169
2026-09-17T03:38:36.4866590Z Downloaded: 1237 file(s) [attempted 1237/3076 = 40%, 961 KB/s], Decompressed: 169
2026-09-17T03:38:36.5942167Z Downloaded: 1330 file(s) [attempted 1330/3076 = 43%, 1652 KB/s], Decompressed: 169
2026-09-17T03:38:36.6946855Z Downloaded: 1469 file(s) [attempted 1469/3076 = 47%, 738 KB/s], Decompressed: 169
2026-09-17T03:38:36.7968896Z Downloaded: 1579 file(s) [attempted 1579/3076 = 51%, 2810 KB/s], Decompressed: 169
2026-09-17T03:38:36.8984703Z Downloaded: 1675 file(s) [attempted 1675/3076 = 54%, 1465 KB/s], Decompressed: 169
2026-09-17T03:38:37.0006322Z Downloaded: 1781 file(s) [attempted 1781/3076 = 57%, 6425 KB/s], Decompressed: 169
2026-09-17T03:38:37.1126545Z Downloaded: 1895 file(s) [attempted 1895/3076 = 61%, 12172 KB/s], Decompressed: 169
2026-09-17T03:38:37.2116236Z Downloaded: 1983 file(s) [attempted 1983/3076 = 64%, 292 KB/s], Decompressed: 169
2026-09-17T03:38:37.3156502Z Downloaded: 2052 file(s) [attempted 2052/3076 = 66%, 5602 KB/s], Decompressed: 169
2026-09-17T03:38:37.4220588Z Downloaded: 2165 file(s) [attempted 2165/3076 = 70%, 6786 KB/s], Decompressed: 169
2026-09-17T03:38:37.5194450Z Downloaded: 2285 file(s) [attempted 2285/3076 = 74%, 2180 KB/s], Decompressed: 169
2026-09-17T03:38:37.6287258Z Downloaded: 2379 file(s) [attempted 2379/3076 = 77%, 643 KB/s], Decompressed: 169
2026-09-17T03:38:37.7356155Z Downloaded: 2494 file(s) [attempted 2494/3076 = 81%, 291 KB/s], Decompressed: 169
2026-09-17T03:38:37.8339282Z Downloaded: 2617 file(s) [attempted 2617/3076 = 85%, 1239 KB/s], Decompressed: 169
2026-09-17T03:38:37.9376801Z Downloaded: 2732 file(s) [attempted 2732/3076 = 88%, 2766 KB/s], Decompressed: 169
2026-09-17T03:38:38.0392830Z Downloaded: 2835 file(s) [attempted 2835/3076 = 92%, 128 KB/s], Decompressed: 169
2026-09-17T03:38:38.1405982Z Downloaded: 2919 file(s) [attempted 2919/3076 = 94%, 751 KB/s], Decompressed: 169
2026-09-17T03:38:38.2370914Z Downloaded: 2991 file(s) [attempted 2991/3076 = 97%, 741 KB/s], Decompressed: 654
2026-09-17T03:38:38.2372417Z Downloaded: 3076 file(s) [attempted 3076/3076 = 100%, 741 KB/s], Decompressed: 654
2026-09-17T03:38:46.0470973Z Decompressed 3076 file(s)
2026-09-17T03:38:46.0472032Z Already decompressed 3076 file(s)
2026-09-17T03:38:46.1169983Z ##[group]Run bash scripts/verify.sh
2026-09-17T03:38:46.1170502Z [36;1mbash scripts/verify.sh[0m
2026-09-17T03:38:46.1213536Z shell: /usr/bin/bash --noprofile --norc -e -o pipefail {0}
2026-09-17T03:38:46.1213887Z ##[endgroup]
2026-09-17T03:38:52.6537589Z ✔ [3092/3095] Built JSP000140 (4.8s)
2026-09-17T03:38:54.6550712Z ℹ [3094/3095] Built Audit (1.9s)
2026-09-17T03:38:54.6551553Z info: Audit.lean:3:0: 'JSP000140.triangle_not_mono' depends on axioms: [propext, Classical.choice, Quot.sound]
2026-09-17T03:38:54.6552703Z info: Audit.lean:4:0: 'JSP000140.edgeImage_injective' depends on axioms: [propext, Classical.choice, Quot.sound]
2026-09-17T03:38:54.6554125Z info: Audit.lean:5:0: 'JSP000140.fork_packing' depends on axioms: [propext, Classical.choice, Quot.sound]
2026-09-17T03:38:54.6555575Z info: Audit.lean:6:0: 'JSP000140.fork_card_eq' depends on axioms: [propext, Classical.choice, Quot.sound]
2026-09-17T03:38:54.6557120Z info: Audit.lean:7:0: 'JSP000140.incidence_bound' depends on axioms: [propext, Classical.choice, Quot.sound]
2026-09-17T03:38:54.6558372Z info: Audit.lean:8:0: 'JSP000140.fork_absent_color' depends on axioms: [propext, Classical.choice, Quot.sound]
2026-09-17T03:38:54.6560322Z info: Audit.lean:9:0: 'JSP000140.strict_incidence_bound' depends on axioms: [propext, Classical.choice, Quot.sound]
2026-09-17T03:38:54.6561520Z info: Audit.lean:10:0: 'JSP000140.strict_lower_bound' depends on axioms: [propext, Classical.choice, Quot.sound]
2026-09-17T03:38:54.6562929Z info: Audit.lean:11:0: 'JSP000140.integer_lower_bound' depends on axioms: [propext, Classical.choice, Quot.sound]
2026-09-17T03:38:54.6564558Z info: Audit.lean:12:0: 'JSP000140.lower_bound_from_vertex_sets' depends on axioms: [propext, Classical.choice, Quot.sound]
2026-09-17T03:38:54.6630832Z Build completed successfully (3095 jobs).
2026-09-17T03:39:09.8945160Z 'JSP000140.triangle_not_mono' depends on axioms: [propext, Classical.choice, Quot.sound]
2026-09-17T03:39:09.8956014Z 'JSP000140.edgeImage_injective' depends on axioms: [propext, Classical.choice, Quot.sound]
2026-09-17T03:39:09.8956838Z 'JSP000140.fork_packing' depends on axioms: [propext, Classical.choice, Quot.sound]
2026-09-17T03:39:09.8957429Z 'JSP000140.fork_card_eq' depends on axioms: [propext, Classical.choice, Quot.sound]
2026-09-17T03:39:09.8957986Z 'JSP000140.incidence_bound' depends on axioms: [propext, Classical.choice, Quot.sound]
2026-09-17T03:39:09.8958556Z 'JSP000140.fork_absent_color' depends on axioms: [propext, Classical.choice, Quot.sound]
2026-09-17T03:39:09.8959152Z 'JSP000140.strict_incidence_bound' depends on axioms: [propext, Classical.choice, Quot.sound]
2026-09-17T03:39:09.8959748Z 'JSP000140.strict_lower_bound' depends on axioms: [propext, Classical.choice, Quot.sound]
2026-09-17T03:39:09.8960356Z 'JSP000140.integer_lower_bound' depends on axioms: [propext, Classical.choice, Quot.sound]
2026-09-17T03:39:09.8960990Z 'JSP000140.lower_bound_from_vertex_sets' depends on axioms: [propext, Classical.choice, Quot.sound]
2026-09-17T03:39:10.0670421Z Ten target axiom audits and all locked dependency revision checks passed.
2026-09-17T03:39:13.0057764Z ##[group]Run bash scripts/verify_nanoda.sh 2>&1 | tee evidence/nanoda-build.log
2026-09-17T03:39:13.0058367Z [36;1mbash scripts/verify_nanoda.sh 2>&1 | tee evidence/nanoda-build.log[0m
2026-09-17T03:39:13.0094644Z shell: /usr/bin/bash --noprofile --norc -e -o pipefail {0}
2026-09-17T03:39:13.0095339Z ##[endgroup]
2026-09-17T03:39:13.2560771Z https://github.com/leanprover/lean4export.git 6cea97789dc088ea47fcea15692db85685aedac5
2026-09-17T03:39:13.5226032Z https://github.com/ammkrn/nanoda_lib.git 4c544ed4099c8227f07d5de77ad1e69fb0740a27
2026-09-17T03:39:15.9750159Z ✔ [2/6] Built Export (2.4s)
2026-09-17T03:39:18.8782304Z ✔ [3/6] Built Export:c.o (2.9s)
2026-09-17T03:39:19.7793670Z ✔ [4/6] Built Main (921ms)
2026-09-17T03:39:19.9795861Z ✔ [5/6] Built Main:c.o (224ms)
2026-09-17T03:39:20.9818760Z ✔ [6/6] Built lean4export:exe (1.0s)
2026-09-17T03:39:20.9825654Z Build completed successfully (6 jobs).
2026-09-17T03:39:22.5590475Z     Updating crates.io index
2026-09-17T03:39:22.8119780Z  Downloading crates ...
2026-09-17T03:39:22.8598779Z   Downloaded getrandom v0.2.11
2026-09-17T03:39:22.8894640Z   Downloaded equivalent v1.0.1
2026-09-17T03:39:22.8903246Z   Downloaded autocfg v1.1.0
2026-09-17T03:39:22.8919934Z   Downloaded hashbrown v0.16.1
2026-09-17T03:39:22.9015640Z   Downloaded memchr v2.7.6
2026-09-17T03:39:22.9073479Z   Downloaded itoa v1.0.15
2026-09-17T03:39:22.9087990Z   Downloaded semver v1.0.27
2026-09-17T03:39:22.9111705Z   Downloaded ryu v1.0.20
2026-09-17T03:39:22.9143992Z   Downloaded num-traits v0.2.17
2026-09-17T03:39:22.9171651Z   Downloaded ppv-lite86 v0.2.17
2026-09-17T03:39:22.9185245Z   Downloaded rand v0.8.5
2026-09-17T03:39:22.9221152Z   Downloaded serde_derive v1.0.228
2026-09-17T03:39:22.9253092Z   Downloaded serde_core v1.0.228
2026-09-17T03:39:22.9281465Z   Downloaded cfg-if v1.0.0
2026-09-17T03:39:22.9293451Z   Downloaded num-bigint v0.4.4
2026-09-17T03:39:22.9341735Z   Downloaded rustc-hash v1.1.0
2026-09-17T03:39:22.9351499Z   Downloaded serde v1.0.228
2026-09-17T03:39:22.9387611Z   Downloaded proc-macro2 v1.0.103
2026-09-17T03:39:22.9418612Z   Downloaded indexmap v2.13.0
2026-09-17T03:39:22.9462596Z   Downloaded syn v2.0.111
2026-09-17T03:39:22.9571186Z   Downloaded rand_chacha v0.3.1
2026-09-17T03:39:22.9582655Z   Downloaded unicode-ident v1.0.12
2026-09-17T03:39:22.9610674Z   Downloaded num-integer v0.1.46
2026-09-17T03:39:22.9627301Z   Downloaded quote v1.0.35
2026-09-17T03:39:22.9654357Z   Downloaded serde_json v1.0.145
2026-09-17T03:39:22.9731227Z   Downloaded rand_core v0.6.4
2026-09-17T03:39:22.9744873Z   Downloaded libc v0.2.180
2026-09-17T03:39:23.0748387Z    Compiling proc-macro2 v1.0.103
2026-09-17T03:39:23.0748933Z    Compiling autocfg v1.1.0
2026-09-17T03:39:23.0750376Z    Compiling unicode-ident v1.0.12
2026-09-17T03:39:23.0751008Z    Compiling serde_core v1.0.228
2026-09-17T03:39:25.4365710Z    Compiling serde v1.0.228
2026-09-17T03:39:25.5026165Z    Compiling num-traits v0.2.17
2026-09-17T03:39:26.9416399Z    Compiling num-bigint v0.4.4
2026-09-17T03:39:27.0947637Z    Compiling serde_json v1.0.145
2026-09-17T03:39:27.2965702Z    Compiling hashbrown v0.16.1
2026-09-17T03:39:27.9902610Z    Compiling quote v1.0.35
2026-09-17T03:39:28.1910032Z    Compiling syn v2.0.111
2026-09-17T03:39:28.2867724Z    Compiling num-integer v0.1.46
2026-09-17T03:39:28.2888932Z    Compiling itoa v1.0.15
2026-09-17T03:39:28.3736507Z    Compiling memchr v2.7.6
2026-09-17T03:39:28.8836185Z    Compiling ryu v1.0.20
2026-09-17T03:39:29.0935959Z    Compiling equivalent v1.0.1
2026-09-17T03:39:29.1225885Z    Compiling indexmap v2.13.0
2026-09-17T03:39:29.3321491Z    Compiling semver v1.0.27
2026-09-17T03:39:29.7366019Z    Compiling rustc-hash v1.1.0
2026-09-17T03:39:30.2138982Z    Compiling serde_derive v1.0.228
2026-09-17T03:39:33.2197507Z    Compiling nanoda_lib v0.4.17 (/tmp/tmp.eYM7ye854S/checker)
2026-09-17T03:39:47.2391817Z     Finished `release` profile [optimized] target(s) in 25.79s
2026-09-17T03:39:52.9400164Z Checked 6554 declarations with no errors
2026-09-17T03:39:53.6797957Z ##[group]Run set -euo pipefail
2026-09-17T03:39:53.6798310Z [36;1mset -euo pipefail[0m
2026-09-17T03:39:53.6798552Z [36;1mmkdir -p evidence[0m
2026-09-17T03:39:53.6798826Z [36;1mgit rev-parse HEAD > evidence/SOURCE_COMMIT[0m
2026-09-17T03:39:53.6799200Z [36;1mcp lake-manifest.json evidence/lake-manifest.json[0m
2026-09-17T03:39:53.6799566Z [36;1mgit diff --exit-code -- lake-manifest.json[0m
2026-09-17T03:39:53.6799979Z [36;1mtar --exclude=.lake --exclude=evidence -czf evidence/source.tar.gz .[0m
2026-09-17T03:39:53.6800457Z [36;1msha256sum evidence/source.tar.gz > evidence/ARCHIVE_SHA256[0m
2026-09-17T03:39:53.6838216Z shell: /usr/bin/bash --noprofile --norc -e -o pipefail {0}
2026-09-17T03:39:53.6838585Z ##[endgroup]
2026-09-17T03:39:53.7078457Z Node 20 is being deprecated. This workflow is running with Node 24 by default. If you need to temporarily use Node 20, you can set the ACTIONS_ALLOW_USE_UNSECURE_NODE_VERSION=true environment variable. For more information see: https://github.blog/changelog/2025-09-19-deprecation-of-node-20-on-github-actions-runners/
2026-09-17T03:39:53.7080825Z ##[group]Run actions/upload-artifact@ea165f8d65b6e75b540449e92b4886f43607fa02
2026-09-17T03:39:53.7081230Z with:
2026-09-17T03:39:53.7081436Z   name: jsp-000140-evidence
2026-09-17T03:39:53.7081680Z   path: projects/jsp-000140/evidence
2026-09-17T03:39:53.7081941Z   if-no-files-found: warn
2026-09-17T03:39:53.7082173Z   compression-level: 6
2026-09-17T03:39:53.7082382Z   overwrite: false
2026-09-17T03:39:53.7082587Z   include-hidden-files: false
2026-09-17T03:39:53.7082819Z ##[endgroup]
2026-09-17T03:39:53.8923141Z (node:3900) [DEP0040] DeprecationWarning: The `punycode` module is deprecated. Please use a userland alternative instead.
2026-09-17T03:39:53.8924019Z (Use `node --trace-deprecation ...` to show where the warning was created)
2026-09-17T03:39:53.9017615Z With the provided path, there will be 17 files uploaded
2026-09-17T03:39:53.9019271Z Artifact name is valid!
2026-09-17T03:39:53.9020649Z Root directory input is valid!
2026-09-17T03:39:54.0896700Z Beginning upload of artifact content to blob storage
2026-09-17T03:39:54.2837587Z (node:3900) [DEP0169] DeprecationWarning: `url.parse()` behavior is not standardized and prone to errors that have security implications. Use the WHATWG URL API instead. CVEs are not issued for `url.parse()` vulnerabilities.
2026-09-17T03:39:54.4229216Z Uploaded bytes 4572004
2026-09-17T03:39:54.4389616Z Finished uploading artifact content to blob storage!
2026-09-17T03:39:54.4390805Z SHA256 digest of uploaded artifact zip is 3854184ba587692eeb85b38e73196d0605aa15b312719aa5518679c257429eb0
2026-09-17T03:39:54.4392400Z Finalizing artifact upload
2026-09-17T03:39:54.6187142Z Artifact jsp-000140-evidence.zip successfully finalized. Artifact ID 10479915118
2026-09-17T03:39:54.6188615Z Artifact jsp-000140-evidence has been successfully uploaded! Final size is 4572004 bytes. Artifact ID is 10479915118
2026-09-17T03:39:54.6194991Z Artifact download URL: https://github.com/ketianzhang1-lang/jsp-000301-lean/actions/runs/35178843250/artifacts/10479915118
2026-09-17T03:39:54.6456107Z Node 20 is being deprecated. This workflow is running with Node 24 by default. If you need to temporarily use Node 20, you can set the ACTIONS_ALLOW_USE_UNSECURE_NODE_VERSION=true environment variable. For more information see: https://github.blog/changelog/2025-09-19-deprecation-of-node-20-on-github-actions-runners/
2026-09-17T03:39:54.6457415Z Post job cleanup.
2026-09-17T03:39:54.7364536Z [command]/usr/bin/git version
2026-09-17T03:39:54.7412026Z git version 2.55.0
2026-09-17T03:39:54.7457249Z Temporarily overriding HOME='/home/runner/work/_temp/292cbad2-6cc4-42af-a511-3a0c9474498d' before making global git config changes
2026-09-17T03:39:54.7458944Z Adding repository directory to the temporary git global config as a safe directory
2026-09-17T03:39:54.7463605Z [command]/usr/bin/git config --global --add safe.directory /home/runner/work/jsp-000301-lean/jsp-000301-lean
2026-09-17T03:39:54.7511205Z [command]/usr/bin/git config --local --name-only --get-regexp core\.sshCommand
2026-09-17T03:39:54.7559547Z [command]/usr/bin/git submodule foreach --recursive sh -c "git config --local --name-only --get-regexp 'core\.sshCommand' && git config --local --unset-all 'core.sshCommand' || :"
2026-09-17T03:39:54.7834086Z [command]/usr/bin/git config --local --name-only --get-regexp http\.https\:\/\/github\.com\/\.extraheader
2026-09-17T03:39:54.7890155Z [command]/usr/bin/git submodule foreach --recursive sh -c "git config --local --name-only --get-regexp 'http\.https\:\/\/github\.com\/\.extraheader' && git config --local --unset-all 'http.https://github.com/.extraheader' || :"
2026-09-17T03:39:54.8170883Z [command]/usr/bin/git config --local --name-only --get-regexp ^includeIf\.gitdir:
2026-09-17T03:39:54.8218434Z [command]/usr/bin/git submodule foreach --recursive git config --local --show-origin --name-only --get-regexp remote.origin.url
2026-09-17T03:39:54.8702678Z Cleaning up orphan processes
2026-09-17T03:39:54.9038188Z ##[warning]Node.js 20 is deprecated. The following actions target Node.js 20 but are being forced to run on Node.js 24: actions/checkout@11d5960a326750d5838078e36cf38b85af677262, actions/upload-artifact@ea165f8d65b6e75b540449e92b4886f43607fa02. For more information see: https://github.blog/changelog/2025-09-19-deprecation-of-node-20-on-github-actions-runners/

