2026-09-18T12:54:04.0278966Z Current runner version: '2.337.0'
2026-09-18T12:54:04.0303717Z ##[group]Runner Image Provisioner
2026-09-18T12:54:04.0304616Z Hosted Compute Agent
2026-09-18T12:54:04.0305328Z Version: 20260828.587
2026-09-18T12:54:04.0305977Z Commit: abac92662cab4cc7352de4f9f9d2e2419aad9c29
2026-09-18T12:54:04.0306802Z Build Date: 2026-08-28T16:44:25Z
2026-09-18T12:54:04.0307929Z Worker ID: {34298ce6-73a4-4de5-807e-317d1e980e36}
2026-09-18T12:54:04.0308679Z Azure Region: westus
2026-09-18T12:54:04.0309376Z ##[endgroup]
2026-09-18T12:54:04.0311048Z ##[group]Operating System
2026-09-18T12:54:04.0311765Z Ubuntu
2026-09-18T12:54:04.0312317Z 24.04.5
2026-09-18T12:54:04.0312869Z LTS
2026-09-18T12:54:04.0313435Z ##[endgroup]
2026-09-18T12:54:04.0313999Z ##[group]Runner Image
2026-09-18T12:54:04.0314658Z Image: ubuntu-24.04
2026-09-18T12:54:04.0315245Z Version: 20260907.300.1
2026-09-18T12:54:04.0316992Z Included Software: https://github.com/actions/runner-images/blob/ubuntu24/20260907.300/images/ubuntu/Ubuntu2404-Readme.md
2026-09-18T12:54:04.0318795Z Image Release: https://github.com/actions/runner-images/releases/tag/ubuntu24%2F20260907.300
2026-09-18T12:54:04.0319816Z ##[endgroup]
2026-09-18T12:54:04.0321014Z ##[group]GITHUB_TOKEN Permissions
2026-09-18T12:54:04.0323418Z Contents: read
2026-09-18T12:54:04.0324076Z Metadata: read
2026-09-18T12:54:04.0324649Z ##[endgroup]
2026-09-18T12:54:04.0326718Z Secret source: Actions
2026-09-18T12:54:04.0328240Z Cache mode: write
2026-09-18T12:54:04.0329284Z Prepare workflow directory
2026-09-18T12:54:04.0737564Z Prepare all required actions
2026-09-18T12:54:04.0787880Z Getting action download info
2026-09-18T12:54:04.4428419Z Download action repository 'actions/checkout@11d5960a326750d5838078e36cf38b85af677262' (SHA:11d5960a326750d5838078e36cf38b85af677262)
2026-09-18T12:54:04.5597046Z Download action repository 'actions/upload-artifact@ea165f8d65b6e75b540449e92b4886f43607fa02' (SHA:ea165f8d65b6e75b540449e92b4886f43607fa02)
2026-09-18T12:54:04.7645714Z Complete job name: verify
2026-09-18T12:54:04.8418446Z Node 20 is being deprecated. This workflow is running with Node 24 by default. If you need to temporarily use Node 20, you can set the ACTIONS_ALLOW_USE_UNSECURE_NODE_VERSION=true environment variable. For more information see: https://github.blog/changelog/2025-09-19-deprecation-of-node-20-on-github-actions-runners/
2026-09-18T12:54:04.8427531Z ##[group]Run actions/checkout@11d5960a326750d5838078e36cf38b85af677262
2026-09-18T12:54:04.8428531Z with:
2026-09-18T12:54:04.8428979Z   persist-credentials: false
2026-09-18T12:54:04.8429555Z   repository: ketianzhang1-lang/jsp-000301-lean
2026-09-18T12:54:04.8433641Z   token: ***
2026-09-18T12:54:04.8434078Z   ssh-strict: true
2026-09-18T12:54:04.8434523Z   ssh-user: git
2026-09-18T12:54:04.8434942Z   clean: true
2026-09-18T12:54:04.8435390Z   sparse-checkout-cone-mode: true
2026-09-18T12:54:04.8435917Z   fetch-depth: 1
2026-09-18T12:54:04.8436351Z   fetch-tags: false
2026-09-18T12:54:04.8436805Z   show-progress: true
2026-09-18T12:54:04.8437524Z   lfs: false
2026-09-18T12:54:04.8437973Z   submodules: false
2026-09-18T12:54:04.8438442Z   set-safe-directory: true
2026-09-18T12:54:04.8438955Z   allow-unsafe-pr-checkout: false
2026-09-18T12:54:04.8439759Z ##[endgroup]
2026-09-18T12:54:04.9455143Z Syncing repository: ketianzhang1-lang/jsp-000301-lean
2026-09-18T12:54:04.9458021Z ##[group]Getting Git version info
2026-09-18T12:54:04.9459272Z Working directory is '/home/runner/work/jsp-000301-lean/jsp-000301-lean'
2026-09-18T12:54:04.9461006Z [command]/usr/bin/git version
2026-09-18T12:54:04.9536740Z git version 2.55.0
2026-09-18T12:54:04.9559031Z ##[endgroup]
2026-09-18T12:54:04.9576313Z Temporarily overriding HOME='/home/runner/work/_temp/c02f3551-75dc-40ac-b3c2-d3cd64df6c05' before making global git config changes
2026-09-18T12:54:04.9578980Z Adding repository directory to the temporary git global config as a safe directory
2026-09-18T12:54:04.9583523Z [command]/usr/bin/git config --global --add safe.directory /home/runner/work/jsp-000301-lean/jsp-000301-lean
2026-09-18T12:54:04.9635775Z Deleting the contents of '/home/runner/work/jsp-000301-lean/jsp-000301-lean'
2026-09-18T12:54:04.9641552Z ##[group]Initializing the repository
2026-09-18T12:54:04.9645841Z [command]/usr/bin/git init /home/runner/work/jsp-000301-lean/jsp-000301-lean
2026-09-18T12:54:04.9756622Z hint: Using 'master' as the name for the initial branch. This default branch name
2026-09-18T12:54:04.9758492Z hint: will change to "main" in Git 3.0. To configure the initial branch name
2026-09-18T12:54:04.9760318Z hint: to use in all of your new repositories, which will suppress this warning,
2026-09-18T12:54:04.9761716Z hint: call:
2026-09-18T12:54:04.9762503Z hint:
2026-09-18T12:54:04.9763524Z hint: 	git config --global init.defaultBranch <name>
2026-09-18T12:54:04.9764748Z hint:
2026-09-18T12:54:04.9765862Z hint: Names commonly chosen instead of 'master' are 'main', 'trunk' and
2026-09-18T12:54:04.9768086Z hint: 'development'. The just-created branch can be renamed via this command:
2026-09-18T12:54:04.9769470Z hint:
2026-09-18T12:54:04.9770237Z hint: 	git branch -m <name>
2026-09-18T12:54:04.9771165Z hint:
2026-09-18T12:54:04.9772396Z hint: Disable this message with "git config set advice.defaultBranchName false"
2026-09-18T12:54:04.9774418Z Initialized empty Git repository in /home/runner/work/jsp-000301-lean/jsp-000301-lean/.git/
2026-09-18T12:54:04.9777700Z [command]/usr/bin/git remote add origin https://github.com/ketianzhang1-lang/jsp-000301-lean
2026-09-18T12:54:04.9823652Z ##[endgroup]
2026-09-18T12:54:04.9828665Z ##[group]Disabling automatic garbage collection
2026-09-18T12:54:04.9829904Z [command]/usr/bin/git config --local gc.auto 0
2026-09-18T12:54:04.9862455Z ##[endgroup]
2026-09-18T12:54:04.9864056Z ##[group]Setting up auth
2026-09-18T12:54:04.9872470Z [command]/usr/bin/git config --local --name-only --get-regexp core\.sshCommand
2026-09-18T12:54:04.9905609Z [command]/usr/bin/git submodule foreach --recursive sh -c "git config --local --name-only --get-regexp 'core\.sshCommand' && git config --local --unset-all 'core.sshCommand' || :"
2026-09-18T12:54:05.0283126Z [command]/usr/bin/git config --local --name-only --get-regexp http\.https\:\/\/github\.com\/\.extraheader
2026-09-18T12:54:05.0324400Z [command]/usr/bin/git submodule foreach --recursive sh -c "git config --local --name-only --get-regexp 'http\.https\:\/\/github\.com\/\.extraheader' && git config --local --unset-all 'http.https://github.com/.extraheader' || :"
2026-09-18T12:54:05.0557509Z [command]/usr/bin/git config --local --name-only --get-regexp ^includeIf\.gitdir:
2026-09-18T12:54:05.0594447Z [command]/usr/bin/git submodule foreach --recursive git config --local --show-origin --name-only --get-regexp remote.origin.url
2026-09-18T12:54:05.0820868Z [command]/usr/bin/git config --local http.https://github.com/.extraheader AUTHORIZATION: basic ***
2026-09-18T12:54:05.0860399Z ##[endgroup]
2026-09-18T12:54:05.0861716Z ##[group]Fetching the repository
2026-09-18T12:54:05.0871346Z [command]/usr/bin/git -c protocol.version=2 fetch --no-tags --prune --no-recurse-submodules --depth=1 origin +724a733a2b498d7b3b956e66b76d7334cc906eaf:refs/remotes/origin/jsp-000140-coloring-kz
2026-09-18T12:54:05.5844560Z From https://github.com/ketianzhang1-lang/jsp-000301-lean
2026-09-18T12:54:05.5846851Z  * [new ref]         724a733a2b498d7b3b956e66b76d7334cc906eaf -> origin/jsp-000140-coloring-kz
2026-09-18T12:54:05.5851192Z ##[endgroup]
2026-09-18T12:54:05.5852878Z ##[group]Determining the checkout info
2026-09-18T12:54:05.5854876Z ##[endgroup]
2026-09-18T12:54:05.5862358Z [command]/usr/bin/git sparse-checkout disable
2026-09-18T12:54:05.5916362Z [command]/usr/bin/git config --local --unset-all extensions.worktreeConfig
2026-09-18T12:54:05.5947696Z ##[group]Checking out the ref
2026-09-18T12:54:05.5951977Z [command]/usr/bin/git checkout --progress --force -B jsp-000140-coloring-kz refs/remotes/origin/jsp-000140-coloring-kz
2026-09-18T12:54:05.6041567Z Switched to a new branch 'jsp-000140-coloring-kz'
2026-09-18T12:54:05.6047108Z branch 'jsp-000140-coloring-kz' set up to track 'origin/jsp-000140-coloring-kz'.
2026-09-18T12:54:05.6052853Z ##[endgroup]
2026-09-18T12:54:05.6094330Z [command]/usr/bin/git log -1 --format=%H
2026-09-18T12:54:05.6121241Z 724a733a2b498d7b3b956e66b76d7334cc906eaf
2026-09-18T12:54:05.6131534Z ##[group]Removing auth
2026-09-18T12:54:05.6135910Z [command]/usr/bin/git config --local --name-only --get-regexp core\.sshCommand
2026-09-18T12:54:05.6171199Z [command]/usr/bin/git submodule foreach --recursive sh -c "git config --local --name-only --get-regexp 'core\.sshCommand' && git config --local --unset-all 'core.sshCommand' || :"
2026-09-18T12:54:05.6392750Z [command]/usr/bin/git config --local --name-only --get-regexp http\.https\:\/\/github\.com\/\.extraheader
2026-09-18T12:54:05.6419999Z http.https://github.com/.extraheader
2026-09-18T12:54:05.6428937Z [command]/usr/bin/git config --local --unset-all http.https://github.com/.extraheader
2026-09-18T12:54:05.6465065Z [command]/usr/bin/git submodule foreach --recursive sh -c "git config --local --name-only --get-regexp 'http\.https\:\/\/github\.com\/\.extraheader' && git config --local --unset-all 'http.https://github.com/.extraheader' || :"
2026-09-18T12:54:05.6684602Z [command]/usr/bin/git config --local --name-only --get-regexp ^includeIf\.gitdir:
2026-09-18T12:54:05.6717481Z [command]/usr/bin/git submodule foreach --recursive git config --local --show-origin --name-only --get-regexp remote.origin.url
2026-09-18T12:54:05.6932333Z ##[endgroup]
2026-09-18T12:54:05.7138381Z ##[group]Run sudo fallocate -l 8G /swap-jsp140
2026-09-18T12:54:05.7139131Z [36;1msudo fallocate -l 8G /swap-jsp140[0m
2026-09-18T12:54:05.7139751Z [36;1msudo chmod 600 /swap-jsp140[0m
2026-09-18T12:54:05.7140318Z [36;1msudo mkswap /swap-jsp140[0m
2026-09-18T12:54:05.7140871Z [36;1msudo swapon /swap-jsp140[0m
2026-09-18T12:54:05.7182294Z shell: /usr/bin/bash --noprofile --norc -e -o pipefail {0}
2026-09-18T12:54:05.7182993Z ##[endgroup]
2026-09-18T12:54:05.7599342Z Setting up swapspace version 1, size = 8 GiB (8589930496 bytes)
2026-09-18T12:54:05.7600670Z no label, UUID=f472c6c3-b29c-46a7-899e-1610f2a99bb3
2026-09-18T12:54:05.7735473Z ##[group]Run set -euo pipefail
2026-09-18T12:54:05.7736091Z [36;1mset -euo pipefail[0m
2026-09-18T12:54:05.7736953Z [36;1mcurl -sSf https://elan.lean-lang.org/elan-init.sh | sh -s -- -y --default-toolchain none[0m
2026-09-18T12:54:05.7738436Z [36;1mecho "$HOME/.elan/bin" >> "$GITHUB_PATH"[0m
2026-09-18T12:54:05.7739097Z [36;1mexport PATH="$HOME/.elan/bin:$PATH"[0m
2026-09-18T12:54:05.7739813Z [36;1melan toolchain install "$(cat lean-toolchain)"[0m
2026-09-18T12:54:05.7740475Z [36;1mtest -s lake-manifest.json[0m
2026-09-18T12:54:05.7741037Z [36;1mpython3 scripts/bootstrap.py[0m
2026-09-18T12:54:05.7741602Z [36;1mlake exe cache get Mathlib[0m
2026-09-18T12:54:05.7742146Z [36;1mlake build Mathlib[0m
2026-09-18T12:54:05.7742713Z [36;1mgit diff --exit-code -- lake-manifest.json[0m
2026-09-18T12:54:05.7779042Z shell: /usr/bin/bash --noprofile --norc -e -o pipefail {0}
2026-09-18T12:54:05.7779727Z ##[endgroup]
2026-09-18T12:54:05.8716743Z info: downloading installer
2026-09-18T12:54:07.2782636Z info: downloading https://releases.lean-lang.org/lean4/v4.34.0/lean-4.34.0-linux.tar.zst
2026-09-18T12:54:10.7927988Z info: installing /home/runner/.elan/toolchains/leanprover--lean4---v4.34.0
2026-09-18T12:54:17.5268734Z 
2026-09-18T12:54:17.5703162Z leanprover/lean4:v4.34.0 installed - Lean (version 4.34.0, x86_64-unknown-linux-gnu, commit 293d5d0c0c3f3dded4688b3ccd6a33939ac5102b, Release)
2026-09-18T12:54:17.5704655Z 
2026-09-18T12:54:22.3384657Z Verified upstream: ErdosProblems/Erdos136/Hypergraph.lean
2026-09-18T12:54:22.3385575Z Verified upstream: ErdosProblems/Erdos136/Freedman.lean
2026-09-18T12:54:22.3386446Z Verified upstream: ErdosProblems/Erdos136/CFMTrajectories.lean
2026-09-18T12:54:22.3387669Z Verified upstream: ErdosProblems/Erdos136/McDiarmid.lean
2026-09-18T12:54:22.3388633Z Verified upstream: ErdosProblems/Erdos136/CFMRegularization.lean
2026-09-18T12:54:22.3389639Z Verified upstream: ErdosProblems/Erdos136/ConflictFreeMatching.lean
2026-09-18T12:54:22.3391158Z Verified upstream: ErdosProblems/Erdos136/Definitions.lean
2026-09-18T12:54:22.3391998Z Verified upstream: ErdosProblems/Erdos136/Completion.lean
2026-09-18T12:54:22.3392571Z Verified upstream: ErdosProblems/Erdos136/PartialConstruction.lean
2026-09-18T12:54:22.3393167Z Verified upstream: ErdosProblems/Erdos136/UpperParameters.lean
2026-09-18T12:54:22.3393779Z Verified upstream: ErdosProblems/Erdos136/AuxConcentration.lean
2026-09-18T12:54:22.3394331Z Verified upstream: ErdosProblems/Erdos136/ConflictCounts.lean
2026-09-18T12:54:22.3394847Z Verified upstream: ErdosProblems/Erdos136/TrackedTests.lean
2026-09-18T12:54:22.3395329Z Verified upstream: ErdosProblems/Erdos136/LowerBound.lean
2026-09-18T12:54:22.3395834Z Verified upstream: ErdosProblems/Erdos136/Asymptotics.lean
2026-09-18T12:54:22.3396324Z Verified upstream: ErdosProblems/Erdos136/LocalLemma.lean
2026-09-18T12:54:22.3396816Z Verified upstream: ErdosProblems/Erdos136/LeaveCompletion.lean
2026-09-18T12:54:22.3397669Z Verified upstream: ErdosProblems/Erdos136/UpperReduction.lean
2026-09-18T12:54:22.3398207Z Verified upstream: ErdosProblems/Erdos136/UpperConstruction.lean
2026-09-18T12:54:22.3398702Z Verified upstream: ErdosProblems/Erdos136.lean
2026-09-18T12:54:22.7678788Z info: mathlib: cloning https://github.com/leanprover-community/mathlib4
2026-09-18T12:58:00.1253579Z info: mathlib: checking out revision '5ed2965256430c3649e86755f9576b54eca72435'
2026-09-18T12:58:01.0482114Z info: plausible: cloning https://github.com/leanprover-community/plausible
2026-09-18T12:58:01.5129808Z info: plausible: checking out revision '118aa17ee84656b8bd727fef7c458ee8c833385c'
2026-09-18T12:58:01.5254496Z info: LeanSearchClient: cloning https://github.com/leanprover-community/LeanSearchClient
2026-09-18T12:58:01.9903370Z info: LeanSearchClient: checking out revision 'ddf04cf3949fa556442341e87d47f9f6e6074707'
2026-09-18T12:58:02.0022592Z info: importGraph: cloning https://github.com/leanprover-community/import-graph
2026-09-18T12:58:02.9539550Z info: importGraph: checking out revision 'e928b72544873815af278d38681b31c0293588e3'
2026-09-18T12:58:02.9683769Z info: proofwidgets: cloning https://github.com/leanprover-community/ProofWidgets4
2026-09-18T12:58:03.7859221Z info: proofwidgets: checking out revision '106ff4fafc74ef4ac99d81dbf3ab399118f497a5'
2026-09-18T12:58:04.4357320Z info: aesop: cloning https://github.com/leanprover-community/aesop
2026-09-18T12:58:05.4952064Z info: aesop: checking out revision '355695d523e41d0554926416cba2a2b3544fbbc9'
2026-09-18T12:58:05.5142397Z info: Qq: cloning https://github.com/leanprover-community/quote4
2026-09-18T12:58:06.0686303Z info: Qq: checking out revision '6a489d9af5d0c47e5b259e2e8bcdfc1811b5a259'
2026-09-18T12:58:06.0815343Z info: batteries: cloning https://github.com/leanprover-community/batteries
2026-09-18T12:58:08.5873649Z info: batteries: checking out revision 'f2effa3d803fda822b1f97b806c47cf2adfbcbc2'
2026-09-18T12:58:08.6094662Z info: Cli: cloning https://github.com/leanprover/lean4-cli
2026-09-18T12:58:09.1412139Z info: Cli: checking out revision 'e92c9f15fdfacc8536f31cfb3b7ad26c3c8cd204'
2026-09-18T12:58:09.5571838Z ✔ [1/5] Built Cache.Cli (345ms)
2026-09-18T12:58:09.6573449Z ✔ [2/5] Built Cache.Lean (442ms)
2026-09-18T12:58:13.3610732Z ✔ [7/42] Built Cache.Cli:c.o (208ms)
2026-09-18T12:58:13.4602364Z ✔ [9/42] Built Cache.Lean:c.o (251ms)
2026-09-18T12:58:13.6629232Z ✔ [10/42] Built Cache.Env (501ms)
2026-09-18T12:58:13.9628768Z ✔ [11/42] Built Cache.Env:c.o (250ms)
2026-09-18T12:58:14.1623721Z ✔ [12/42] Built Cache.Infra (528ms)
2026-09-18T12:58:14.4628787Z ✔ [13/42] Built Cache.Infra:c.o (288ms)
2026-09-18T12:58:14.8632964Z ✔ [14/42] Built Cache.IO (1.7s)
2026-09-18T12:58:15.5708880Z ✔ [15/42] Built Cache.Hashing (786ms)
2026-09-18T12:58:16.2701400Z ✔ [16/42] Built Cache.Hashing:c.o (649ms)
2026-09-18T12:58:16.5704536Z ✔ [17/42] Built Cache.IO:c.o (1.7s)
2026-09-18T12:58:17.6715671Z ✔ [18/42] Built Cache.Requests (2.0s)
2026-09-18T12:58:18.2728852Z ✔ [19/42] Built Cache.Marker (586ms)
2026-09-18T12:58:18.3742785Z ✔ [20/42] Built Cache.Marker:c.o (168ms)
2026-09-18T12:58:19.1831668Z ✔ [21/42] Built Cache.Upload.Dest (925ms)
2026-09-18T12:58:19.2879637Z ✔ [22/42] Built Cache.Query (1.1s)
2026-09-18T12:58:19.3888749Z ✔ [23/42] Built Cache.Upload.Dest:c.o (203ms)
2026-09-18T12:58:19.8903151Z ✔ [24/42] Built Cache.Query:c.o (484ms)
2026-09-18T12:58:20.2922013Z ✔ [25/42] Built Cache.Upload.Rclone (1.1s)
2026-09-18T12:58:20.3909944Z ✔ [26/42] Built Cache.Upload.Curl (1.1s)
2026-09-18T12:58:20.5913031Z ✔ [27/42] Built Cache.Upload.Rclone:c.o (318ms)
2026-09-18T12:58:20.6914924Z ✔ [28/42] Built Cache.Upload.Curl:c.o (327ms)
2026-09-18T12:58:21.0928529Z ✔ [29/42] Built Cache.Warning (1.2s)
2026-09-18T12:58:21.3938550Z ✔ [30/42] Built Cache.Requests:c.o (3.8s)
2026-09-18T12:58:21.4925094Z ✔ [31/42] Built Cache.Upload.Azure (935ms)
2026-09-18T12:58:21.4925745Z ✔ [32/42] Built Cache.Warning:c.o (398ms)
2026-09-18T12:58:21.6940774Z ✔ [33/42] Built Cache.Upload.Azure:c.o (171ms)
2026-09-18T12:58:21.7942444Z ✔ [34/42] Built Cache.Upload.S3 (1.1s)
2026-09-18T12:58:22.0945693Z ✔ [35/42] Built Cache.Upload.S3:c.o (342ms)
2026-09-18T12:58:22.3949750Z ✔ [36/42] Built Cache.Upload.Defs (596ms)
2026-09-18T12:58:22.4950466Z ✔ [37/42] Built Cache.Upload.Defs:c.o (160ms)
2026-09-18T12:58:22.8955716Z ✔ [38/42] Built Cache.Upload (539ms)
2026-09-18T12:58:22.9956607Z ✔ [39/42] Built Cache.Upload:c.o (137ms)
2026-09-18T12:58:23.9966945Z ✔ [40/42] Built Cache.Main (1.1s)
2026-09-18T12:58:24.9968468Z ✔ [41/42] Built Cache.Main:c.o (964ms)
2026-09-18T12:58:25.6993040Z ✔ [42/42] Built cache:exe (720ms)
2026-09-18T12:58:28.6204906Z Current branch: HEAD
2026-09-18T12:58:28.6205608Z Using cache from origin: (some leanprover-community/mathlib4)
2026-09-18T12:58:28.6207565Z Attempting to download 8908 file(s) from leanprover-community/mathlib4 cache at https://cache.mathlib.org/mathlib4-master
2026-09-18T12:58:28.7278625Z 
2026-09-18T12:58:28.8394474Z Downloaded: 19 file(s) [attempted 19/8908 = 0%, 435 KB/s], Decompressed: 5
2026-09-18T12:58:28.9439965Z Downloaded: 185 file(s) [attempted 185/8908 = 2%, 4443 KB/s], Decompressed: 19
2026-09-18T12:58:29.0528564Z Downloaded: 368 file(s) [attempted 368/8908 = 4%, 795 KB/s], Decompressed: 19
2026-09-18T12:58:29.1487743Z Downloaded: 546 file(s) [attempted 546/8908 = 6%, 10095 KB/s], Decompressed: 19
2026-09-18T12:58:29.2548347Z Downloaded: 736 file(s) [attempted 736/8908 = 8%, 1311 KB/s], Decompressed: 104
2026-09-18T12:58:29.3749380Z Downloaded: 861 file(s) [attempted 861/8908 = 9%, 4621 KB/s], Decompressed: 104
2026-09-18T12:58:29.4785340Z Downloaded: 1011 file(s) [attempted 1011/8908 = 11%, 102 KB/s], Decompressed: 104
2026-09-18T12:58:29.5826461Z Downloaded: 1116 file(s) [attempted 1116/8908 = 12%, 1446 KB/s], Decompressed: 104
2026-09-18T12:58:29.6818836Z Downloaded: 1270 file(s) [attempted 1270/8908 = 14%, 3770 KB/s], Decompressed: 104
2026-09-18T12:58:29.7928917Z Downloaded: 1442 file(s) [attempted 1442/8908 = 16%, 951 KB/s], Decompressed: 104
2026-09-18T12:58:29.8927832Z Downloaded: 1616 file(s) [attempted 1616/8908 = 18%, 518 KB/s], Decompressed: 104
2026-09-18T12:58:29.9920475Z Downloaded: 1796 file(s) [attempted 1796/8908 = 20%, 3202 KB/s], Decompressed: 104
2026-09-18T12:58:30.0962934Z Downloaded: 1954 file(s) [attempted 1954/8908 = 21%, 277 KB/s], Decompressed: 104
2026-09-18T12:58:30.2130688Z Downloaded: 2137 file(s) [attempted 2138/8908 = 24%, 962 KB/s], Decompressed: 104
2026-09-18T12:58:30.3154799Z Downloaded: 2300 file(s) [attempted 2301/8908 = 25%, 234 KB/s], Decompressed: 104
2026-09-18T12:58:30.4187604Z Downloaded: 2441 file(s) [attempted 2442/8908 = 27%, 353 KB/s], Decompressed: 104
2026-09-18T12:58:30.5314955Z Downloaded: 2516 file(s) [attempted 2517/8908 = 28%, 242 KB/s], Decompressed: 104
2026-09-18T12:58:30.6341881Z Downloaded: 2668 file(s) [attempted 2669/8908 = 29%, 4291 KB/s], Decompressed: 104
2026-09-18T12:58:30.7468492Z Downloaded: 2811 file(s) [attempted 2812/8908 = 31%, 2250 KB/s], Decompressed: 104
2026-09-18T12:58:30.8462550Z Downloaded: 2922 file(s) [attempted 2923/8908 = 32%, 10624 KB/s], Decompressed: 104
2026-09-18T12:58:30.9460765Z Downloaded: 3071 file(s) [attempted 3072/8908 = 34%, 1320 KB/s], Decompressed: 104
2026-09-18T12:58:31.0479767Z Downloaded: 3212 file(s) [attempted 3213/8908 = 36%, 1905 KB/s], Decompressed: 104
2026-09-18T12:58:31.1496404Z Downloaded: 3368 file(s) [attempted 3369/8908 = 37%, 499 KB/s], Decompressed: 104
2026-09-18T12:58:31.2531684Z Downloaded: 3578 file(s) [attempted 3579/8908 = 40%, 1092 KB/s], Decompressed: 640
2026-09-18T12:58:31.3558555Z Downloaded: 3696 file(s) [attempted 3697/8908 = 41%, 104 KB/s], Decompressed: 640
2026-09-18T12:58:31.4562132Z Downloaded: 3756 file(s) [attempted 3757/8908 = 42%, 2762 KB/s], Decompressed: 640
2026-09-18T12:58:31.5797036Z Downloaded: 3898 file(s) [attempted 3899/8908 = 43%, 338 KB/s], Decompressed: 640
2026-09-18T12:58:31.7138454Z Downloaded: 4001 file(s) [attempted 4002/8908 = 44%, 1208 KB/s], Decompressed: 640
2026-09-18T12:58:31.9028511Z Downloaded: 4153 file(s) [attempted 4154/8908 = 46%, 946 KB/s], Decompressed: 640
2026-09-18T12:58:32.0010784Z Downloaded: 4302 file(s) [attempted 4303/8908 = 48%, 1572 KB/s], Decompressed: 640
2026-09-18T12:58:32.1228451Z Downloaded: 4424 file(s) [attempted 4425/8908 = 49%, 8847 KB/s], Decompressed: 640
2026-09-18T12:58:32.2244733Z Downloaded: 4561 file(s) [attempted 4562/8908 = 51%, 445 KB/s], Decompressed: 640
2026-09-18T12:58:32.3238434Z Downloaded: 4705 file(s) [attempted 4706/8908 = 52%, 1469 KB/s], Decompressed: 640
2026-09-18T12:58:32.4702662Z Downloaded: 4802 file(s) [attempted 4803/8908 = 53%, 534 KB/s], Decompressed: 640
2026-09-18T12:58:32.5808492Z Downloaded: 4893 file(s) [attempted 4894/8908 = 54%, 737 KB/s], Decompressed: 640
2026-09-18T12:58:32.6791499Z Downloaded: 5044 file(s) [attempted 5045/8908 = 56%, 909 KB/s], Decompressed: 640
2026-09-18T12:58:32.8090769Z Downloaded: 5162 file(s) [attempted 5163/8908 = 57%, 905 KB/s], Decompressed: 640
2026-09-18T12:58:32.9145069Z Downloaded: 5239 file(s) [attempted 5240/8908 = 58%, 1169 KB/s], Decompressed: 640
2026-09-18T12:58:33.0615230Z Downloaded: 5376 file(s) [attempted 5377/8908 = 60%, 1722 KB/s], Decompressed: 640
2026-09-18T12:58:33.1628603Z Downloaded: 5474 file(s) [attempted 5475/8908 = 61%, 558 KB/s], Decompressed: 640
2026-09-18T12:58:33.2948264Z Downloaded: 5624 file(s) [attempted 5625/8908 = 63%, 2289 KB/s], Decompressed: 640
2026-09-18T12:58:33.4218461Z Downloaded: 5742 file(s) [attempted 5744/8908 = 64%, 1480 KB/s], Decompressed: 640
2026-09-18T12:58:33.5193271Z Downloaded: 5843 file(s) [attempted 5845/8908 = 65%, 546 KB/s], Decompressed: 640
2026-09-18T12:58:33.6210097Z Downloaded: 5962 file(s) [attempted 5964/8908 = 66%, 3089 KB/s], Decompressed: 640
2026-09-18T12:58:33.7303436Z Downloaded: 6012 file(s) [attempted 6014/8908 = 67%, 441 KB/s], Decompressed: 640
2026-09-18T12:58:33.8309919Z Downloaded: 6158 file(s) [attempted 6160/8908 = 69%, 997 KB/s], Decompressed: 640
2026-09-18T12:58:33.9593495Z Downloaded: 6269 file(s) [attempted 6271/8908 = 70%, 697 KB/s], Decompressed: 640
2026-09-18T12:58:34.0742461Z Downloaded: 6420 file(s) [attempted 6422/8908 = 72%, 3176 KB/s], Decompressed: 640
2026-09-18T12:58:34.1798603Z Downloaded: 6572 file(s) [attempted 6574/8908 = 73%, 55358 KB/s], Decompressed: 640
2026-09-18T12:58:34.2898466Z Downloaded: 6713 file(s) [attempted 6715/8908 = 75%, 7894 KB/s], Decompressed: 640
2026-09-18T12:58:34.3888623Z Downloaded: 6845 file(s) [attempted 6847/8908 = 76%, 1982 KB/s], Decompressed: 640
2026-09-18T12:58:34.4988459Z Downloaded: 6989 file(s) [attempted 6991/8908 = 78%, 745 KB/s], Decompressed: 640
2026-09-18T12:58:34.6108464Z Downloaded: 7095 file(s) [attempted 7097/8908 = 79%, 5988 KB/s], Decompressed: 640
2026-09-18T12:58:34.7288885Z Downloaded: 7247 file(s) [attempted 7249/8908 = 81%, 3662 KB/s], Decompressed: 640
2026-09-18T12:58:34.8409474Z Downloaded: 7413 file(s) [attempted 7415/8908 = 83%, 16398 KB/s], Decompressed: 640
2026-09-18T12:58:34.9400494Z Downloaded: 7564 file(s) [attempted 7566/8908 = 84%, 396 KB/s], Decompressed: 640
2026-09-18T12:58:35.0459021Z Downloaded: 7684 file(s) [attempted 7686/8908 = 86%, 1457 KB/s], Decompressed: 640
2026-09-18T12:58:35.1465397Z Downloaded: 7797 file(s) [attempted 7799/8908 = 87%, 2195 KB/s], Decompressed: 640
2026-09-18T12:58:35.2479444Z Downloaded: 7927 file(s) [attempted 7929/8908 = 89%, 415 KB/s], Decompressed: 640
2026-09-18T12:58:35.3538439Z Downloaded: 8049 file(s) [attempted 8051/8908 = 90%, 1370 KB/s], Decompressed: 640
2026-09-18T12:58:35.4658548Z Downloaded: 8186 file(s) [attempted 8188/8908 = 91%, 2840 KB/s], Decompressed: 640
2026-09-18T12:58:35.5679246Z Downloaded: 8326 file(s) [attempted 8328/8908 = 93%, 1833 KB/s], Decompressed: 640
2026-09-18T12:58:35.6682864Z Downloaded: 8482 file(s) [attempted 8484/8908 = 95%, 741 KB/s], Decompressed: 640
2026-09-18T12:58:35.7748437Z Downloaded: 8628 file(s) [attempted 8630/8908 = 96%, 104 KB/s], Decompressed: 640
2026-09-18T12:58:35.8708703Z Downloaded: 8746 file(s) [attempted 8748/8908 = 98%, 307 KB/s], Decompressed: 640
2026-09-18T12:58:35.8728657Z Downloaded: 8906 file(s) [attempted 8908/8908 = 100%, 307 KB/s], Decompressed: 640
2026-09-18T12:58:35.8736325Z Attempting to download 2 file(s) from leanprover-community/mathlib4 cache at https://cache.mathlib.org/mathlib4
2026-09-18T12:58:36.0468134Z 
2026-09-18T12:58:36.0505872Z Downloaded: 0 file(s) [attempted 1/2 = 50%, 1 KB/s], Decompressed: 640
2026-09-18T12:58:36.0507810Z Downloaded: 0 file(s) [attempted 2/2 = 100%, 1 KB/s], Decompressed: 640
2026-09-18T12:58:36.0509052Z Warning: some files were not found in the cache.
2026-09-18T12:58:36.0510019Z This usually means that your local checkout of mathlib4 has diverged from upstream.
2026-09-18T12:58:36.0510791Z 
2026-09-18T12:58:36.0511221Z   * If you push your commits to a PR to the mathlib4 repository
2026-09-18T12:58:36.0512042Z     (use a draft PR if it is not ready for review),
2026-09-18T12:58:36.0512856Z     then CI will build the oleans and they will be available later.
2026-09-18T12:58:36.0513682Z   * If you have already opened a PR, this may mean
2026-09-18T12:58:36.0514810Z     the CI build has failed part-way through building.
2026-09-18T12:58:58.8084250Z Decompressed 8906 file(s)
2026-09-18T12:58:58.8086445Z Already decompressed 8906 file(s)
2026-09-18T12:59:03.9000004Z ✔ [8921/8923] Built Mathlib.Probability.Kernel.Invariance (1.5s)
2026-09-18T12:59:08.8038548Z ✔ [8922/8923] Built Mathlib (4.2s)
2026-09-18T12:59:08.8159731Z Build completed successfully (8923 jobs).
2026-09-18T12:59:08.8592031Z ##[group]Run bash scripts/verify.sh
2026-09-18T12:59:08.8592349Z [36;1mbash scripts/verify.sh[0m
2026-09-18T12:59:08.8641355Z shell: /usr/bin/bash --noprofile --norc -e -o pipefail {0}
2026-09-18T12:59:08.8641704Z ##[endgroup]
2026-09-18T12:59:08.9852978Z Passed: /usr/bin/python3 scripts/bootstrap.py
2026-09-18T12:59:16.9926606Z Passed: lake env lean -DwarningAsError=true -j1 -M10000 -o .lake/build/lib/lean/JSP000140.olean ./JSP000140.lean
2026-09-18T12:59:16.9927850Z Compiled/verified source: JSP000140
2026-09-18T12:59:22.2289917Z Passed: lake env lean -DwarningAsError=true -j1 -M10000 -o .lake/build/lib/lean/ErdosProblems/Erdos136/Definitions.olean ./ErdosProblems/Erdos136/Definitions.lean
2026-09-18T12:59:22.2291396Z Compiled/verified source: ErdosProblems.Erdos136.Definitions
2026-09-18T12:59:27.8683658Z Passed: lake env lean -DwarningAsError=true -j1 -M10000 -o .lake/build/lib/lean/JSP000140Bridge.olean ./JSP000140Bridge.lean
2026-09-18T12:59:27.8684869Z Compiled/verified source: JSP000140Bridge
2026-09-18T12:59:34.3253982Z Passed: lake env lean -DwarningAsError=true -j1 -M10000 -o .lake/build/lib/lean/ErdosProblems/Erdos136/Hypergraph.olean ./ErdosProblems/Erdos136/Hypergraph.lean
2026-09-18T12:59:34.3255472Z Compiled/verified source: ErdosProblems.Erdos136.Hypergraph
2026-09-18T12:59:41.3001815Z Passed: lake env lean -DwarningAsError=true -j1 -M10000 -o .lake/build/lib/lean/ErdosProblems/Erdos136/Freedman.olean ./ErdosProblems/Erdos136/Freedman.lean
2026-09-18T12:59:41.3002909Z Compiled/verified source: ErdosProblems.Erdos136.Freedman
2026-09-18T13:00:58.7250279Z Passed: lake env lean -DwarningAsError=true -j1 -M10000 -o .lake/build/lib/lean/ErdosProblems/Erdos136/CFMTrajectories.olean ./ErdosProblems/Erdos136/CFMTrajectories.lean
2026-09-18T13:00:58.7252548Z Compiled/verified source: ErdosProblems.Erdos136.CFMTrajectories
2026-09-18T13:01:07.4719930Z Passed: lake env lean -DwarningAsError=true -j1 -M10000 -o .lake/build/lib/lean/ErdosProblems/Erdos136/McDiarmid.olean ./ErdosProblems/Erdos136/McDiarmid.lean
2026-09-18T13:01:07.4721126Z Compiled/verified source: ErdosProblems.Erdos136.McDiarmid
2026-09-18T13:03:34.1802065Z Passed: lake env lean -DwarningAsError=true -j1 -M10000 -o .lake/build/lib/lean/ErdosProblems/Erdos136/CFMRegularization.olean ./ErdosProblems/Erdos136/CFMRegularization.lean
2026-09-18T13:03:34.1803404Z Compiled/verified source: ErdosProblems.Erdos136.CFMRegularization
2026-09-18T13:12:45.0226098Z Passed: lake env lean -DwarningAsError=true -j1 -M10000 -o .lake/build/lib/lean/ErdosProblems/Erdos136/ConflictFreeMatching.olean ./ErdosProblems/Erdos136/ConflictFreeMatching.lean
2026-09-18T13:12:45.0234544Z Compiled/verified source: ErdosProblems.Erdos136.ConflictFreeMatching
2026-09-18T13:12:55.0887741Z Passed: lake env lean -DwarningAsError=true -j1 -M10000 -o .lake/build/lib/lean/ErdosProblems/Erdos136/Completion.olean ./ErdosProblems/Erdos136/Completion.lean
2026-09-18T13:12:55.0888962Z Compiled/verified source: ErdosProblems.Erdos136.Completion
2026-09-18T13:13:43.9294821Z Passed: lake env lean -DwarningAsError=true -j1 -M10000 -o .lake/build/lib/lean/ErdosProblems/Erdos136/PartialConstruction.olean ./ErdosProblems/Erdos136/PartialConstruction.lean
2026-09-18T13:13:43.9296395Z Compiled/verified source: ErdosProblems.Erdos136.PartialConstruction
2026-09-18T13:13:57.7956334Z Passed: lake env lean -DwarningAsError=true -j1 -M10000 -o .lake/build/lib/lean/ErdosProblems/Erdos136/UpperParameters.olean ./ErdosProblems/Erdos136/UpperParameters.lean
2026-09-18T13:13:57.7957850Z Compiled/verified source: ErdosProblems.Erdos136.UpperParameters
2026-09-18T13:15:45.5632387Z Passed: lake env lean -DwarningAsError=true -j1 -M10000 -o .lake/build/lib/lean/ErdosProblems/Erdos136/AuxConcentration.olean ./ErdosProblems/Erdos136/AuxConcentration.lean
2026-09-18T13:15:45.5634021Z Compiled/verified source: ErdosProblems.Erdos136.AuxConcentration
2026-09-18T13:16:53.4463077Z Passed: lake env lean -DwarningAsError=true -j1 -M10000 -o .lake/build/lib/lean/ErdosProblems/Erdos136/ConflictCounts.olean ./ErdosProblems/Erdos136/ConflictCounts.lean
2026-09-18T13:16:53.4464792Z Compiled/verified source: ErdosProblems.Erdos136.ConflictCounts
2026-09-18T13:17:22.2345126Z Passed: lake env lean -DwarningAsError=true -j1 -M10000 -o .lake/build/lib/lean/ErdosProblems/Erdos136/TrackedTests.olean ./ErdosProblems/Erdos136/TrackedTests.lean
2026-09-18T13:17:22.2346411Z Compiled/verified source: ErdosProblems.Erdos136.TrackedTests
2026-09-18T13:17:34.7401359Z Passed: lake env lean -DwarningAsError=true -j1 -M10000 -o .lake/build/lib/lean/ErdosProblems/Erdos136/LowerBound.olean ./ErdosProblems/Erdos136/LowerBound.lean
2026-09-18T13:17:34.7402595Z Compiled/verified source: ErdosProblems.Erdos136.LowerBound
2026-09-18T13:17:40.8053987Z Passed: lake env lean -DwarningAsError=true -j1 -M10000 -o .lake/build/lib/lean/ErdosProblems/Erdos136/Asymptotics.olean ./ErdosProblems/Erdos136/Asymptotics.lean
2026-09-18T13:17:40.8055370Z Compiled/verified source: ErdosProblems.Erdos136.Asymptotics
2026-09-18T13:17:48.8201125Z Passed: lake env lean -DwarningAsError=true -j1 -M10000 -o .lake/build/lib/lean/ErdosProblems/Erdos136/LocalLemma.olean ./ErdosProblems/Erdos136/LocalLemma.lean
2026-09-18T13:17:48.8202363Z Compiled/verified source: ErdosProblems.Erdos136.LocalLemma
2026-09-18T13:18:10.7395713Z Passed: lake env lean -DwarningAsError=true -j1 -M10000 -o .lake/build/lib/lean/ErdosProblems/Erdos136/LeaveCompletion.olean ./ErdosProblems/Erdos136/LeaveCompletion.lean
2026-09-18T13:18:10.7397346Z Compiled/verified source: ErdosProblems.Erdos136.LeaveCompletion
2026-09-18T13:18:15.7400576Z Passed: lake env lean -DwarningAsError=true -j1 -M10000 -o .lake/build/lib/lean/ErdosProblems/Erdos136/UpperReduction.olean ./ErdosProblems/Erdos136/UpperReduction.lean
2026-09-18T13:18:15.7402091Z Compiled/verified source: ErdosProblems.Erdos136.UpperReduction
2026-09-18T13:18:51.3196580Z Passed: lake env lean -DwarningAsError=true -j1 -M10000 -o .lake/build/lib/lean/ErdosProblems/Erdos136/UpperConstruction.olean ./ErdosProblems/Erdos136/UpperConstruction.lean
2026-09-18T13:18:51.3198472Z Compiled/verified source: ErdosProblems.Erdos136.UpperConstruction
2026-09-18T13:18:56.3018573Z Passed: lake env lean -DwarningAsError=true -j1 -M10000 -o .lake/build/lib/lean/ErdosProblems/Erdos136.olean ./ErdosProblems/Erdos136.lean
2026-09-18T13:18:56.3020293Z Compiled/verified source: ErdosProblems.Erdos136
2026-09-18T13:19:01.4198385Z Passed: lake env lean -DwarningAsError=true -j1 -M10000 -o .lake/build/lib/lean/JSP000140Complete.olean ./JSP000140Complete.lean
2026-09-18T13:19:01.4200016Z Compiled/verified source: JSP000140Complete
2026-09-18T13:19:06.2009474Z Passed: lake env lean -DwarningAsError=true -j1 -M10000 -o .lake/build/lib/lean/AuditComplete.olean ./AuditComplete.lean
2026-09-18T13:19:06.2010908Z Compiled/verified source: AuditComplete
2026-09-18T13:19:10.9191424Z Passed: lake env lean -DwarningAsError=true AuditComplete.lean
2026-09-18T13:20:46.3931612Z Passed: lake env leanchecker --verbose ErdosProblems
2026-09-18T13:20:55.3243873Z Passed: lake env leanchecker --verbose JSP000140
2026-09-18T13:21:05.9517821Z Passed: lake env leanchecker --verbose JSP000140Bridge
2026-09-18T13:21:16.4839485Z Passed: lake env leanchecker --verbose JSP000140Complete
2026-09-18T13:21:21.2900668Z All full-development checks passed.
2026-09-18T13:21:21.3046871Z ##[group]Run set -euo pipefail
2026-09-18T13:21:21.3047505Z [36;1mset -euo pipefail[0m
2026-09-18T13:21:21.3047804Z [36;1mmkdir -p evidence[0m
2026-09-18T13:21:21.3048243Z [36;1mbash scripts/verify_nanoda.sh 2>&1 | tee evidence/nanoda-build.log[0m
2026-09-18T13:21:21.3134064Z shell: /usr/bin/bash --noprofile --norc -e -o pipefail {0}
2026-09-18T13:21:21.3134525Z ##[endgroup]
2026-09-18T13:21:21.8512135Z https://github.com/leanprover/lean4export.git 6cea97789dc088ea47fcea15692db85685aedac5
2026-09-18T13:21:22.4714173Z https://github.com/ammkrn/nanoda_lib.git 4c544ed4099c8227f07d5de77ad1e69fb0740a27
2026-09-18T13:21:26.0243732Z ✔ [2/6] Built Export (3.4s)
2026-09-18T13:21:28.5262513Z ✔ [3/6] Built Export:c.o (2.5s)
2026-09-18T13:21:29.4273347Z ✔ [4/6] Built Main (847ms)
2026-09-18T13:21:29.6275103Z ✔ [5/6] Built Main:c.o (212ms)
2026-09-18T13:21:31.5302463Z ✔ [6/6] Built lean4export:exe (1.9s)
2026-09-18T13:21:31.5308914Z Build completed successfully (6 jobs).
2026-09-18T13:21:33.4800194Z     Updating crates.io index
2026-09-18T13:21:33.7484366Z  Downloading crates ...
2026-09-18T13:21:33.7749439Z   Downloaded itoa v1.0.15
2026-09-18T13:21:33.8159907Z   Downloaded autocfg v1.1.0
2026-09-18T13:21:33.8177777Z   Downloaded ppv-lite86 v0.2.17
2026-09-18T13:21:33.8193605Z   Downloaded cfg-if v1.0.0
2026-09-18T13:21:33.8205090Z   Downloaded num-integer v0.1.46
2026-09-18T13:21:33.8221340Z   Downloaded rand_chacha v0.3.1
2026-09-18T13:21:33.8232717Z   Downloaded rustc-hash v1.1.0
2026-09-18T13:21:33.8241970Z   Downloaded equivalent v1.0.1
2026-09-18T13:21:33.8250823Z   Downloaded ryu v1.0.20
2026-09-18T13:21:33.8282651Z   Downloaded quote v1.0.35
2026-09-18T13:21:33.8309611Z   Downloaded indexmap v2.13.0
2026-09-18T13:21:33.8356177Z   Downloaded rand_core v0.6.4
2026-09-18T13:21:33.8370882Z   Downloaded unicode-ident v1.0.12
2026-09-18T13:21:33.8398506Z   Downloaded getrandom v0.2.11
2026-09-18T13:21:33.8429662Z   Downloaded serde_core v1.0.228
2026-09-18T13:21:33.8457539Z   Downloaded num-traits v0.2.17
2026-09-18T13:21:33.8484038Z   Downloaded proc-macro2 v1.0.103
2026-09-18T13:21:33.8520757Z   Downloaded semver v1.0.27
2026-09-18T13:21:33.8544794Z   Downloaded serde_derive v1.0.228
2026-09-18T13:21:33.8584352Z   Downloaded rand v0.8.5
2026-09-18T13:21:33.8619621Z   Downloaded serde v1.0.228
2026-09-18T13:21:33.8654661Z   Downloaded memchr v2.7.6
2026-09-18T13:21:33.8710400Z   Downloaded num-bigint v0.4.4
2026-09-18T13:21:33.8757789Z   Downloaded hashbrown v0.16.1
2026-09-18T13:21:33.8809229Z   Downloaded serde_json v1.0.145
2026-09-18T13:21:33.8882966Z   Downloaded syn v2.0.111
2026-09-18T13:21:33.8989849Z   Downloaded libc v0.2.180
2026-09-18T13:21:34.0148556Z    Compiling autocfg v1.1.0
2026-09-18T13:21:34.0149211Z    Compiling proc-macro2 v1.0.103
2026-09-18T13:21:34.0150095Z    Compiling unicode-ident v1.0.12
2026-09-18T13:21:34.0150818Z    Compiling serde_core v1.0.228
2026-09-18T13:21:36.5023171Z    Compiling serde v1.0.228
2026-09-18T13:21:36.5543242Z    Compiling num-traits v0.2.17
2026-09-18T13:21:38.2141813Z    Compiling num-bigint v0.4.4
2026-09-18T13:21:38.3748187Z    Compiling serde_json v1.0.145
2026-09-18T13:21:38.5628390Z    Compiling hashbrown v0.16.1
2026-09-18T13:21:39.2486584Z    Compiling quote v1.0.35
2026-09-18T13:21:39.4162584Z    Compiling syn v2.0.111
2026-09-18T13:21:39.6522961Z    Compiling num-integer v0.1.46
2026-09-18T13:21:39.6587999Z    Compiling memchr v2.7.6
2026-09-18T13:21:40.2318286Z    Compiling itoa v1.0.15
2026-09-18T13:21:40.3188880Z    Compiling ryu v1.0.20
2026-09-18T13:21:40.5139270Z    Compiling equivalent v1.0.1
2026-09-18T13:21:40.5468458Z    Compiling indexmap v2.13.0
2026-09-18T13:21:40.5846186Z    Compiling rustc-hash v1.1.0
2026-09-18T13:21:40.6305274Z    Compiling semver v1.0.27
2026-09-18T13:21:41.2971431Z    Compiling serde_derive v1.0.228
2026-09-18T13:21:44.0934171Z    Compiling nanoda_lib v0.4.17 (/tmp/tmp.r2hfkAqoM9/checker)
2026-09-18T13:21:57.7155188Z     Finished `release` profile [optimized] target(s) in 25.56s
2026-09-18T13:23:05.9863900Z Checked 56007 declarations with no errors
2026-09-18T13:23:16.9841681Z ##[group]Run set -euo pipefail
2026-09-18T13:23:16.9842015Z [36;1mset -euo pipefail[0m
2026-09-18T13:23:16.9842269Z [36;1mmkdir -p evidence[0m
2026-09-18T13:23:16.9842555Z [36;1mgit rev-parse HEAD > evidence/SOURCE_COMMIT[0m
2026-09-18T13:23:16.9842907Z [36;1mcp lake-manifest.json evidence/[0m
2026-09-18T13:23:16.9843227Z [36;1mgit diff --exit-code -- lake-manifest.json[0m
2026-09-18T13:23:16.9843647Z [36;1mtar --exclude=.lake --exclude=evidence -czf evidence/source.tar.gz .[0m
2026-09-18T13:23:16.9844136Z [36;1msha256sum evidence/source.tar.gz > evidence/ARCHIVE_SHA256[0m
2026-09-18T13:23:16.9880294Z shell: /usr/bin/bash --noprofile --norc -e -o pipefail {0}
2026-09-18T13:23:16.9880645Z ##[endgroup]
2026-09-18T13:23:17.1440227Z Node 20 is being deprecated. This workflow is running with Node 24 by default. If you need to temporarily use Node 20, you can set the ACTIONS_ALLOW_USE_UNSECURE_NODE_VERSION=true environment variable. For more information see: https://github.blog/changelog/2025-09-19-deprecation-of-node-20-on-github-actions-runners/
2026-09-18T13:23:17.1442402Z ##[group]Run actions/upload-artifact@ea165f8d65b6e75b540449e92b4886f43607fa02
2026-09-18T13:23:17.1442803Z with:
2026-09-18T13:23:17.1443025Z   name: jsp-000140-evidence
2026-09-18T13:23:17.1443393Z   path: projects/jsp-000140/evidence
projects/jsp-000140/evidence-complete

2026-09-18T13:23:17.1443801Z   if-no-files-found: error
2026-09-18T13:23:17.1444039Z   compression-level: 6
2026-09-18T13:23:17.1444257Z   overwrite: false
2026-09-18T13:23:17.1444469Z   include-hidden-files: false
2026-09-18T13:23:17.1444704Z ##[endgroup]
2026-09-18T13:23:17.4500921Z (node:5607) [DEP0040] DeprecationWarning: The `punycode` module is deprecated. Please use a userland alternative instead.
2026-09-18T13:23:17.4501651Z (Use `node --trace-deprecation ...` to show where the warning was created)
2026-09-18T13:23:17.4706591Z Multiple search paths detected. Calculating the least common ancestor of all paths
2026-09-18T13:23:17.4710432Z The least common ancestor is /home/runner/work/jsp-000301-lean/jsp-000301-lean/projects/jsp-000140. This will be the root directory of the artifact
2026-09-18T13:23:17.4711887Z With the provided path, there will be 48 files uploaded
2026-09-18T13:23:17.4718471Z Artifact name is valid!
2026-09-18T13:23:17.4720587Z Root directory input is valid!
2026-09-18T13:23:17.8491833Z Beginning upload of artifact content to blob storage
2026-09-18T13:23:18.1512532Z (node:5607) [DEP0169] DeprecationWarning: `url.parse()` behavior is not standardized and prone to errors that have security implications. Use the WHATWG URL API instead. CVEs are not issued for `url.parse()` vulnerabilities.
2026-09-18T13:23:19.1213714Z Uploaded bytes 8388608
2026-09-18T13:23:19.3213490Z Uploaded bytes 16777216
2026-09-18T13:23:19.5254471Z Uploaded bytes 25165824
2026-09-18T13:23:19.6505173Z Uploaded bytes 33554432
2026-09-18T13:23:19.7765558Z Uploaded bytes 41943040
2026-09-18T13:23:19.9042790Z Uploaded bytes 50331648
2026-09-18T13:23:20.0318720Z Uploaded bytes 58720256
2026-09-18T13:23:20.3176922Z Uploaded bytes 67108864
2026-09-18T13:23:20.5673931Z Uploaded bytes 75497472
2026-09-18T13:23:20.6656894Z Uploaded bytes 76564379
2026-09-18T13:23:20.7467183Z Finished uploading artifact content to blob storage!
2026-09-18T13:23:20.7471223Z SHA256 digest of uploaded artifact zip is 7432ef2d7099aab2264dc4d31eb25e7d2ebec54f5c58506cc9c3a2039dc391c3
2026-09-18T13:23:20.7473921Z Finalizing artifact upload
2026-09-18T13:23:21.0093185Z Artifact jsp-000140-evidence.zip successfully finalized. Artifact ID 10549376826
2026-09-18T13:23:21.0094520Z Artifact jsp-000140-evidence has been successfully uploaded! Final size is 76564379 bytes. Artifact ID is 10549376826
2026-09-18T13:23:21.0102801Z Artifact download URL: https://github.com/ketianzhang1-lang/jsp-000301-lean/actions/runs/35347120839/artifacts/10549376826
2026-09-18T13:23:21.0357674Z Node 20 is being deprecated. This workflow is running with Node 24 by default. If you need to temporarily use Node 20, you can set the ACTIONS_ALLOW_USE_UNSECURE_NODE_VERSION=true environment variable. For more information see: https://github.blog/changelog/2025-09-19-deprecation-of-node-20-on-github-actions-runners/
2026-09-18T13:23:21.0358968Z Post job cleanup.
2026-09-18T13:23:21.1229978Z [command]/usr/bin/git version
2026-09-18T13:23:21.1272479Z git version 2.55.0
2026-09-18T13:23:21.1316931Z Temporarily overriding HOME='/home/runner/work/_temp/e8e23120-169e-433c-b29d-7061f389c539' before making global git config changes
2026-09-18T13:23:21.1318625Z Adding repository directory to the temporary git global config as a safe directory
2026-09-18T13:23:21.1324591Z [command]/usr/bin/git config --global --add safe.directory /home/runner/work/jsp-000301-lean/jsp-000301-lean
2026-09-18T13:23:21.1361944Z [command]/usr/bin/git config --local --name-only --get-regexp core\.sshCommand
2026-09-18T13:23:21.1399575Z [command]/usr/bin/git submodule foreach --recursive sh -c "git config --local --name-only --get-regexp 'core\.sshCommand' && git config --local --unset-all 'core.sshCommand' || :"
2026-09-18T13:23:21.1661288Z [command]/usr/bin/git config --local --name-only --get-regexp http\.https\:\/\/github\.com\/\.extraheader
2026-09-18T13:23:21.1698932Z [command]/usr/bin/git submodule foreach --recursive sh -c "git config --local --name-only --get-regexp 'http\.https\:\/\/github\.com\/\.extraheader' && git config --local --unset-all 'http.https://github.com/.extraheader' || :"
2026-09-18T13:23:21.1946205Z [command]/usr/bin/git config --local --name-only --get-regexp ^includeIf\.gitdir:
2026-09-18T13:23:21.2015024Z [command]/usr/bin/git submodule foreach --recursive git config --local --show-origin --name-only --get-regexp remote.origin.url
2026-09-18T13:23:21.2415987Z Cleaning up orphan processes
2026-09-18T13:23:21.2682678Z ##[warning]Node.js 20 is deprecated. The following actions target Node.js 20 but are being forced to run on Node.js 24: actions/checkout@11d5960a326750d5838078e36cf38b85af677262, actions/upload-artifact@ea165f8d65b6e75b540449e92b4886f43607fa02. For more information see: https://github.blog/changelog/2025-09-19-deprecation-of-node-20-on-github-actions-runners/
