replaying ErdosProblems.Erdos477.SixthPowerTiling
replaying ErdosProblems.Erdos477.Counting.PowerSums
replaying ErdosProblems.Erdos477.Counting.LocalDeterminant
replaying ErdosProblems.Erdos477.Counting.CurveEvaluation
replaying ErdosProblems.Erdos477.Counting.PowerCharacters
replaying ErdosProblems.Erdos477.Counting.PlaneInterpolation
replaying ErdosProblems.Erdos477.Counting.LocalGraph
replaying ErdosProblems.Erdos477.Counting.CurveUniformLog
replaying ErdosProblems.Erdos477.Counting.CurveResidueImage
replaying ErdosProblems.Erdos477.Counting.PrimeDivisors
replaying ErdosProblems.Erdos477.Counting.QuadraticTraceBound
replaying ErdosProblems.Erdos477.Counting.ResidueCodes
replaying ErdosProblems.Erdos477.Counting.GlobalDeterminant
replaying ErdosProblems.Erdos477.Counting.PrimeSums
replaying ErdosProblems.Erdos477.Counting.DiagonalResidues
replaying ErdosProblems.Erdos477.Counting.GlobalCongruence
replaying ErdosProblems.Erdos477.Counting.DiagonalExpansion
replaying ErdosProblems.Erdos477.Counting.LocalRoots
replaying ErdosProblems.Erdos477.Counting.SexticPolynomials
replaying ErdosProblems.Erdos477.Counting.CurveDegreeChoice
replaying ErdosProblems.Erdos477.Counting.CertificatePointBound
replaying ErdosProblems.Erdos477.Counting.SurfaceFourier
replaying ErdosProblems.Erdos477.Counting.CurveRootCongruence
replaying ErdosProblems.Erdos477.Counting.RootCongruence
replaying ErdosProblems.Erdos477.Counting.PadicDeterminant
replaying ErdosProblems.Erdos477.Counting.LocalExponent
replaying ErdosProblems.Erdos477.Counting.ResidueExponent
replaying ErdosProblems.Erdos477.Counting.SwappedCertificateBound
replaying ErdosProblems.Erdos477.Counting.CurveAuxiliary
replaying ErdosProblems.Erdos477.Counting.SexticMonomials
replaying ErdosProblems.Erdos477.Counting.LowCylinderBound
replaying ErdosProblems.Erdos477.Counting.PolynomialHeight
replaying ErdosProblems.Erdos477.Counting.OptimizedCongruence
replaying ErdosProblems.Erdos477.Counting.VanishingDeterminant
replaying ErdosProblems.Erdos477.Counting.ResidueDeterminant
replaying ErdosProblems.Erdos477.Counting.CurveResidueBound
replaying ErdosProblems.Erdos477.Counting.DegreeHeight
replaying ErdosProblems.Erdos477.Counting.PrimeWeights
replaying ErdosProblems.Erdos477.Counting.SquareCylinderBound
replaying ErdosProblems.Erdos477.Counting.CurveCoordinates
replaying ErdosProblems.Erdos477.Counting.Determinant
replaying ErdosProblems.Erdos477.Counting.PrimeErrorSeries
replaying ErdosProblems.Erdos477.Counting.ResidueMonomials
replaying ErdosProblems.Erdos477.Counting.FirstThirdCurveBound
replaying ErdosProblems.Erdos477.Counting.CongruenceDegree
replaying ErdosProblems.Erdos477.Counting.AuxiliaryCover
replaying ErdosProblems.Erdos477.Counting.LinearSquareCylinderBound
replaying ErdosProblems.Erdos477.Counting.IntegerBox
replaying ErdosProblems.Erdos477.Counting.VerticalFibers
replaying ErdosProblems.Erdos477.Counting.FiniteFieldSurface
replaying ErdosProblems.Erdos477.Counting.BadShiftHeight
replaying ErdosProblems.Erdos477.Counting.CurveUniformPower
replaying ErdosProblems.Erdos477.Counting.OptimizedDeterminant
replaying ErdosProblems.Erdos477.Counting.UniformEquation
replaying ErdosProblems.Erdos477.Counting.SurfaceCount
replaying ErdosProblems.Erdos477.Counting.BinomialApproximation
replaying ErdosProblems.Erdos477.Counting.SelectedSurfaceBound
replaying ErdosProblems.Erdos477.Counting.CurveLocalDeterminant
replaying ErdosProblems.Erdos477.Counting.PrimeSelection
replaying ErdosProblems.Erdos477.Counting.EvaluationPrime
replaying ErdosProblems.Erdos477.Counting.ResidueImage
replaying ErdosProblems.Erdos477.Counting.CurveHeightBound
replaying ErdosProblems.Erdos477.Counting.HeightDeterminant
replaying ErdosProblems.Erdos477.Counting.CurvePrimePowerBound
replaying ErdosProblems.Erdos477.Counting.ZeroTraceCylinderBound
replaying ErdosProblems.Erdos477.Counting.WeightedPrimeSums
replaying ErdosProblems.Erdos477.Counting.CurveMonomials
replaying ErdosProblems.Erdos477.Counting.SmallZeroTraceFactorBound
replaying ErdosProblems.Erdos477.Counting.DeterminantKernel
replaying ErdosProblems.Erdos477.Counting.CongruenceAuxiliary
replaying ErdosProblems.Erdos477.Counting.NewtonApproximation
replaying ErdosProblems.Erdos477.Counting.LocalDiagonal
replaying ErdosProblems.Erdos477.Counting.Monomials
replaying ErdosProblems.Erdos477.Counting.SurfacePolynomial
replaying ErdosProblems.Erdos477.Counting.AuxiliaryPolynomial
replaying ErdosProblems.Erdos477.Counting.BoundedDegreeCurves
replaying ErdosProblems.Erdos477.Counting.PlaneCurveBound
replaying ErdosProblems.Erdos477.Counting.UnivariateDeterminant
replaying ErdosProblems.Erdos477.Counting.CharacterSums
replaying ErdosProblems.Erdos477.Counting.DegreeChoice
replaying ErdosProblems.Erdos477.Counting.BadShiftCount
replaying ErdosProblems.Erdos477.Counting.UniformLogHeight
replaying ErdosProblems.Erdos477.Counting.RationalCylinderBound
replaying ErdosProblems.Erdos477.Counting.BoundedKernel
replaying ErdosProblems.Erdos477.Decidable
replaying ErdosProblems.Erdos477.PowerValues
replaying ErdosProblems.Erdos477.IntegerDiagonal
replaying ErdosProblems.Erdos477.Geometry.QuadraticPoints
replaying ErdosProblems.Erdos477.Geometry.QuadraticSixthZero
replaying ErdosProblems.Erdos477.Geometry.LinearSubstitution
replaying ErdosProblems.Erdos477.Geometry.ResultantNonzero
replaying ErdosProblems.Erdos477.Geometry.FieldExtension
replaying ErdosProblems.Erdos477.Geometry.QuadraticNormalization
replaying ErdosProblems.Erdos477.Geometry.PlaneQuadraticNormalization
replaying ErdosProblems.Erdos477.Geometry.WronskianThree
replaying ErdosProblems.Erdos477.Geometry.SixthRelations
replaying ErdosProblems.Erdos477.Geometry.ResultantDegree
replaying ErdosProblems.Erdos477.Geometry.PlaneQuadraticLinear
replaying ErdosProblems.Erdos477.Geometry.PositiveProjection
replaying ErdosProblems.Erdos477.Geometry.QuadraticProjectionEquation
replaying ErdosProblems.Erdos477.Geometry.TransitionBound
replaying ErdosProblems.Erdos477.Geometry.SexticCylinderCover
replaying ErdosProblems.Erdos477.Geometry.QuadraticSixthDivisor
replaying ErdosProblems.Erdos477.Geometry.PlaneQuadratic
replaying ErdosProblems.Erdos477.Geometry.ConicCharts
replaying ErdosProblems.Erdos477.Geometry.FermatPlane
replaying ErdosProblems.Erdos477.Geometry.PlaneProjection
replaying ErdosProblems.Erdos477.Geometry.SmallRationalLifts
replaying ErdosProblems.Erdos477.Geometry.MultivariateResultant
replaying ErdosProblems.Erdos477.Geometry.LowCylinderCover
replaying ErdosProblems.Erdos477.Geometry.QuadraticCancellation
replaying ErdosProblems.Erdos477.Geometry.RefinementTree
replaying ErdosProblems.Erdos477.Geometry.RationalLiftCertificate
replaying ErdosProblems.Erdos477.Geometry.LeadingSlope
replaying ErdosProblems.Erdos477.Geometry.SmallPlaneParametrization
replaying ErdosProblems.Erdos477.Geometry.SeparatingProjection
replaying ErdosProblems.Erdos477.Geometry.CenteredConic
replaying ErdosProblems.Erdos477.Geometry.SurfaceElimination
replaying ErdosProblems.Erdos477.Geometry.RationalEvaluation
replaying ErdosProblems.Erdos477.Geometry.PlaneBezout
replaying ErdosProblems.Erdos477.Geometry.BivariateEquiv
replaying ErdosProblems.Erdos477.Geometry.WronskianDependence
replaying ErdosProblems.Erdos477.Geometry.Shear
replaying ErdosProblems.Erdos477.Geometry.SecondPolynomial
replaying ErdosProblems.Erdos477.Geometry.CurveSingularPoints
replaying ErdosProblems.Erdos477.Geometry.CurveCriticalPoints
replaying ErdosProblems.Erdos477.Geometry.LineAtPoint
replaying ErdosProblems.Erdos477.Geometry.SurfaceIrreducible
replaying ErdosProblems.Erdos477.Geometry.RationalGraphEquation
replaying ErdosProblems.Erdos477.Geometry.QuadraticSixthReduction
replaying ErdosProblems.Erdos477.Geometry.BoundedShear
replaying ErdosProblems.Erdos477.Geometry.IntegerPlaneBezout
replaying ErdosProblems.Erdos477.Geometry.IntegerLiftCertificate
replaying ErdosProblems.Erdos477.Geometry.QuadraticWronskian
replaying ErdosProblems.Erdos477.Geometry.RationalSexticLift
replaying ErdosProblems.Erdos477.Geometry.SquareCylinderEquation
replaying ErdosProblems.Erdos477.Geometry.ConicAtPoint
replaying ErdosProblems.Erdos477.Geometry.SexticPlaneClasses
replaying ErdosProblems.Erdos477.Geometry.QuarticProjection
replaying ErdosProblems.Erdos477.Geometry.PlaneFactors
replaying ErdosProblems.Erdos477.Geometry.ConicIrreducible
replaying ErdosProblems.Erdos477.Geometry.QuadraticSixthDegree
replaying ErdosProblems.Erdos477.Geometry.ProperSexticProjection
replaying ErdosProblems.Erdos477.Geometry.PlaneTranslation
replaying ErdosProblems.Erdos477.Geometry.SquareProjectionEquation
replaying ErdosProblems.Erdos477.Geometry.SmallParametrizations
replaying ErdosProblems.Erdos477.Geometry.ConicParametrization
replaying ErdosProblems.Erdos477.Geometry.PolynomialBezout
replaying ErdosProblems.Erdos477.Geometry.WeightedQuadratics
replaying ErdosProblems.Erdos477.Geometry.RationalConic
replaying ErdosProblems.Erdos477.Geometry.ProjectivePlaneTranslation
replaying ErdosProblems.Erdos477.Tiling
replaying ErdosProblems.Erdos477.BadShifts
replaying ErdosProblems.Erdos477.Diagonal
replaying ErdosProblems.Erdos477
