2026-09-17T01:39:07.8894741Z Current runner version: '2.337.0'
2026-09-17T01:39:07.8929790Z ##[group]Runner Image Provisioner
2026-09-17T01:39:07.8931133Z Hosted Compute Agent
2026-09-17T01:39:07.8932406Z Version: 20260828.587
2026-09-17T01:39:07.8933519Z Commit: abac92662cab4cc7352de4f9f9d2e2419aad9c29
2026-09-17T01:39:07.8934979Z Build Date: 2026-08-28T16:44:25Z
2026-09-17T01:39:07.8936269Z Worker ID: {fa0c764b-2f8e-43bc-b294-8d9d1af7a981}
2026-09-17T01:39:07.8937807Z Azure Region: centralus
2026-09-17T01:39:07.8938888Z ##[endgroup]
2026-09-17T01:39:07.8942276Z ##[group]Operating System
2026-09-17T01:39:07.8943483Z Ubuntu
2026-09-17T01:39:07.8944438Z 24.04.5
2026-09-17T01:39:07.8945486Z LTS
2026-09-17T01:39:07.8946426Z ##[endgroup]
2026-09-17T01:39:07.8947555Z ##[group]Runner Image
2026-09-17T01:39:07.8948702Z Image: ubuntu-24.04
2026-09-17T01:39:07.8949805Z Version: 20260907.300.1
2026-09-17T01:39:07.8952338Z Included Software: https://github.com/actions/runner-images/blob/ubuntu24/20260907.300/images/ubuntu/Ubuntu2404-Readme.md
2026-09-17T01:39:07.8955819Z Image Release: https://github.com/actions/runner-images/releases/tag/ubuntu24%2F20260907.300
2026-09-17T01:39:07.8957742Z ##[endgroup]
2026-09-17T01:39:07.8959786Z ##[group]GITHUB_TOKEN Permissions
2026-09-17T01:39:07.8963204Z Contents: read
2026-09-17T01:39:07.8964325Z Metadata: read
2026-09-17T01:39:07.8965561Z ##[endgroup]
2026-09-17T01:39:07.8968616Z Secret source: Actions
2026-09-17T01:39:07.8970338Z Cache mode: write
2026-09-17T01:39:07.8972537Z Prepare workflow directory
2026-09-17T01:39:07.9457418Z Prepare all required actions
2026-09-17T01:39:07.9528418Z Getting action download info
2026-09-17T01:39:08.2146348Z Download action repository 'actions/checkout@11d5960a326750d5838078e36cf38b85af677262' (SHA:11d5960a326750d5838078e36cf38b85af677262)
2026-09-17T01:39:08.3127368Z Download action repository 'actions/upload-artifact@ea165f8d65b6e75b540449e92b4886f43607fa02' (SHA:ea165f8d65b6e75b540449e92b4886f43607fa02)
2026-09-17T01:39:08.5226905Z Complete job name: verify
2026-09-17T01:39:08.5996695Z Node 20 is being deprecated. This workflow is running with Node 24 by default. If you need to temporarily use Node 20, you can set the ACTIONS_ALLOW_USE_UNSECURE_NODE_VERSION=true environment variable. For more information see: https://github.blog/changelog/2025-09-19-deprecation-of-node-20-on-github-actions-runners/
2026-09-17T01:39:08.6005705Z ##[group]Run actions/checkout@11d5960a326750d5838078e36cf38b85af677262
2026-09-17T01:39:08.6006639Z with:
2026-09-17T01:39:08.6007082Z   persist-credentials: false
2026-09-17T01:39:08.6007659Z   repository: ketianzhang1-lang/jsp-000301-lean
2026-09-17T01:39:08.6011648Z   token: ***
2026-09-17T01:39:08.6012750Z   ssh-strict: true
2026-09-17T01:39:08.6013205Z   ssh-user: git
2026-09-17T01:39:08.6013634Z   clean: true
2026-09-17T01:39:08.6014082Z   sparse-checkout-cone-mode: true
2026-09-17T01:39:08.6014619Z   fetch-depth: 1
2026-09-17T01:39:08.6015095Z   fetch-tags: false
2026-09-17T01:39:08.6015595Z   show-progress: true
2026-09-17T01:39:08.6016097Z   lfs: false
2026-09-17T01:39:08.6016532Z   submodules: false
2026-09-17T01:39:08.6016989Z   set-safe-directory: true
2026-09-17T01:39:08.6017500Z   allow-unsafe-pr-checkout: false
2026-09-17T01:39:08.6018356Z ##[endgroup]
2026-09-17T01:39:08.7025430Z Syncing repository: ketianzhang1-lang/jsp-000301-lean
2026-09-17T01:39:08.7027888Z ##[group]Getting Git version info
2026-09-17T01:39:08.7028976Z Working directory is '/home/runner/work/jsp-000301-lean/jsp-000301-lean'
2026-09-17T01:39:08.7030250Z [command]/usr/bin/git version
2026-09-17T01:39:08.7091864Z git version 2.55.0
2026-09-17T01:39:08.7115470Z ##[endgroup]
2026-09-17T01:39:08.7132699Z Temporarily overriding HOME='/home/runner/work/_temp/94677b6f-fe54-4add-902b-e5542491fac1' before making global git config changes
2026-09-17T01:39:08.7135162Z Adding repository directory to the temporary git global config as a safe directory
2026-09-17T01:39:08.7138170Z [command]/usr/bin/git config --global --add safe.directory /home/runner/work/jsp-000301-lean/jsp-000301-lean
2026-09-17T01:39:08.7193605Z Deleting the contents of '/home/runner/work/jsp-000301-lean/jsp-000301-lean'
2026-09-17T01:39:08.7198533Z ##[group]Initializing the repository
2026-09-17T01:39:08.7203789Z [command]/usr/bin/git init /home/runner/work/jsp-000301-lean/jsp-000301-lean
2026-09-17T01:39:08.7309219Z hint: Using 'master' as the name for the initial branch. This default branch name
2026-09-17T01:39:08.7310379Z hint: will change to "main" in Git 3.0. To configure the initial branch name
2026-09-17T01:39:08.7311475Z hint: to use in all of your new repositories, which will suppress this warning,
2026-09-17T01:39:08.7313212Z hint: call:
2026-09-17T01:39:08.7313956Z hint:
2026-09-17T01:39:08.7314937Z hint: 	git config --global init.defaultBranch <name>
2026-09-17T01:39:08.7316094Z hint:
2026-09-17T01:39:08.7317225Z hint: Names commonly chosen instead of 'master' are 'main', 'trunk' and
2026-09-17T01:39:08.7319082Z hint: 'development'. The just-created branch can be renamed via this command:
2026-09-17T01:39:08.7320520Z hint:
2026-09-17T01:39:08.7321257Z hint: 	git branch -m <name>
2026-09-17T01:39:08.7322353Z hint:
2026-09-17T01:39:08.7323469Z hint: Disable this message with "git config set advice.defaultBranchName false"
2026-09-17T01:39:08.7325540Z Initialized empty Git repository in /home/runner/work/jsp-000301-lean/jsp-000301-lean/.git/
2026-09-17T01:39:08.7336862Z [command]/usr/bin/git remote add origin https://github.com/ketianzhang1-lang/jsp-000301-lean
2026-09-17T01:39:08.7378568Z ##[endgroup]
2026-09-17T01:39:08.7379764Z ##[group]Disabling automatic garbage collection
2026-09-17T01:39:08.7382432Z [command]/usr/bin/git config --local gc.auto 0
2026-09-17T01:39:08.7414287Z ##[endgroup]
2026-09-17T01:39:08.7415413Z ##[group]Setting up auth
2026-09-17T01:39:08.7421474Z [command]/usr/bin/git config --local --name-only --get-regexp core\.sshCommand
2026-09-17T01:39:08.7454586Z [command]/usr/bin/git submodule foreach --recursive sh -c "git config --local --name-only --get-regexp 'core\.sshCommand' && git config --local --unset-all 'core.sshCommand' || :"
2026-09-17T01:39:08.7809622Z [command]/usr/bin/git config --local --name-only --get-regexp http\.https\:\/\/github\.com\/\.extraheader
2026-09-17T01:39:08.7855123Z [command]/usr/bin/git submodule foreach --recursive sh -c "git config --local --name-only --get-regexp 'http\.https\:\/\/github\.com\/\.extraheader' && git config --local --unset-all 'http.https://github.com/.extraheader' || :"
2026-09-17T01:39:08.8092897Z [command]/usr/bin/git config --local --name-only --get-regexp ^includeIf\.gitdir:
2026-09-17T01:39:08.8130589Z [command]/usr/bin/git submodule foreach --recursive git config --local --show-origin --name-only --get-regexp remote.origin.url
2026-09-17T01:39:08.8355307Z [command]/usr/bin/git config --local http.https://github.com/.extraheader AUTHORIZATION: basic ***
2026-09-17T01:39:08.8395480Z ##[endgroup]
2026-09-17T01:39:08.8396322Z ##[group]Fetching the repository
2026-09-17T01:39:08.8405434Z [command]/usr/bin/git -c protocol.version=2 fetch --no-tags --prune --no-recurse-submodules --depth=1 origin +171bf6b5bbb17ef64aeb795ebaad5c17b5901c31:refs/remotes/origin/erdos-16-density
2026-09-17T01:39:09.1893033Z From https://github.com/ketianzhang1-lang/jsp-000301-lean
2026-09-17T01:39:09.1895031Z  * [new ref]         171bf6b5bbb17ef64aeb795ebaad5c17b5901c31 -> origin/erdos-16-density
2026-09-17T01:39:09.1898999Z ##[endgroup]
2026-09-17T01:39:09.1900385Z ##[group]Determining the checkout info
2026-09-17T01:39:09.1902770Z ##[endgroup]
2026-09-17T01:39:09.1909326Z [command]/usr/bin/git sparse-checkout disable
2026-09-17T01:39:09.1962672Z [command]/usr/bin/git config --local --unset-all extensions.worktreeConfig
2026-09-17T01:39:09.1996903Z ##[group]Checking out the ref
2026-09-17T01:39:09.2002753Z [command]/usr/bin/git checkout --progress --force -B erdos-16-density refs/remotes/origin/erdos-16-density
2026-09-17T01:39:09.2078154Z Switched to a new branch 'erdos-16-density'
2026-09-17T01:39:09.2083363Z branch 'erdos-16-density' set up to track 'origin/erdos-16-density'.
2026-09-17T01:39:09.2089806Z ##[endgroup]
2026-09-17T01:39:09.2131610Z [command]/usr/bin/git log -1 --format=%H
2026-09-17T01:39:09.2158218Z 171bf6b5bbb17ef64aeb795ebaad5c17b5901c31
2026-09-17T01:39:09.2167427Z ##[group]Removing auth
2026-09-17T01:39:09.2170924Z [command]/usr/bin/git config --local --name-only --get-regexp core\.sshCommand
2026-09-17T01:39:09.2203609Z [command]/usr/bin/git submodule foreach --recursive sh -c "git config --local --name-only --get-regexp 'core\.sshCommand' && git config --local --unset-all 'core.sshCommand' || :"
2026-09-17T01:39:09.2427343Z [command]/usr/bin/git config --local --name-only --get-regexp http\.https\:\/\/github\.com\/\.extraheader
2026-09-17T01:39:09.2455093Z http.https://github.com/.extraheader
2026-09-17T01:39:09.2463152Z [command]/usr/bin/git config --local --unset-all http.https://github.com/.extraheader
2026-09-17T01:39:09.2497501Z [command]/usr/bin/git submodule foreach --recursive sh -c "git config --local --name-only --get-regexp 'http\.https\:\/\/github\.com\/\.extraheader' && git config --local --unset-all 'http.https://github.com/.extraheader' || :"
2026-09-17T01:39:09.2717701Z [command]/usr/bin/git config --local --name-only --get-regexp ^includeIf\.gitdir:
2026-09-17T01:39:09.2750289Z [command]/usr/bin/git submodule foreach --recursive git config --local --show-origin --name-only --get-regexp remote.origin.url
2026-09-17T01:39:09.2968449Z ##[endgroup]
2026-09-17T01:39:09.3174861Z ##[group]Run set -euo pipefail
2026-09-17T01:39:09.3175514Z [36;1mset -euo pipefail[0m
2026-09-17T01:39:09.3176391Z [36;1mcurl -sSf https://elan.lean-lang.org/elan-init.sh | sh -s -- -y --default-toolchain none[0m
2026-09-17T01:39:09.3177339Z [36;1mecho "$HOME/.elan/bin" >> "$GITHUB_PATH"[0m
2026-09-17T01:39:09.3177993Z [36;1mexport PATH="$HOME/.elan/bin:$PATH"[0m
2026-09-17T01:39:09.3178669Z [36;1melan toolchain install "$(cat lean-toolchain)"[0m
2026-09-17T01:39:09.3179328Z [36;1mpython3 scripts/bootstrap.py[0m
2026-09-17T01:39:09.3179876Z [36;1mlake exe cache get[0m
2026-09-17T01:39:09.3180455Z [36;1mgit diff --exit-code -- lake-manifest.json[0m
2026-09-17T01:39:09.3221119Z shell: /usr/bin/bash --noprofile --norc -e -o pipefail {0}
2026-09-17T01:39:09.3222137Z ##[endgroup]
2026-09-17T01:39:09.4802963Z info: downloading installer
2026-09-17T01:39:10.8480689Z info: downloading https://releases.lean-lang.org/lean4/v4.34.0/lean-4.34.0-linux.tar.zst
2026-09-17T01:39:15.0050696Z info: installing /home/runner/.elan/toolchains/leanprover--lean4---v4.34.0
2026-09-17T01:39:21.7448800Z 
2026-09-17T01:39:21.7863566Z leanprover/lean4:v4.34.0 installed - Lean (version 4.34.0, x86_64-unknown-linux-gnu, commit 293d5d0c0c3f3dded4688b3ccd6a33939ac5102b, Release)
2026-09-17T01:39:21.7864404Z 
2026-09-17T01:39:22.1089695Z Pinned upstream source verified: 939a0a7178f416b3e3a6606ff56f637e1dc5f91f29e75a8e54f6456c44a4d475 14207 bytes
2026-09-17T01:39:22.5688249Z info: mathlib: cloning https://github.com/leanprover-community/mathlib4
2026-09-17T01:39:53.2242933Z info: mathlib: checking out revision '5ed2965256430c3649e86755f9576b54eca72435'
2026-09-17T01:39:54.2053556Z info: plausible: cloning https://github.com/leanprover-community/plausible
2026-09-17T01:39:55.0199717Z info: plausible: checking out revision '118aa17ee84656b8bd727fef7c458ee8c833385c'
2026-09-17T01:39:55.0513880Z info: LeanSearchClient: cloning https://github.com/leanprover-community/LeanSearchClient
2026-09-17T01:39:55.4228715Z info: LeanSearchClient: checking out revision 'ddf04cf3949fa556442341e87d47f9f6e6074707'
2026-09-17T01:39:55.4352275Z info: importGraph: cloning https://github.com/leanprover-community/import-graph
2026-09-17T01:39:55.9211539Z info: importGraph: checking out revision 'e928b72544873815af278d38681b31c0293588e3'
2026-09-17T01:39:55.9376979Z info: proofwidgets: cloning https://github.com/leanprover-community/ProofWidgets4
2026-09-17T01:39:56.7991082Z info: proofwidgets: checking out revision '106ff4fafc74ef4ac99d81dbf3ab399118f497a5'
2026-09-17T01:39:57.4813208Z info: aesop: cloning https://github.com/leanprover-community/aesop
2026-09-17T01:39:58.3669928Z info: aesop: checking out revision '355695d523e41d0554926416cba2a2b3544fbbc9'
2026-09-17T01:39:58.3871865Z info: Qq: cloning https://github.com/leanprover-community/quote4
2026-09-17T01:39:58.7917945Z info: Qq: checking out revision '6a489d9af5d0c47e5b259e2e8bcdfc1811b5a259'
2026-09-17T01:39:58.8059337Z info: batteries: cloning https://github.com/leanprover-community/batteries
2026-09-17T01:40:06.6170364Z info: batteries: checking out revision 'f2effa3d803fda822b1f97b806c47cf2adfbcbc2'
2026-09-17T01:40:06.6387275Z info: Cli: cloning https://github.com/leanprover/lean4-cli
2026-09-17T01:40:07.0600425Z info: Cli: checking out revision 'e92c9f15fdfacc8536f31cfb3b7ad26c3c8cd204'
2026-09-17T01:40:07.4726403Z ✔ [1/5] Built Cache.Cli (389ms)
2026-09-17T01:40:07.5727407Z ✔ [2/5] Built Cache.Lean (425ms)
2026-09-17T01:40:15.1870111Z ✔ [7/42] Built Cache.Cli:c.o (228ms)
2026-09-17T01:40:15.3871071Z ✔ [9/42] Built Cache.Lean:c.o (364ms)
2026-09-17T01:40:15.4883582Z ✔ [10/42] Built Cache.Env (534ms)
2026-09-17T01:40:15.7879388Z ✔ [11/42] Built Cache.Env:c.o (264ms)
2026-09-17T01:40:16.0885535Z ✔ [12/42] Built Cache.Infra (552ms)
2026-09-17T01:40:16.3889468Z ✔ [13/42] Built Cache.Infra:c.o (292ms)
2026-09-17T01:40:16.5892472Z ✔ [14/42] Built Cache.IO (1.7s)
2026-09-17T01:40:17.4900507Z ✔ [15/42] Built Cache.Hashing (847ms)
2026-09-17T01:40:17.8905974Z ✔ [16/42] Built Cache.Hashing:c.o (476ms)
2026-09-17T01:40:18.5958936Z ✔ [17/42] Built Cache.IO:c.o (1.9s)
2026-09-17T01:40:19.4973557Z ✔ [18/42] Built Cache.Requests (2.1s)
2026-09-17T01:40:20.0978028Z ✔ [19/42] Built Cache.Marker (586ms)
2026-09-17T01:40:20.2971071Z ✔ [20/42] Built Cache.Marker:c.o (179ms)
2026-09-17T01:40:21.0013857Z ✔ [21/42] Built Cache.Upload.Dest (873ms)
2026-09-17T01:40:21.2003187Z ✔ [22/42] Built Cache.Query (1.1s)
2026-09-17T01:40:21.2032962Z ✔ [23/42] Built Cache.Upload.Dest:c.o (243ms)
2026-09-17T01:40:21.8065437Z ✔ [24/42] Built Cache.Query:c.o (514ms)
2026-09-17T01:40:22.0204519Z ✔ [25/42] Built Cache.Upload.Rclone (1.0s)
2026-09-17T01:40:22.3208152Z ✔ [26/42] Built Cache.Upload.Curl (1.1s)
2026-09-17T01:40:22.3262994Z ✔ [27/42] Built Cache.Upload.Rclone:c.o (291ms)
2026-09-17T01:40:22.7233161Z ✔ [28/42] Built Cache.Upload.Curl:c.o (326ms)
2026-09-17T01:40:22.9213240Z ✔ [29/42] Built Cache.Warning (1.1s)
2026-09-17T01:40:23.3225882Z ✔ [30/42] Built Cache.Warning:c.o (414ms)
2026-09-17T01:40:23.4228264Z ✔ [31/42] Built Cache.Upload.Azure (1.0s)
2026-09-17T01:40:23.6235961Z ✔ [32/42] Built Cache.Upload.Azure:c.o (230ms)
2026-09-17T01:40:23.7237503Z ✔ [33/42] Built Cache.Upload.S3 (1.0s)
2026-09-17T01:40:23.7238713Z ✔ [34/42] Built Cache.Requests:c.o (4.1s)
2026-09-17T01:40:24.0241437Z ✔ [35/42] Built Cache.Upload.S3:c.o (351ms)
2026-09-17T01:40:24.3245920Z ✔ [36/42] Built Cache.Upload.Defs (605ms)
2026-09-17T01:40:24.5254885Z ✔ [37/42] Built Cache.Upload.Defs:c.o (173ms)
2026-09-17T01:40:24.8264357Z ✔ [38/42] Built Cache.Upload (540ms)
2026-09-17T01:40:25.0260916Z ✔ [39/42] Built Cache.Upload:c.o (135ms)
2026-09-17T01:40:26.0271858Z ✔ [40/42] Built Cache.Main (1.1s)
2026-09-17T01:40:27.0284827Z ✔ [41/42] Built Cache.Main:c.o (1.0s)
2026-09-17T01:40:27.7306677Z ✔ [42/42] Built cache:exe (741ms)
2026-09-17T01:40:30.6920373Z Current branch: HEAD
2026-09-17T01:40:30.6921094Z Using cache from origin: (some leanprover-community/mathlib4)
2026-09-17T01:40:30.6922460Z Attempting to download 8908 file(s) from leanprover-community/mathlib4 cache at https://cache.mathlib.org/mathlib4-master
2026-09-17T01:40:31.1200179Z 
2026-09-17T01:40:31.2279805Z Downloaded: 1 file(s) [attempted 1/8908 = 0%, 157 KB/s], Decompressed: 0
2026-09-17T01:40:31.3361402Z Downloaded: 12 file(s) [attempted 12/8908 = 0%, 62 KB/s], Decompressed: 10
2026-09-17T01:40:31.4370017Z Downloaded: 36 file(s) [attempted 36/8908 = 0%, 341 KB/s], Decompressed: 24
2026-09-17T01:40:31.5411050Z Downloaded: 111 file(s) [attempted 111/8908 = 1%, 1530 KB/s], Decompressed: 48
2026-09-17T01:40:31.6419991Z Downloaded: 219 file(s) [attempted 219/8908 = 2%, 1337 KB/s], Decompressed: 48
2026-09-17T01:40:31.7447187Z Downloaded: 337 file(s) [attempted 337/8908 = 3%, 84 KB/s], Decompressed: 92
2026-09-17T01:40:31.8453778Z Downloaded: 443 file(s) [attempted 443/8908 = 4%, 334 KB/s], Decompressed: 92
2026-09-17T01:40:31.9807092Z Downloaded: 551 file(s) [attempted 551/8908 = 6%, 1040 KB/s], Decompressed: 92
2026-09-17T01:40:32.0815264Z Downloaded: 662 file(s) [attempted 662/8908 = 7%, 269 KB/s], Decompressed: 92
2026-09-17T01:40:32.1824731Z Downloaded: 753 file(s) [attempted 753/8908 = 8%, 414 KB/s], Decompressed: 92
2026-09-17T01:40:32.2850400Z Downloaded: 836 file(s) [attempted 836/8908 = 9%, 93 KB/s], Decompressed: 92
2026-09-17T01:40:32.3863384Z Downloaded: 924 file(s) [attempted 924/8908 = 10%, 3255 KB/s], Decompressed: 274
2026-09-17T01:40:32.4880422Z Downloaded: 1017 file(s) [attempted 1017/8908 = 11%, 376 KB/s], Decompressed: 274
2026-09-17T01:40:32.5886646Z Downloaded: 1116 file(s) [attempted 1116/8908 = 12%, 258 KB/s], Decompressed: 274
2026-09-17T01:40:32.6903602Z Downloaded: 1226 file(s) [attempted 1226/8908 = 13%, 1933 KB/s], Decompressed: 274
2026-09-17T01:40:32.7933319Z Downloaded: 1339 file(s) [attempted 1339/8908 = 15%, 2016 KB/s], Decompressed: 274
2026-09-17T01:40:32.9042217Z Downloaded: 1457 file(s) [attempted 1457/8908 = 16%, 1217 KB/s], Decompressed: 274
2026-09-17T01:40:33.0115623Z Downloaded: 1565 file(s) [attempted 1565/8908 = 17%, 1152 KB/s], Decompressed: 274
2026-09-17T01:40:33.1383475Z Downloaded: 1625 file(s) [attempted 1625/8908 = 18%, 107 KB/s], Decompressed: 274
2026-09-17T01:40:33.2416289Z Downloaded: 1728 file(s) [attempted 1728/8908 = 19%, 149 KB/s], Decompressed: 274
2026-09-17T01:40:33.3420477Z Downloaded: 1840 file(s) [attempted 1841/8908 = 20%, 239 KB/s], Decompressed: 274
2026-09-17T01:40:33.4503165Z Downloaded: 1896 file(s) [attempted 1897/8908 = 21%, 620 KB/s], Decompressed: 274
2026-09-17T01:40:33.5533258Z Downloaded: 1963 file(s) [attempted 1964/8908 = 22%, 485 KB/s], Decompressed: 274
2026-09-17T01:40:33.6567574Z Downloaded: 2066 file(s) [attempted 2067/8908 = 23%, 236 KB/s], Decompressed: 274
2026-09-17T01:40:33.7603414Z Downloaded: 2174 file(s) [attempted 2175/8908 = 24%, 8578 KB/s], Decompressed: 274
2026-09-17T01:40:33.8633117Z Downloaded: 2237 file(s) [attempted 2238/8908 = 25%, 4009 KB/s], Decompressed: 274
2026-09-17T01:40:33.9619744Z Downloaded: 2345 file(s) [attempted 2346/8908 = 26%, 376 KB/s], Decompressed: 274
2026-09-17T01:40:34.0633465Z Downloaded: 2458 file(s) [attempted 2459/8908 = 27%, 825 KB/s], Decompressed: 274
2026-09-17T01:40:34.1704863Z Downloaded: 2479 file(s) [attempted 2480/8908 = 27%, 401 KB/s], Decompressed: 274
2026-09-17T01:40:34.2706052Z Downloaded: 2566 file(s) [attempted 2567/8908 = 28%, 323 KB/s], Decompressed: 274
2026-09-17T01:40:34.3704535Z Downloaded: 2667 file(s) [attempted 2668/8908 = 29%, 809 KB/s], Decompressed: 274
2026-09-17T01:40:34.4762618Z Downloaded: 2777 file(s) [attempted 2778/8908 = 31%, 2184 KB/s], Decompressed: 274
2026-09-17T01:40:34.6092868Z Downloaded: 2842 file(s) [attempted 2843/8908 = 31%, 355 KB/s], Decompressed: 871
2026-09-17T01:40:34.7084665Z Downloaded: 2940 file(s) [attempted 2941/8908 = 33%, 1501 KB/s], Decompressed: 871
2026-09-17T01:40:34.8210200Z Downloaded: 3049 file(s) [attempted 3050/8908 = 34%, 446 KB/s], Decompressed: 871
2026-09-17T01:40:34.9258011Z Downloaded: 3106 file(s) [attempted 3107/8908 = 34%, 247 KB/s], Decompressed: 871
2026-09-17T01:40:35.0413589Z Downloaded: 3207 file(s) [attempted 3208/8908 = 36%, 6126 KB/s], Decompressed: 871
2026-09-17T01:40:35.1888998Z Downloaded: 3274 file(s) [attempted 3275/8908 = 36%, 426 KB/s], Decompressed: 871
2026-09-17T01:40:35.3495718Z Downloaded: 3373 file(s) [attempted 3374/8908 = 37%, 56 KB/s], Decompressed: 871
2026-09-17T01:40:35.4516508Z Downloaded: 3474 file(s) [attempted 3475/8908 = 39%, 342 KB/s], Decompressed: 871
2026-09-17T01:40:35.5593272Z Downloaded: 3553 file(s) [attempted 3554/8908 = 39%, 2151 KB/s], Decompressed: 871
2026-09-17T01:40:35.6583946Z Downloaded: 3639 file(s) [attempted 3640/8908 = 40%, 801 KB/s], Decompressed: 871
2026-09-17T01:40:35.7684668Z Downloaded: 3739 file(s) [attempted 3740/8908 = 41%, 643 KB/s], Decompressed: 871
2026-09-17T01:40:35.8704629Z Downloaded: 3805 file(s) [attempted 3806/8908 = 42%, 863 KB/s], Decompressed: 871
2026-09-17T01:40:35.9753197Z Downloaded: 3904 file(s) [attempted 3905/8908 = 43%, 484 KB/s], Decompressed: 871
2026-09-17T01:40:36.1443022Z Downloaded: 3973 file(s) [attempted 3974/8908 = 44%, 198 KB/s], Decompressed: 871
2026-09-17T01:40:36.2473830Z Downloaded: 4072 file(s) [attempted 4073/8908 = 45%, 958 KB/s], Decompressed: 871
2026-09-17T01:40:36.3495273Z Downloaded: 4153 file(s) [attempted 4154/8908 = 46%, 618 KB/s], Decompressed: 871
2026-09-17T01:40:36.4527326Z Downloaded: 4221 file(s) [attempted 4222/8908 = 47%, 71 KB/s], Decompressed: 871
2026-09-17T01:40:36.5520563Z Downloaded: 4295 file(s) [attempted 4296/8908 = 48%, 2390 KB/s], Decompressed: 871
2026-09-17T01:40:36.6596754Z Downloaded: 4372 file(s) [attempted 4373/8908 = 49%, 174 KB/s], Decompressed: 871
2026-09-17T01:40:36.7613080Z Downloaded: 4456 file(s) [attempted 4457/8908 = 50%, 1583 KB/s], Decompressed: 871
2026-09-17T01:40:36.8676885Z Downloaded: 4539 file(s) [attempted 4540/8908 = 50%, 799 KB/s], Decompressed: 871
2026-09-17T01:40:36.9668536Z Downloaded: 4629 file(s) [attempted 4630/8908 = 51%, 1792 KB/s], Decompressed: 871
2026-09-17T01:40:37.0678466Z Downloaded: 4732 file(s) [attempted 4733/8908 = 53%, 419 KB/s], Decompressed: 871
2026-09-17T01:40:37.2528821Z Downloaded: 4804 file(s) [attempted 4805/8908 = 53%, 233 KB/s], Decompressed: 871
2026-09-17T01:40:37.3696773Z Downloaded: 4898 file(s) [attempted 4899/8908 = 54%, 565 KB/s], Decompressed: 871
2026-09-17T01:40:37.4983378Z Downloaded: 4982 file(s) [attempted 4983/8908 = 55%, 387 KB/s], Decompressed: 871
2026-09-17T01:40:37.6686801Z Downloaded: 5037 file(s) [attempted 5038/8908 = 56%, 142 KB/s], Decompressed: 871
2026-09-17T01:40:37.7883163Z Downloaded: 5138 file(s) [attempted 5139/8908 = 57%, 453 KB/s], Decompressed: 871
2026-09-17T01:40:37.9200797Z Downloaded: 5239 file(s) [attempted 5240/8908 = 58%, 584 KB/s], Decompressed: 871
2026-09-17T01:40:38.0221598Z Downloaded: 5340 file(s) [attempted 5341/8908 = 59%, 637 KB/s], Decompressed: 871
2026-09-17T01:40:38.1273426Z Downloaded: 5408 file(s) [attempted 5409/8908 = 60%, 1633 KB/s], Decompressed: 871
2026-09-17T01:40:38.2796643Z Downloaded: 5491 file(s) [attempted 5492/8908 = 61%, 359 KB/s], Decompressed: 871
2026-09-17T01:40:38.4108119Z Downloaded: 5548 file(s) [attempted 5550/8908 = 62%, 312 KB/s], Decompressed: 871
2026-09-17T01:40:38.5644652Z Downloaded: 5599 file(s) [attempted 5601/8908 = 62%, 372 KB/s], Decompressed: 871
2026-09-17T01:40:38.6913010Z Downloaded: 5649 file(s) [attempted 5651/8908 = 63%, 292 KB/s], Decompressed: 871
2026-09-17T01:40:38.7913188Z Downloaded: 5747 file(s) [attempted 5749/8908 = 64%, 485 KB/s], Decompressed: 871
2026-09-17T01:40:38.8898290Z Downloaded: 5848 file(s) [attempted 5850/8908 = 65%, 654 KB/s], Decompressed: 871
2026-09-17T01:40:39.0013613Z Downloaded: 5918 file(s) [attempted 5920/8908 = 66%, 1262 KB/s], Decompressed: 871
2026-09-17T01:40:39.1223233Z Downloaded: 6007 file(s) [attempted 6009/8908 = 67%, 629 KB/s], Decompressed: 871
2026-09-17T01:40:39.2323320Z Downloaded: 6057 file(s) [attempted 6059/8908 = 68%, 94 KB/s], Decompressed: 871
2026-09-17T01:40:39.3391198Z Downloaded: 6158 file(s) [attempted 6160/8908 = 69%, 265 KB/s], Decompressed: 871
2026-09-17T01:40:39.4387209Z Downloaded: 6262 file(s) [attempted 6264/8908 = 70%, 3042 KB/s], Decompressed: 871
2026-09-17T01:40:39.5465870Z Downloaded: 6326 file(s) [attempted 6328/8908 = 71%, 1613 KB/s], Decompressed: 871
2026-09-17T01:40:39.6464415Z Downloaded: 6418 file(s) [attempted 6420/8908 = 72%, 5179 KB/s], Decompressed: 871
2026-09-17T01:40:39.7475301Z Downloaded: 6502 file(s) [attempted 6504/8908 = 73%, 94 KB/s], Decompressed: 871
2026-09-17T01:40:39.8531227Z Downloaded: 6574 file(s) [attempted 6576/8908 = 73%, 2110 KB/s], Decompressed: 871
2026-09-17T01:40:39.9563713Z Downloaded: 6675 file(s) [attempted 6677/8908 = 74%, 77 KB/s], Decompressed: 871
2026-09-17T01:40:40.0653064Z Downloaded: 6735 file(s) [attempted 6737/8908 = 75%, 1214 KB/s], Decompressed: 871
2026-09-17T01:40:40.1719898Z Downloaded: 6840 file(s) [attempted 6842/8908 = 76%, 960 KB/s], Decompressed: 871
2026-09-17T01:40:40.2862544Z Downloaded: 6944 file(s) [attempted 6946/8908 = 77%, 286 KB/s], Decompressed: 871
2026-09-17T01:40:40.3856943Z Downloaded: 7049 file(s) [attempted 7051/8908 = 79%, 2707 KB/s], Decompressed: 871
2026-09-17T01:40:40.5056890Z Downloaded: 7157 file(s) [attempted 7159/8908 = 80%, 951 KB/s], Decompressed: 871
2026-09-17T01:40:40.6051256Z Downloaded: 7239 file(s) [attempted 7241/8908 = 81%, 200 KB/s], Decompressed: 871
2026-09-17T01:40:40.7048760Z Downloaded: 7350 file(s) [attempted 7352/8908 = 82%, 1770 KB/s], Decompressed: 871
2026-09-17T01:40:40.8062755Z Downloaded: 7460 file(s) [attempted 7462/8908 = 83%, 2385 KB/s], Decompressed: 871
2026-09-17T01:40:40.9048671Z Downloaded: 7561 file(s) [attempted 7563/8908 = 84%, 129 KB/s], Decompressed: 871
2026-09-17T01:40:41.0063608Z Downloaded: 7662 file(s) [attempted 7664/8908 = 86%, 646 KB/s], Decompressed: 871
2026-09-17T01:40:41.1056166Z Downloaded: 7762 file(s) [attempted 7764/8908 = 87%, 1253 KB/s], Decompressed: 871
2026-09-17T01:40:41.2073120Z Downloaded: 7816 file(s) [attempted 7818/8908 = 87%, 1016 KB/s], Decompressed: 871
2026-09-17T01:40:41.3083669Z Downloaded: 7921 file(s) [attempted 7923/8908 = 88%, 370 KB/s], Decompressed: 871
2026-09-17T01:40:41.4123506Z Downloaded: 7979 file(s) [attempted 7981/8908 = 89%, 400 KB/s], Decompressed: 871
2026-09-17T01:40:41.5411598Z Downloaded: 8077 file(s) [attempted 8079/8908 = 90%, 328 KB/s], Decompressed: 871
2026-09-17T01:40:41.6426297Z Downloaded: 8181 file(s) [attempted 8183/8908 = 91%, 1675 KB/s], Decompressed: 871
2026-09-17T01:40:41.7453378Z Downloaded: 8282 file(s) [attempted 8284/8908 = 92%, 1461 KB/s], Decompressed: 871
2026-09-17T01:40:41.8434586Z Downloaded: 8382 file(s) [attempted 8384/8908 = 94%, 1765 KB/s], Decompressed: 871
2026-09-17T01:40:41.9526685Z Downloaded: 8484 file(s) [attempted 8486/8908 = 95%, 2228 KB/s], Decompressed: 871
2026-09-17T01:40:42.0609693Z Downloaded: 8572 file(s) [attempted 8574/8908 = 96%, 1306 KB/s], Decompressed: 871
2026-09-17T01:40:42.2109837Z Downloaded: 8692 file(s) [attempted 8694/8908 = 97%, 1259 KB/s], Decompressed: 2813
2026-09-17T01:40:42.3139399Z Downloaded: 8772 file(s) [attempted 8774/8908 = 98%, 186 KB/s], Decompressed: 2813
2026-09-17T01:40:42.3438457Z Downloaded: 8872 file(s) [attempted 8874/8908 = 99%, 112 KB/s], Decompressed: 2813
2026-09-17T01:40:42.3441535Z Downloaded: 8906 file(s) [attempted 8908/8908 = 100%, 112 KB/s], Decompressed: 2813
2026-09-17T01:40:42.3493397Z Attempting to download 2 file(s) from leanprover-community/mathlib4 cache at https://cache.mathlib.org/mathlib4
2026-09-17T01:40:42.8538570Z 
2026-09-17T01:40:42.8612000Z Downloaded: 0 file(s) [attempted 1/2 = 50%, 0 KB/s], Decompressed: 2813
2026-09-17T01:40:42.8622363Z Downloaded: 0 file(s) [attempted 2/2 = 100%, 0 KB/s], Decompressed: 2813
2026-09-17T01:40:42.8652783Z Warning: some files were not found in the cache.
2026-09-17T01:40:42.8682593Z This usually means that your local checkout of mathlib4 has diverged from upstream.
2026-09-17T01:40:42.8688420Z 
2026-09-17T01:40:42.8712323Z   * If you push your commits to a PR to the mathlib4 repository
2026-09-17T01:40:42.8742267Z     (use a draft PR if it is not ready for review),
2026-09-17T01:40:42.8743263Z     then CI will build the oleans and they will be available later.
2026-09-17T01:40:42.8772224Z   * If you have already opened a PR, this may mean
2026-09-17T01:40:42.8800052Z     the CI build has failed part-way through building.
2026-09-17T01:41:01.6444735Z Decompressed 8906 file(s)
2026-09-17T01:41:01.6445573Z Already decompressed 8906 file(s)
2026-09-17T01:41:01.7123886Z ##[group]Run bash scripts/verify.sh
2026-09-17T01:41:01.7124237Z [36;1mbash scripts/verify.sh[0m
2026-09-17T01:41:01.7177595Z shell: /usr/bin/bash --noprofile --norc -e -o pipefail {0}
2026-09-17T01:41:01.7178153Z ##[endgroup]
2026-09-17T01:41:01.7547631Z Pinned upstream source verified: 939a0a7178f416b3e3a6606ff56f637e1dc5f91f29e75a8e54f6456c44a4d475 14207 bytes
2026-09-17T01:41:09.2613637Z ✔ [8365/8418] Built Mathlib.Probability.Kernel.Invariance (1.4s)
2026-09-17T01:41:13.3652486Z ✔ [8923/8927] Built Mathlib (3.3s)
2026-09-17T01:41:18.5735266Z ℹ [8924/8927] Built Erdos16 (5.3s)
2026-09-17T01:41:18.5736214Z info: Erdos16.lean:369:0: 'Erdos16.not_erdos_16' depends on axioms: [propext, Classical.choice, Quot.sound]
2026-09-17T01:41:23.7793227Z ✔ [8925/8927] Built Erdos16Density (5.1s)
2026-09-17T01:41:27.7842623Z ✔ [8926/8927] Built Alignment (3.9s)
2026-09-17T01:41:27.7922819Z Build completed successfully (8927 jobs).
2026-09-17T01:42:05.4815379Z 'Erdos16.not_erdos_16' depends on axioms: [propext, Classical.choice, Quot.sound]
2026-09-17T01:42:05.4822801Z 'Erdos16Density.progression_count_lower' depends on axioms: [propext, Classical.choice, Quot.sound]
2026-09-17T01:42:05.4823602Z 'Erdos16Density.no_progression_of_density_zero' depends on axioms: [propext, Classical.choice, Quot.sound]
2026-09-17T01:42:05.4824351Z 'Erdos16Density.no_progression_insert' depends on axioms: [propext, Classical.choice, Quot.sound]
2026-09-17T01:42:05.4825039Z 'Erdos16Density.upstream_set_eq_insert' depends on axioms: [propext, Classical.choice, Quot.sound]
2026-09-17T01:42:05.4825769Z 'Erdos16Density.no_decomposition_positive_exponent' depends on axioms: [propext, Classical.choice, Quot.sound]
2026-09-17T01:42:05.4826476Z 'Erdos16Density.no_decomposition' depends on axioms: [propext, Classical.choice, Quot.sound]
2026-09-17T01:42:05.4827100Z 'Erdos16Reference.erdos_16' depends on axioms: [propext, Classical.choice, Quot.sound]
2026-09-17T01:42:05.7696882Z Eight axiom audits and all dependency pins passed.
2026-09-17T01:42:05.7697761Z Supplement SHA256: 4fdaa0626e6f86ca6101a1099ca16b1bf1706c19572291654695050a91e5cac3
2026-09-17T01:42:10.7265783Z ##[group]Run set -euo pipefail
2026-09-17T01:42:10.7266153Z [36;1mset -euo pipefail[0m
2026-09-17T01:42:10.7266585Z [36;1mbash scripts/verify_nanoda.sh 2>&1 | tee evidence/nanoda-build.log[0m
2026-09-17T01:42:10.7337278Z shell: /usr/bin/bash --noprofile --norc -e -o pipefail {0}
2026-09-17T01:42:10.7337673Z ##[endgroup]
2026-09-17T01:42:11.1593699Z https://github.com/leanprover/lean4export.git 6cea97789dc088ea47fcea15692db85685aedac5
2026-09-17T01:42:11.6173908Z https://github.com/ammkrn/nanoda_lib.git 4c544ed4099c8227f07d5de77ad1e69fb0740a27
2026-09-17T01:42:13.8677181Z ✔ [2/6] Built Export (2.1s)
2026-09-17T01:42:16.3707350Z ✔ [3/6] Built Export:c.o (2.6s)
2026-09-17T01:42:17.2718753Z ✔ [4/6] Built Main (875ms)
2026-09-17T01:42:17.4720547Z ✔ [5/6] Built Main:c.o (212ms)
2026-09-17T01:42:18.5739132Z ✔ [6/6] Built lean4export:exe (1.0s)
2026-09-17T01:42:18.5743376Z Build completed successfully (6 jobs).
2026-09-17T01:42:20.5360547Z     Updating crates.io index
2026-09-17T01:42:20.8803470Z  Downloading crates ...
2026-09-17T01:42:20.9922649Z   Downloaded autocfg v1.1.0
2026-09-17T01:42:21.0304281Z   Downloaded cfg-if v1.0.0
2026-09-17T01:42:21.0318525Z   Downloaded equivalent v1.0.1
2026-09-17T01:42:21.0327225Z   Downloaded getrandom v0.2.11
2026-09-17T01:42:21.0365330Z   Downloaded itoa v1.0.15
2026-09-17T01:42:21.0448103Z   Downloaded rand_chacha v0.3.1
2026-09-17T01:42:21.0462606Z   Downloaded rustc-hash v1.1.0
2026-09-17T01:42:21.0474317Z   Downloaded num-integer v0.1.46
2026-09-17T01:42:21.0490782Z   Downloaded ppv-lite86 v0.2.17
2026-09-17T01:42:21.0505677Z   Downloaded quote v1.0.35
2026-09-17T01:42:21.0571955Z   Downloaded semver v1.0.27
2026-09-17T01:42:21.0599161Z   Downloaded rand_core v0.6.4
2026-09-17T01:42:21.0685648Z   Downloaded serde_core v1.0.228
2026-09-17T01:42:21.0720238Z   Downloaded serde_derive v1.0.228
2026-09-17T01:42:21.0754754Z   Downloaded num-traits v0.2.17
2026-09-17T01:42:21.0780952Z   Downloaded unicode-ident v1.0.12
2026-09-17T01:42:21.0814429Z   Downloaded proc-macro2 v1.0.103
2026-09-17T01:42:21.0844495Z   Downloaded ryu v1.0.20
2026-09-17T01:42:21.0878787Z   Downloaded hashbrown v0.16.1
2026-09-17T01:42:21.0933734Z   Downloaded rand v0.8.5
2026-09-17T01:42:21.0968329Z   Downloaded serde v1.0.228
2026-09-17T01:42:21.1003329Z   Downloaded memchr v2.7.6
2026-09-17T01:42:21.1057763Z   Downloaded indexmap v2.13.0
2026-09-17T01:42:21.1101346Z   Downloaded num-bigint v0.4.4
2026-09-17T01:42:21.1148930Z   Downloaded serde_json v1.0.145
2026-09-17T01:42:21.1222891Z   Downloaded syn v2.0.111
2026-09-17T01:42:21.1333645Z   Downloaded libc v0.2.180
2026-09-17T01:42:21.2572302Z    Compiling proc-macro2 v1.0.103
2026-09-17T01:42:21.2573327Z    Compiling autocfg v1.1.0
2026-09-17T01:42:21.2574074Z    Compiling unicode-ident v1.0.12
2026-09-17T01:42:21.2574895Z    Compiling serde_core v1.0.228
2026-09-17T01:42:23.7119399Z    Compiling serde v1.0.228
2026-09-17T01:42:23.7748692Z    Compiling num-traits v0.2.17
2026-09-17T01:42:25.5262999Z    Compiling num-bigint v0.4.4
2026-09-17T01:42:25.6878057Z    Compiling serde_json v1.0.145
2026-09-17T01:42:25.8895834Z    Compiling hashbrown v0.16.1
2026-09-17T01:42:26.6385009Z    Compiling quote v1.0.35
2026-09-17T01:42:26.8207782Z    Compiling syn v2.0.111
2026-09-17T01:42:26.9446637Z    Compiling num-integer v0.1.46
2026-09-17T01:42:26.9448561Z    Compiling equivalent v1.0.1
2026-09-17T01:42:26.9754201Z    Compiling ryu v1.0.20
2026-09-17T01:42:27.2280235Z    Compiling itoa v1.0.15
2026-09-17T01:42:27.3168828Z    Compiling memchr v2.7.6
2026-09-17T01:42:27.5042549Z    Compiling indexmap v2.13.0
2026-09-17T01:42:28.2495088Z    Compiling semver v1.0.27
2026-09-17T01:42:28.5505779Z    Compiling rustc-hash v1.1.0
2026-09-17T01:42:28.7952227Z    Compiling serde_derive v1.0.228
2026-09-17T01:42:31.6077794Z    Compiling nanoda_lib v0.4.17 (/tmp/tmp.t4ZVKDTMJm/checker)
2026-09-17T01:42:45.0793875Z     Finished `release` profile [optimized] target(s) in 25.83s
2026-09-17T01:42:55.2293560Z Checked 12098 declarations with no errors
2026-09-17T01:42:56.4493342Z ##[group]Run mkdir -p evidence
2026-09-17T01:42:56.4493698Z [36;1mmkdir -p evidence[0m
2026-09-17T01:42:56.4494011Z [36;1mgit rev-parse HEAD > evidence/SOURCE_COMMIT[0m
2026-09-17T01:42:56.4494649Z [36;1msha256sum Erdos16Density.lean Alignment.lean Erdos16.lean Audit.lean lake-manifest.json > evidence/SOURCE_SHA256SUMS[0m
2026-09-17T01:42:56.4495255Z [36;1mcp lake-manifest.json evidence/[0m
2026-09-17T01:42:56.4534453Z shell: /usr/bin/bash --noprofile --norc -e -o pipefail {0}
2026-09-17T01:42:56.4534827Z ##[endgroup]
2026-09-17T01:42:56.4722963Z Node 20 is being deprecated. This workflow is running with Node 24 by default. If you need to temporarily use Node 20, you can set the ACTIONS_ALLOW_USE_UNSECURE_NODE_VERSION=true environment variable. For more information see: https://github.blog/changelog/2025-09-19-deprecation-of-node-20-on-github-actions-runners/
2026-09-17T01:42:56.4725346Z ##[group]Run actions/upload-artifact@ea165f8d65b6e75b540449e92b4886f43607fa02
2026-09-17T01:42:56.4725760Z with:
2026-09-17T01:42:56.4725981Z   name: erdos-16-density-evidence
2026-09-17T01:42:56.4726291Z   path: projects/erdos-16-density/evidence
2026-09-17T01:42:56.4726595Z   if-no-files-found: error
2026-09-17T01:42:56.4726840Z   compression-level: 6
2026-09-17T01:42:56.4727063Z   overwrite: false
2026-09-17T01:42:56.4727287Z   include-hidden-files: false
2026-09-17T01:42:56.4727534Z ##[endgroup]
2026-09-17T01:42:56.7477085Z (node:4119) [DEP0040] DeprecationWarning: The `punycode` module is deprecated. Please use a userland alternative instead.
2026-09-17T01:42:56.7477960Z (Use `node --trace-deprecation ...` to show where the warning was created)
2026-09-17T01:42:56.7611511Z With the provided path, there will be 16 files uploaded
2026-09-17T01:42:56.7612743Z Artifact name is valid!
2026-09-17T01:42:56.7613162Z Root directory input is valid!
2026-09-17T01:42:57.0417512Z Beginning upload of artifact content to blob storage
2026-09-17T01:42:57.3296041Z (node:4119) [DEP0169] DeprecationWarning: `url.parse()` behavior is not standardized and prone to errors that have security implications. Use the WHATWG URL API instead. CVEs are not issued for `url.parse()` vulnerabilities.
2026-09-17T01:42:57.9848140Z Uploaded bytes 7741190
2026-09-17T01:42:58.0383044Z Finished uploading artifact content to blob storage!
2026-09-17T01:42:58.0384892Z SHA256 digest of uploaded artifact zip is 90c200c6662f1e859dc2ab7144c5a0ee63ed21c4f1be02a824b357154b4eaf3a
2026-09-17T01:42:58.0387299Z Finalizing artifact upload
2026-09-17T01:42:58.2450866Z Artifact erdos-16-density-evidence.zip successfully finalized. Artifact ID 10477031441
2026-09-17T01:42:58.2453083Z Artifact erdos-16-density-evidence has been successfully uploaded! Final size is 7741190 bytes. Artifact ID is 10477031441
2026-09-17T01:42:58.2460004Z Artifact download URL: https://github.com/ketianzhang1-lang/jsp-000301-lean/actions/runs/35171372534/artifacts/10477031441
2026-09-17T01:42:58.2697889Z Node 20 is being deprecated. This workflow is running with Node 24 by default. If you need to temporarily use Node 20, you can set the ACTIONS_ALLOW_USE_UNSECURE_NODE_VERSION=true environment variable. For more information see: https://github.blog/changelog/2025-09-19-deprecation-of-node-20-on-github-actions-runners/
2026-09-17T01:42:58.2699235Z Post job cleanup.
2026-09-17T01:42:58.3641693Z [command]/usr/bin/git version
2026-09-17T01:42:58.3688757Z git version 2.55.0
2026-09-17T01:42:58.3729141Z Temporarily overriding HOME='/home/runner/work/_temp/4f1b0f44-7992-4dad-8e78-8dd2488f2d41' before making global git config changes
2026-09-17T01:42:58.3730511Z Adding repository directory to the temporary git global config as a safe directory
2026-09-17T01:42:58.3735317Z [command]/usr/bin/git config --global --add safe.directory /home/runner/work/jsp-000301-lean/jsp-000301-lean
2026-09-17T01:42:58.3776782Z [command]/usr/bin/git config --local --name-only --get-regexp core\.sshCommand
2026-09-17T01:42:58.3812849Z [command]/usr/bin/git submodule foreach --recursive sh -c "git config --local --name-only --get-regexp 'core\.sshCommand' && git config --local --unset-all 'core.sshCommand' || :"
2026-09-17T01:42:58.4095027Z [command]/usr/bin/git config --local --name-only --get-regexp http\.https\:\/\/github\.com\/\.extraheader
2026-09-17T01:42:58.4133722Z [command]/usr/bin/git submodule foreach --recursive sh -c "git config --local --name-only --get-regexp 'http\.https\:\/\/github\.com\/\.extraheader' && git config --local --unset-all 'http.https://github.com/.extraheader' || :"
2026-09-17T01:42:58.4406267Z [command]/usr/bin/git config --local --name-only --get-regexp ^includeIf\.gitdir:
2026-09-17T01:42:58.4450691Z [command]/usr/bin/git submodule foreach --recursive git config --local --show-origin --name-only --get-regexp remote.origin.url
2026-09-17T01:42:58.4894464Z Cleaning up orphan processes
2026-09-17T01:42:58.5246586Z ##[warning]Node.js 20 is deprecated. The following actions target Node.js 20 but are being forced to run on Node.js 24: actions/checkout@11d5960a326750d5838078e36cf38b85af677262, actions/upload-artifact@ea165f8d65b6e75b540449e92b4886f43607fa02. For more information see: https://github.blog/changelog/2025-09-19-deprecation-of-node-20-on-github-actions-runners/

