2026-09-17T00:56:18.4928506Z Current runner version: '2.337.0'
2026-09-17T00:56:18.4953862Z ##[group]Runner Image Provisioner
2026-09-17T00:56:18.4954823Z Hosted Compute Agent
2026-09-17T00:56:18.4955461Z Version: 20260828.587
2026-09-17T00:56:18.4956155Z Commit: abac92662cab4cc7352de4f9f9d2e2419aad9c29
2026-09-17T00:56:18.4957039Z Build Date: 2026-08-28T16:44:25Z
2026-09-17T00:56:18.4957743Z Worker ID: {f75abab1-8e52-4300-b594-cf749526d150}
2026-09-17T00:56:18.4958507Z Azure Region: westus2
2026-09-17T00:56:18.4959440Z ##[endgroup]
2026-09-17T00:56:18.4961219Z ##[group]Operating System
2026-09-17T00:56:18.4962059Z Ubuntu
2026-09-17T00:56:18.4962611Z 24.04.5
2026-09-17T00:56:18.4963124Z LTS
2026-09-17T00:56:18.4963706Z ##[endgroup]
2026-09-17T00:56:18.4964303Z ##[group]Runner Image
2026-09-17T00:56:18.4964985Z Image: ubuntu-24.04
2026-09-17T00:56:18.4965569Z Version: 20260907.300.1
2026-09-17T00:56:18.4966866Z Included Software: https://github.com/actions/runner-images/blob/ubuntu24/20260907.300/images/ubuntu/Ubuntu2404-Readme.md
2026-09-17T00:56:18.4968485Z Image Release: https://github.com/actions/runner-images/releases/tag/ubuntu24%2F20260907.300
2026-09-17T00:56:18.4970493Z ##[endgroup]
2026-09-17T00:56:18.4971655Z ##[group]GITHUB_TOKEN Permissions
2026-09-17T00:56:18.4973899Z Contents: read
2026-09-17T00:56:18.4974535Z Metadata: read
2026-09-17T00:56:18.4975128Z ##[endgroup]
2026-09-17T00:56:18.4977295Z Secret source: Actions
2026-09-17T00:56:18.4978264Z Cache mode: write
2026-09-17T00:56:18.4979587Z Prepare workflow directory
2026-09-17T00:56:18.5436663Z Prepare all required actions
2026-09-17T00:56:18.5494449Z Getting action download info
2026-09-17T00:56:18.8881682Z Download action repository 'actions/checkout@11d5960a326750d5838078e36cf38b85af677262' (SHA:11d5960a326750d5838078e36cf38b85af677262)
2026-09-17T00:56:19.0116740Z Download action repository 'actions/upload-artifact@ea165f8d65b6e75b540449e92b4886f43607fa02' (SHA:ea165f8d65b6e75b540449e92b4886f43607fa02)
2026-09-17T00:56:19.2184006Z Complete job name: verify
2026-09-17T00:56:19.2958118Z Node 20 is being deprecated. This workflow is running with Node 24 by default. If you need to temporarily use Node 20, you can set the ACTIONS_ALLOW_USE_UNSECURE_NODE_VERSION=true environment variable. For more information see: https://github.blog/changelog/2025-09-19-deprecation-of-node-20-on-github-actions-runners/
2026-09-17T00:56:19.2967150Z ##[group]Run actions/checkout@11d5960a326750d5838078e36cf38b85af677262
2026-09-17T00:56:19.2968136Z with:
2026-09-17T00:56:19.2968588Z   persist-credentials: false
2026-09-17T00:56:19.2969449Z   repository: ketianzhang1-lang/jsp-000301-lean
2026-09-17T00:56:19.2973201Z   token: ***
2026-09-17T00:56:19.2973653Z   ssh-strict: true
2026-09-17T00:56:19.2974096Z   ssh-user: git
2026-09-17T00:56:19.2974532Z   clean: true
2026-09-17T00:56:19.2974989Z   sparse-checkout-cone-mode: true
2026-09-17T00:56:19.2975530Z   fetch-depth: 1
2026-09-17T00:56:19.2975986Z   fetch-tags: false
2026-09-17T00:56:19.2976435Z   show-progress: true
2026-09-17T00:56:19.2976928Z   lfs: false
2026-09-17T00:56:19.2977373Z   submodules: false
2026-09-17T00:56:19.2977831Z   set-safe-directory: true
2026-09-17T00:56:19.2978386Z   allow-unsafe-pr-checkout: false
2026-09-17T00:56:19.2979394Z ##[endgroup]
2026-09-17T00:56:19.4031158Z Syncing repository: ketianzhang1-lang/jsp-000301-lean
2026-09-17T00:56:19.4033816Z ##[group]Getting Git version info
2026-09-17T00:56:19.4035096Z Working directory is '/home/runner/work/jsp-000301-lean/jsp-000301-lean'
2026-09-17T00:56:19.4036879Z [command]/usr/bin/git version
2026-09-17T00:56:19.4099880Z git version 2.55.0
2026-09-17T00:56:19.4131283Z ##[endgroup]
2026-09-17T00:56:19.4139462Z Temporarily overriding HOME='/home/runner/work/_temp/d3b71085-0a59-4d57-9e7d-3fec31c9f0bb' before making global git config changes
2026-09-17T00:56:19.4142221Z Adding repository directory to the temporary git global config as a safe directory
2026-09-17T00:56:19.4144602Z [command]/usr/bin/git config --global --add safe.directory /home/runner/work/jsp-000301-lean/jsp-000301-lean
2026-09-17T00:56:19.4230876Z Deleting the contents of '/home/runner/work/jsp-000301-lean/jsp-000301-lean'
2026-09-17T00:56:19.4233711Z ##[group]Initializing the repository
2026-09-17T00:56:19.4250389Z [command]/usr/bin/git init /home/runner/work/jsp-000301-lean/jsp-000301-lean
2026-09-17T00:56:19.4342721Z hint: Using 'master' as the name for the initial branch. This default branch name
2026-09-17T00:56:19.4344374Z hint: will change to "main" in Git 3.0. To configure the initial branch name
2026-09-17T00:56:19.4345981Z hint: to use in all of your new repositories, which will suppress this warning,
2026-09-17T00:56:19.4347309Z hint: call:
2026-09-17T00:56:19.4348089Z hint:
2026-09-17T00:56:19.4348956Z hint: 	git config --global init.defaultBranch <name>
2026-09-17T00:56:19.4350635Z hint:
2026-09-17T00:56:19.4351627Z hint: Names commonly chosen instead of 'master' are 'main', 'trunk' and
2026-09-17T00:56:19.4353273Z hint: 'development'. The just-created branch can be renamed via this command:
2026-09-17T00:56:19.4354614Z hint:
2026-09-17T00:56:19.4355326Z hint: 	git branch -m <name>
2026-09-17T00:56:19.4356122Z hint:
2026-09-17T00:56:19.4357175Z hint: Disable this message with "git config set advice.defaultBranchName false"
2026-09-17T00:56:19.4359003Z Initialized empty Git repository in /home/runner/work/jsp-000301-lean/jsp-000301-lean/.git/
2026-09-17T00:56:19.4363112Z [command]/usr/bin/git remote add origin https://github.com/ketianzhang1-lang/jsp-000301-lean
2026-09-17T00:56:19.4447363Z ##[endgroup]
2026-09-17T00:56:19.4448695Z ##[group]Disabling automatic garbage collection
2026-09-17T00:56:19.4451691Z [command]/usr/bin/git config --local gc.auto 0
2026-09-17T00:56:19.4485269Z ##[endgroup]
2026-09-17T00:56:19.4486476Z ##[group]Setting up auth
2026-09-17T00:56:19.4493583Z [command]/usr/bin/git config --local --name-only --get-regexp core\.sshCommand
2026-09-17T00:56:19.4530544Z [command]/usr/bin/git submodule foreach --recursive sh -c "git config --local --name-only --get-regexp 'core\.sshCommand' && git config --local --unset-all 'core.sshCommand' || :"
2026-09-17T00:56:19.4938377Z [command]/usr/bin/git config --local --name-only --get-regexp http\.https\:\/\/github\.com\/\.extraheader
2026-09-17T00:56:19.4980718Z [command]/usr/bin/git submodule foreach --recursive sh -c "git config --local --name-only --get-regexp 'http\.https\:\/\/github\.com\/\.extraheader' && git config --local --unset-all 'http.https://github.com/.extraheader' || :"
2026-09-17T00:56:19.5207821Z [command]/usr/bin/git config --local --name-only --get-regexp ^includeIf\.gitdir:
2026-09-17T00:56:19.5245263Z [command]/usr/bin/git submodule foreach --recursive git config --local --show-origin --name-only --get-regexp remote.origin.url
2026-09-17T00:56:19.5482114Z [command]/usr/bin/git config --local http.https://github.com/.extraheader AUTHORIZATION: basic ***
2026-09-17T00:56:19.5524862Z ##[endgroup]
2026-09-17T00:56:19.5526512Z ##[group]Fetching the repository
2026-09-17T00:56:19.5537329Z [command]/usr/bin/git -c protocol.version=2 fetch --no-tags --prune --no-recurse-submodules --depth=1 origin +688bef3f9616373391bd50739a34e71c072bbaad:refs/remotes/origin/jsp-000399-triple-27
2026-09-17T00:56:19.8725484Z From https://github.com/ketianzhang1-lang/jsp-000301-lean
2026-09-17T00:56:19.8726979Z  * [new ref]         688bef3f9616373391bd50739a34e71c072bbaad -> origin/jsp-000399-triple-27
2026-09-17T00:56:19.8730456Z ##[endgroup]
2026-09-17T00:56:19.8731518Z ##[group]Determining the checkout info
2026-09-17T00:56:19.8733280Z ##[endgroup]
2026-09-17T00:56:19.8738950Z [command]/usr/bin/git sparse-checkout disable
2026-09-17T00:56:19.8792486Z [command]/usr/bin/git config --local --unset-all extensions.worktreeConfig
2026-09-17T00:56:19.8824379Z ##[group]Checking out the ref
2026-09-17T00:56:19.8836917Z [command]/usr/bin/git checkout --progress --force -B jsp-000399-triple-27 refs/remotes/origin/jsp-000399-triple-27
2026-09-17T00:56:19.8914082Z Switched to a new branch 'jsp-000399-triple-27'
2026-09-17T00:56:19.8919950Z branch 'jsp-000399-triple-27' set up to track 'origin/jsp-000399-triple-27'.
2026-09-17T00:56:19.8926484Z ##[endgroup]
2026-09-17T00:56:19.8972224Z [command]/usr/bin/git log -1 --format=%H
2026-09-17T00:56:19.8999957Z 688bef3f9616373391bd50739a34e71c072bbaad
2026-09-17T00:56:19.9009708Z ##[group]Removing auth
2026-09-17T00:56:19.9013273Z [command]/usr/bin/git config --local --name-only --get-regexp core\.sshCommand
2026-09-17T00:56:19.9045653Z [command]/usr/bin/git submodule foreach --recursive sh -c "git config --local --name-only --get-regexp 'core\.sshCommand' && git config --local --unset-all 'core.sshCommand' || :"
2026-09-17T00:56:19.9271665Z [command]/usr/bin/git config --local --name-only --get-regexp http\.https\:\/\/github\.com\/\.extraheader
2026-09-17T00:56:19.9299986Z http.https://github.com/.extraheader
2026-09-17T00:56:19.9309441Z [command]/usr/bin/git config --local --unset-all http.https://github.com/.extraheader
2026-09-17T00:56:19.9347090Z [command]/usr/bin/git submodule foreach --recursive sh -c "git config --local --name-only --get-regexp 'http\.https\:\/\/github\.com\/\.extraheader' && git config --local --unset-all 'http.https://github.com/.extraheader' || :"
2026-09-17T00:56:19.9569813Z [command]/usr/bin/git config --local --name-only --get-regexp ^includeIf\.gitdir:
2026-09-17T00:56:19.9602733Z [command]/usr/bin/git submodule foreach --recursive git config --local --show-origin --name-only --get-regexp remote.origin.url
2026-09-17T00:56:19.9825446Z ##[endgroup]
2026-09-17T00:56:20.0035416Z ##[group]Run set -euo pipefail
2026-09-17T00:56:20.0036072Z [36;1mset -euo pipefail[0m
2026-09-17T00:56:20.0036968Z [36;1mcurl -sSf https://elan.lean-lang.org/elan-init.sh | sh -s -- -y --default-toolchain none[0m
2026-09-17T00:56:20.0037923Z [36;1mecho "$HOME/.elan/bin" >> "$GITHUB_PATH"[0m
2026-09-17T00:56:20.0038574Z [36;1mexport PATH="$HOME/.elan/bin:$PATH"[0m
2026-09-17T00:56:20.0039597Z [36;1melan toolchain install "$(cat lean-toolchain)"[0m
2026-09-17T00:56:20.0041087Z [36;1mlake exe cache get Mathlib.Data.Finset.Powerset Mathlib.Data.Multiset.Count Mathlib.Data.Int.Interval Mathlib.Algebra.BigOperators.Ring.Finset Mathlib.Basic.Complex.Basic[0m
2026-09-17T00:56:20.0042572Z [36;1mgit diff --exit-code -- lake-manifest.json[0m
2026-09-17T00:56:20.0083843Z shell: /usr/bin/bash --noprofile --norc -e -o pipefail {0}
2026-09-17T00:56:20.0084552Z ##[endgroup]
2026-09-17T00:56:20.2866336Z info: downloading installer
2026-09-17T00:56:21.6910455Z info: downloading https://releases.lean-lang.org/lean4/v4.34.0/lean-4.34.0-linux.tar.zst
2026-09-17T00:56:25.0450909Z info: installing /home/runner/.elan/toolchains/leanprover--lean4---v4.34.0
2026-09-17T00:56:31.8343656Z 
2026-09-17T00:56:31.8733983Z leanprover/lean4:v4.34.0 installed - Lean (version 4.34.0, x86_64-unknown-linux-gnu, commit 293d5d0c0c3f3dded4688b3ccd6a33939ac5102b, Release)
2026-09-17T00:56:31.8735688Z 
2026-09-17T00:56:32.4099039Z info: mathlib: cloning https://github.com/leanprover-community/mathlib4
2026-09-17T00:57:03.0259470Z info: mathlib: checking out revision '5ed2965256430c3649e86755f9576b54eca72435'
2026-09-17T00:57:03.9405658Z info: plausible: cloning https://github.com/leanprover-community/plausible
2026-09-17T00:57:04.3851018Z info: plausible: checking out revision '118aa17ee84656b8bd727fef7c458ee8c833385c'
2026-09-17T00:57:04.3968488Z info: LeanSearchClient: cloning https://github.com/leanprover-community/LeanSearchClient
2026-09-17T00:57:05.2144582Z info: LeanSearchClient: checking out revision 'ddf04cf3949fa556442341e87d47f9f6e6074707'
2026-09-17T00:57:05.2288351Z info: importGraph: cloning https://github.com/leanprover-community/import-graph
2026-09-17T00:57:05.7519979Z info: importGraph: checking out revision 'e928b72544873815af278d38681b31c0293588e3'
2026-09-17T00:57:05.7671948Z info: proofwidgets: cloning https://github.com/leanprover-community/ProofWidgets4
2026-09-17T00:57:06.4765567Z info: proofwidgets: checking out revision '106ff4fafc74ef4ac99d81dbf3ab399118f497a5'
2026-09-17T00:57:07.1374679Z info: aesop: cloning https://github.com/leanprover-community/aesop
2026-09-17T00:57:07.8603289Z info: aesop: checking out revision '355695d523e41d0554926416cba2a2b3544fbbc9'
2026-09-17T00:57:07.8783224Z info: Qq: cloning https://github.com/leanprover-community/quote4
2026-09-17T00:57:08.2869593Z info: Qq: checking out revision '6a489d9af5d0c47e5b259e2e8bcdfc1811b5a259'
2026-09-17T00:57:08.3006940Z info: batteries: cloning https://github.com/leanprover-community/batteries
2026-09-17T00:57:15.5017016Z info: batteries: checking out revision 'f2effa3d803fda822b1f97b806c47cf2adfbcbc2'
2026-09-17T00:57:15.5229464Z info: Cli: cloning https://github.com/leanprover/lean4-cli
2026-09-17T00:57:16.2834647Z info: Cli: checking out revision 'e92c9f15fdfacc8536f31cfb3b7ad26c3c8cd204'
2026-09-17T00:57:16.7006798Z ✔ [1/5] Built Cache.Cli (354ms)
2026-09-17T00:57:16.8008101Z ✔ [2/5] Built Cache.Lean (432ms)
2026-09-17T00:57:21.7104142Z ✔ [7/42] Built Cache.Cli:c.o (237ms)
2026-09-17T00:57:21.7104950Z ✔ [8/42] Built Cache.Lean:c.o (256ms)
2026-09-17T00:57:21.9105272Z ✔ [10/42] Built Cache.Env (445ms)
2026-09-17T00:57:22.1130244Z ✔ [11/42] Built Cache.Env:c.o (185ms)
2026-09-17T00:57:22.4111995Z ✔ [12/42] Built Cache.Infra (510ms)
2026-09-17T00:57:22.7120730Z ✔ [13/42] Built Cache.Infra:c.o (285ms)
2026-09-17T00:57:23.1126843Z ✔ [14/42] Built Cache.IO (1.7s)
2026-09-17T00:57:23.9141927Z ✔ [15/42] Built Cache.Hashing (798ms)
2026-09-17T00:57:24.6163589Z ✔ [16/42] Built Cache.Hashing:c.o (659ms)
2026-09-17T00:57:25.0176522Z ✔ [17/42] Built Cache.IO:c.o (1.8s)
2026-09-17T00:57:26.0203556Z ✔ [18/42] Built Cache.Requests (2.1s)
2026-09-17T00:57:26.6245269Z ✔ [19/42] Built Cache.Marker (591ms)
2026-09-17T00:57:26.8219913Z ✔ [20/42] Built Cache.Marker:c.o (178ms)
2026-09-17T00:57:27.4247161Z ✔ [21/42] Built Cache.Upload.Dest (802ms)
2026-09-17T00:57:27.7263280Z ✔ [22/42] Built Cache.Upload.Dest:c.o (230ms)
2026-09-17T00:57:27.8270637Z ✔ [23/42] Built Cache.Query (1.2s)
2026-09-17T00:57:28.4330808Z ✔ [24/42] Built Cache.Query:c.o (545ms)
2026-09-17T00:57:28.5298217Z ✔ [25/42] Built Cache.Upload.Rclone (1.1s)
2026-09-17T00:57:28.7312260Z ✔ [26/42] Built Cache.Upload.Curl (1.0s)
2026-09-17T00:57:28.8338060Z ✔ [27/42] Built Cache.Upload.Rclone:c.o (333ms)
2026-09-17T00:57:29.0340702Z ✔ [28/42] Built Cache.Upload.Curl:c.o (306ms)
2026-09-17T00:57:29.5360670Z ✔ [29/42] Built Cache.Warning (1.1s)
2026-09-17T00:57:29.8359446Z ✔ [30/42] Built Cache.Upload.Azure (992ms)
2026-09-17T00:57:30.0361540Z ✔ [31/42] Built Cache.Warning:c.o (497ms)
2026-09-17T00:57:30.1390627Z ✔ [32/42] Built Cache.Upload.S3 (1.2s)
2026-09-17T00:57:30.1438716Z ✔ [33/42] Built Cache.Upload.Azure:c.o (247ms)
2026-09-17T00:57:30.2380548Z ✔ [34/42] Built Cache.Requests:c.o (4.1s)
2026-09-17T00:57:30.5383501Z ✔ [35/42] Built Cache.Upload.S3:c.o (364ms)
2026-09-17T00:57:30.8387570Z ✔ [36/42] Built Cache.Upload.Defs (614ms)
2026-09-17T00:57:30.9388984Z ✔ [37/42] Built Cache.Upload.Defs:c.o (172ms)
2026-09-17T00:57:31.3410827Z ✔ [38/42] Built Cache.Upload (548ms)
2026-09-17T00:57:31.4403487Z ✔ [39/42] Built Cache.Upload:c.o (137ms)
2026-09-17T00:57:32.5415107Z ✔ [40/42] Built Cache.Main (1.1s)
2026-09-17T00:57:33.4426712Z ✔ [41/42] Built Cache.Main:c.o (987ms)
2026-09-17T00:57:34.2455435Z ✔ [42/42] Built cache:exe (762ms)
2026-09-17T00:57:37.1350327Z Current branch: HEAD
2026-09-17T00:57:37.1350953Z Using cache from origin: (some leanprover-community/mathlib4)
2026-09-17T00:57:37.1351767Z Attempting to download 951 file(s) from leanprover-community/mathlib4 cache at https://cache.mathlib.org/mathlib4-master
2026-09-17T00:57:37.4864973Z 
2026-09-17T00:57:37.5994628Z Downloaded: 1 file(s) [attempted 1/951 = 0%, 128 KB/s], Decompressed: 0
2026-09-17T00:57:37.7177953Z Downloaded: 96 file(s) [attempted 96/951 = 10%, 53 KB/s], Decompressed: 7
2026-09-17T00:57:37.8221290Z Downloaded: 145 file(s) [attempted 145/951 = 15%, 2165 KB/s], Decompressed: 51
2026-09-17T00:57:37.9255895Z Downloaded: 200 file(s) [attempted 200/951 = 21%, 1937 KB/s], Decompressed: 51
2026-09-17T00:57:38.0303066Z Downloaded: 279 file(s) [attempted 279/951 = 29%, 5430 KB/s], Decompressed: 51
2026-09-17T00:57:38.1347527Z Downloaded: 351 file(s) [attempted 351/951 = 36%, 1474 KB/s], Decompressed: 130
2026-09-17T00:57:38.2396265Z Downloaded: 445 file(s) [attempted 445/951 = 46%, 270 KB/s], Decompressed: 130
2026-09-17T00:57:38.3460774Z Downloaded: 534 file(s) [attempted 534/951 = 56%, 131 KB/s], Decompressed: 130
2026-09-17T00:57:38.4472734Z Downloaded: 625 file(s) [attempted 625/951 = 65%, 379 KB/s], Decompressed: 130
2026-09-17T00:57:38.5498684Z Downloaded: 717 file(s) [attempted 717/951 = 75%, 1001 KB/s], Decompressed: 130
2026-09-17T00:57:38.6490731Z Downloaded: 795 file(s) [attempted 795/951 = 83%, 2051 KB/s], Decompressed: 130
2026-09-17T00:57:38.7128031Z Downloaded: 880 file(s) [attempted 880/951 = 92%, 897 KB/s], Decompressed: 130
2026-09-17T00:57:38.7132155Z Downloaded: 951 file(s) [attempted 951/951 = 100%, 897 KB/s], Decompressed: 325
2026-09-17T00:57:40.5338676Z Decompressed 951 file(s)
2026-09-17T00:57:40.5339438Z Already decompressed 951 file(s)
2026-09-17T00:57:40.6037830Z ##[group]Run bash scripts/verify.sh
2026-09-17T00:57:40.6038172Z [36;1mbash scripts/verify.sh[0m
2026-09-17T00:57:40.6077441Z shell: /usr/bin/bash --noprofile --norc -e -o pipefail {0}
2026-09-17T00:57:40.6077790Z ##[endgroup]
2026-09-17T00:57:42.7187726Z ✔ [967/969] Built Adapter (1.2s)
2026-09-17T00:59:02.0140201Z ✔ [968/969] Built JSP000399Triple (79s)
2026-09-17T00:59:02.0155250Z Build completed successfully (969 jobs).
2026-09-17T01:00:25.6521912Z 'JSP000399Triple.witness_card' depends on axioms: [propext, Quot.sound]
2026-09-17T01:00:25.6530268Z 'JSP000399Triple.reflected_card' depends on axioms: [propext, Classical.choice, Quot.sound]
2026-09-17T01:00:25.6531246Z 'JSP000399Triple.witness_ne_reflected' depends on axioms: [propext, Classical.choice, Quot.sound]
2026-09-17T01:00:25.6531893Z 'JSP000399Triple.equal_triple_sums' depends on axioms: [propext, Classical.choice, Quot.sound]
2026-09-17T01:00:25.6532681Z 'JSP000399Triple.complex_counterexample' depends on axioms: [propext, Classical.choice, Quot.sound]
2026-09-17T01:00:25.6533366Z 'JSP000399Triple.not_unique_27_triples' depends on axioms: [propext, Classical.choice, Quot.sound]
2026-09-17T01:00:27.5774331Z Six target axiom audits and all nine dependency revision checks passed.
2026-09-17T01:00:29.3738089Z {
2026-09-17T01:00:29.3738648Z   "A": [
2026-09-17T01:00:29.3739008Z     -20,
2026-09-17T01:00:29.3739576Z     -19,
2026-09-17T01:00:29.3739878Z     -15,
2026-09-17T01:00:29.3740182Z     -13,
2026-09-17T01:00:29.3740494Z     -11,
2026-09-17T01:00:29.3740797Z     -10,
2026-09-17T01:00:29.3741106Z     -8,
2026-09-17T01:00:29.3741411Z     -7,
2026-09-17T01:00:29.3741708Z     -6,
2026-09-17T01:00:29.3742018Z     -5,
2026-09-17T01:00:29.3742319Z     -3,
2026-09-17T01:00:29.3742621Z     -2,
2026-09-17T01:00:29.3742917Z     -1,
2026-09-17T01:00:29.3743227Z     0,
2026-09-17T01:00:29.3743522Z     1,
2026-09-17T01:00:29.3743838Z     2,
2026-09-17T01:00:29.3744122Z     4,
2026-09-17T01:00:29.3744407Z     5,
2026-09-17T01:00:29.3744700Z     6,
2026-09-17T01:00:29.3745009Z     7,
2026-09-17T01:00:29.3745295Z     8,
2026-09-17T01:00:29.3745601Z     9,
2026-09-17T01:00:29.3745869Z     11,
2026-09-17T01:00:29.3746170Z     13,
2026-09-17T01:00:29.3746474Z     15,
2026-09-17T01:00:29.3746773Z     18,
2026-09-17T01:00:29.3747070Z     21
2026-09-17T01:00:29.3747360Z   ],
2026-09-17T01:00:29.3747663Z   "B": [
2026-09-17T01:00:29.3747971Z     -21,
2026-09-17T01:00:29.3748274Z     -18,
2026-09-17T01:00:29.3748574Z     -15,
2026-09-17T01:00:29.3748881Z     -13,
2026-09-17T01:00:29.3749425Z     -11,
2026-09-17T01:00:29.3749718Z     -9,
2026-09-17T01:00:29.3750010Z     -8,
2026-09-17T01:00:29.3750312Z     -7,
2026-09-17T01:00:29.3750610Z     -6,
2026-09-17T01:00:29.3750910Z     -5,
2026-09-17T01:00:29.3751213Z     -4,
2026-09-17T01:00:29.3751512Z     -2,
2026-09-17T01:00:29.3751793Z     -1,
2026-09-17T01:00:29.3752053Z     0,
2026-09-17T01:00:29.3752311Z     1,
2026-09-17T01:00:29.3752593Z     2,
2026-09-17T01:00:29.3752882Z     3,
2026-09-17T01:00:29.3753187Z     5,
2026-09-17T01:00:29.3753805Z     6,
2026-09-17T01:00:29.3754103Z     7,
2026-09-17T01:00:29.3754395Z     8,
2026-09-17T01:00:29.3754687Z     10,
2026-09-17T01:00:29.3754975Z     11,
2026-09-17T01:00:29.3755267Z     13,
2026-09-17T01:00:29.3755555Z     15,
2026-09-17T01:00:29.3755838Z     19,
2026-09-17T01:00:29.3756123Z     20
2026-09-17T01:00:29.3756408Z   ],
2026-09-17T01:00:29.3756716Z   "cardinality": 27,
2026-09-17T01:00:29.3757110Z   "triples_each": 2925,
2026-09-17T01:00:29.3757515Z   "distinct_sums": 105,
2026-09-17T01:00:29.3757894Z   "min_sum": -54,
2026-09-17T01:00:29.3758257Z   "max_sum": 54,
2026-09-17T01:00:29.3758627Z   "zero_multiplicity": 69,
2026-09-17T01:00:29.3759283Z   "equal_with_multiplicity": true,
2026-09-17T01:00:29.3759845Z   "altered_input_rejected": true
2026-09-17T01:00:29.3760261Z }
2026-09-17T01:00:29.3856838Z ##[group]Run bash scripts/verify_nanoda.sh 2>&1 | tee evidence/nanoda-build.log
2026-09-17T01:00:29.3857881Z [36;1mbash scripts/verify_nanoda.sh 2>&1 | tee evidence/nanoda-build.log[0m
2026-09-17T01:00:29.3904870Z shell: /usr/bin/bash --noprofile --norc -e -o pipefail {0}
2026-09-17T01:00:29.3905224Z ##[endgroup]
2026-09-17T01:00:29.9227128Z https://github.com/leanprover/lean4export.git 6cea97789dc088ea47fcea15692db85685aedac5
2026-09-17T01:00:30.3724169Z https://github.com/ammkrn/nanoda_lib.git 4c544ed4099c8227f07d5de77ad1e69fb0740a27
2026-09-17T01:00:34.6191191Z ✔ [2/6] Built Export (4.2s)
2026-09-17T01:00:37.2213023Z ✔ [3/6] Built Export:c.o (2.6s)
2026-09-17T01:00:38.0222652Z ✔ [4/6] Built Main (860ms)
2026-09-17T01:00:38.3226178Z ✔ [5/6] Built Main:c.o (210ms)
2026-09-17T01:00:40.1265580Z ✔ [6/6] Built lean4export:exe (1.8s)
2026-09-17T01:00:40.1269986Z Build completed successfully (6 jobs).
2026-09-17T01:00:40.3603576Z     Updating crates.io index
2026-09-17T01:00:40.5012217Z  Downloading crates ...
2026-09-17T01:00:40.7195520Z   Downloaded itoa v1.0.15
2026-09-17T01:00:40.7262989Z   Downloaded equivalent v1.0.1
2026-09-17T01:00:40.7271440Z   Downloaded cfg-if v1.0.0
2026-09-17T01:00:40.7285493Z   Downloaded ryu v1.0.20
2026-09-17T01:00:40.7317762Z   Downloaded num-traits v0.2.17
2026-09-17T01:00:40.7350043Z   Downloaded indexmap v2.13.0
2026-09-17T01:00:40.7397040Z   Downloaded rand_core v0.6.4
2026-09-17T01:00:40.7412019Z   Downloaded rand_chacha v0.3.1
2026-09-17T01:00:40.7427047Z   Downloaded autocfg v1.1.0
2026-09-17T01:00:40.7454099Z   Downloaded rustc-hash v1.1.0
2026-09-17T01:00:40.7465282Z   Downloaded num-integer v0.1.46
2026-09-17T01:00:40.7481769Z   Downloaded getrandom v0.2.11
2026-09-17T01:00:40.7513412Z   Downloaded quote v1.0.35
2026-09-17T01:00:40.7540846Z   Downloaded semver v1.0.27
2026-09-17T01:00:40.7566065Z   Downloaded unicode-ident v1.0.12
2026-09-17T01:00:40.7593691Z   Downloaded ppv-lite86 v0.2.17
2026-09-17T01:00:40.7608416Z   Downloaded serde_core v1.0.228
2026-09-17T01:00:40.7637311Z   Downloaded proc-macro2 v1.0.103
2026-09-17T01:00:40.7667206Z   Downloaded serde_derive v1.0.228
2026-09-17T01:00:40.7698686Z   Downloaded rand v0.8.5
2026-09-17T01:00:40.7734279Z   Downloaded num-bigint v0.4.4
2026-09-17T01:00:40.7783578Z   Downloaded serde v1.0.228
2026-09-17T01:00:40.7820112Z   Downloaded memchr v2.7.6
2026-09-17T01:00:40.7875236Z   Downloaded hashbrown v0.16.1
2026-09-17T01:00:40.7926141Z   Downloaded serde_json v1.0.145
2026-09-17T01:00:40.8001095Z   Downloaded syn v2.0.111
2026-09-17T01:00:40.8108097Z   Downloaded libc v0.2.180
2026-09-17T01:00:40.8719271Z    Compiling proc-macro2 v1.0.103
2026-09-17T01:00:40.8720729Z    Compiling autocfg v1.1.0
2026-09-17T01:00:40.8728409Z    Compiling unicode-ident v1.0.12
2026-09-17T01:00:40.8729592Z    Compiling serde_core v1.0.228
2026-09-17T01:00:41.0935694Z    Compiling serde v1.0.228
2026-09-17T01:00:41.2126848Z    Compiling num-traits v0.2.17
2026-09-17T01:00:41.2918910Z    Compiling num-bigint v0.4.4
2026-09-17T01:00:41.4250312Z    Compiling serde_json v1.0.145
2026-09-17T01:00:41.6300777Z    Compiling equivalent v1.0.1
2026-09-17T01:00:41.6910303Z    Compiling memchr v2.7.6
2026-09-17T01:00:41.9520259Z    Compiling quote v1.0.35
2026-09-17T01:00:42.1690271Z    Compiling syn v2.0.111
2026-09-17T01:00:42.4113979Z    Compiling num-integer v0.1.46
2026-09-17T01:00:42.6327518Z    Compiling ryu v1.0.20
2026-09-17T01:00:42.8120401Z    Compiling itoa v1.0.15
2026-09-17T01:00:42.8260844Z    Compiling hashbrown v0.16.1
2026-09-17T01:00:42.8935946Z    Compiling semver v1.0.27
2026-09-17T01:00:43.2630408Z    Compiling rustc-hash v1.1.0
2026-09-17T01:00:43.4921874Z    Compiling indexmap v2.13.0
2026-09-17T01:00:44.1309466Z    Compiling serde_derive v1.0.228
2026-09-17T01:00:46.8501964Z    Compiling nanoda_lib v0.4.17 (/tmp/tmp.gZsXPijFhi/checker)
2026-09-17T01:00:59.2938712Z     Finished `release` profile [optimized] target(s) in 19.09s
2026-09-17T01:02:30.3888951Z Checked 8129 declarations with no errors
2026-09-17T01:02:31.2354597Z ##[group]Run set -euo pipefail
2026-09-17T01:02:31.2354936Z [36;1mset -euo pipefail[0m
2026-09-17T01:02:31.2355178Z [36;1mmkdir -p evidence[0m
2026-09-17T01:02:31.2355463Z [36;1mgit rev-parse HEAD > evidence/SOURCE_COMMIT[0m
2026-09-17T01:02:31.2355858Z [36;1mcp lake-manifest.json evidence/lake-manifest.json[0m
2026-09-17T01:02:31.2356225Z [36;1mgit diff --exit-code -- lake-manifest.json[0m
2026-09-17T01:02:31.2356645Z [36;1mtar --exclude=.lake --exclude=evidence -czf evidence/source.tar.gz .[0m
2026-09-17T01:02:31.2357123Z [36;1msha256sum evidence/source.tar.gz > evidence/ARCHIVE_SHA256[0m
2026-09-17T01:02:31.2394091Z shell: /usr/bin/bash --noprofile --norc -e -o pipefail {0}
2026-09-17T01:02:31.2394440Z ##[endgroup]
2026-09-17T01:02:31.2624502Z Node 20 is being deprecated. This workflow is running with Node 24 by default. If you need to temporarily use Node 20, you can set the ACTIONS_ALLOW_USE_UNSECURE_NODE_VERSION=true environment variable. For more information see: https://github.blog/changelog/2025-09-19-deprecation-of-node-20-on-github-actions-runners/
2026-09-17T01:02:31.2626663Z ##[group]Run actions/upload-artifact@ea165f8d65b6e75b540449e92b4886f43607fa02
2026-09-17T01:02:31.2627053Z with:
2026-09-17T01:02:31.2627280Z   name: jsp-000399-27-evidence
2026-09-17T01:02:31.2627534Z   path: projects/jsp-000399-27/evidence
2026-09-17T01:02:31.2627802Z   if-no-files-found: warn
2026-09-17T01:02:31.2628033Z   compression-level: 6
2026-09-17T01:02:31.2628247Z   overwrite: false
2026-09-17T01:02:31.2628459Z   include-hidden-files: false
2026-09-17T01:02:31.2628694Z ##[endgroup]
2026-09-17T01:02:31.5778115Z (node:3999) [DEP0040] DeprecationWarning: The `punycode` module is deprecated. Please use a userland alternative instead.
2026-09-17T01:02:31.5779896Z (Use `node --trace-deprecation ...` to show where the warning was created)
2026-09-17T01:02:31.5916416Z With the provided path, there will be 17 files uploaded
2026-09-17T01:02:31.5922774Z Artifact name is valid!
2026-09-17T01:02:31.5923463Z Root directory input is valid!
2026-09-17T01:02:31.9547341Z Beginning upload of artifact content to blob storage
2026-09-17T01:02:32.1683631Z (node:3999) [DEP0169] DeprecationWarning: `url.parse()` behavior is not standardized and prone to errors that have security implications. Use the WHATWG URL API instead. CVEs are not issued for `url.parse()` vulnerabilities.
2026-09-17T01:02:33.2055691Z Uploaded bytes 5298333
2026-09-17T01:02:33.2916977Z Finished uploading artifact content to blob storage!
2026-09-17T01:02:33.2918148Z SHA256 digest of uploaded artifact zip is a824f500d80c2da8ad6a815b6dd082ff29aa1b78621f443a15fff56652c8e20c
2026-09-17T01:02:33.2920655Z Finalizing artifact upload
2026-09-17T01:02:33.5300720Z Artifact jsp-000399-27-evidence.zip successfully finalized. Artifact ID 10476426358
2026-09-17T01:02:33.5302656Z Artifact jsp-000399-27-evidence has been successfully uploaded! Final size is 5298333 bytes. Artifact ID is 10476426358
2026-09-17T01:02:33.5310030Z Artifact download URL: https://github.com/ketianzhang1-lang/jsp-000301-lean/actions/runs/35168554058/artifacts/10476426358
2026-09-17T01:02:33.5537650Z Node 20 is being deprecated. This workflow is running with Node 24 by default. If you need to temporarily use Node 20, you can set the ACTIONS_ALLOW_USE_UNSECURE_NODE_VERSION=true environment variable. For more information see: https://github.blog/changelog/2025-09-19-deprecation-of-node-20-on-github-actions-runners/
2026-09-17T01:02:33.5539519Z Post job cleanup.
2026-09-17T01:02:33.6467421Z [command]/usr/bin/git version
2026-09-17T01:02:33.6516512Z git version 2.55.0
2026-09-17T01:02:33.6557326Z Temporarily overriding HOME='/home/runner/work/_temp/bae013b8-f9cd-4e2c-843e-9a9049e06469' before making global git config changes
2026-09-17T01:02:33.6558901Z Adding repository directory to the temporary git global config as a safe directory
2026-09-17T01:02:33.6563961Z [command]/usr/bin/git config --global --add safe.directory /home/runner/work/jsp-000301-lean/jsp-000301-lean
2026-09-17T01:02:33.6606730Z [command]/usr/bin/git config --local --name-only --get-regexp core\.sshCommand
2026-09-17T01:02:33.6645942Z [command]/usr/bin/git submodule foreach --recursive sh -c "git config --local --name-only --get-regexp 'core\.sshCommand' && git config --local --unset-all 'core.sshCommand' || :"
2026-09-17T01:02:33.6904112Z [command]/usr/bin/git config --local --name-only --get-regexp http\.https\:\/\/github\.com\/\.extraheader
2026-09-17T01:02:33.6940343Z [command]/usr/bin/git submodule foreach --recursive sh -c "git config --local --name-only --get-regexp 'http\.https\:\/\/github\.com\/\.extraheader' && git config --local --unset-all 'http.https://github.com/.extraheader' || :"
2026-09-17T01:02:33.7196019Z [command]/usr/bin/git config --local --name-only --get-regexp ^includeIf\.gitdir:
2026-09-17T01:02:33.7232192Z [command]/usr/bin/git submodule foreach --recursive git config --local --show-origin --name-only --get-regexp remote.origin.url
2026-09-17T01:02:33.7667637Z Cleaning up orphan processes
2026-09-17T01:02:33.8056524Z ##[warning]Node.js 20 is deprecated. The following actions target Node.js 20 but are being forced to run on Node.js 24: actions/checkout@11d5960a326750d5838078e36cf38b85af677262, actions/upload-artifact@ea165f8d65b6e75b540449e92b4886f43607fa02. For more information see: https://github.blog/changelog/2025-09-19-deprecation-of-node-20-on-github-actions-runners/

